Archive member included to satisfy reference by file (symbol)

c:/siliconlabs/simplicitystudio/v5_2/developer/toolchains/gnu_arm/12.2.rel1_2023.7/bin/../lib/gcc/arm-none-eabi/12.2.1/thumb/v7-m/nofp\libc_nano.a(libc_a-exit.o)
                              c:/siliconlabs/simplicitystudio/v5_2/developer/toolchains/gnu_arm/12.2.rel1_2023.7/bin/../lib/gcc/arm-none-eabi/12.2.1/thumb/v7-m/nofp/crt0.o (exit)
c:/siliconlabs/simplicitystudio/v5_2/developer/toolchains/gnu_arm/12.2.rel1_2023.7/bin/../lib/gcc/arm-none-eabi/12.2.1/thumb/v7-m/nofp\libc_nano.a(libc_a-findfp.o)
                              c:/siliconlabs/simplicitystudio/v5_2/developer/toolchains/gnu_arm/12.2.rel1_2023.7/bin/../lib/gcc/arm-none-eabi/12.2.1/thumb/v7-m/nofp\libc_nano.a(libc_a-exit.o) (__stdio_exit_handler)
c:/siliconlabs/simplicitystudio/v5_2/developer/toolchains/gnu_arm/12.2.rel1_2023.7/bin/../lib/gcc/arm-none-eabi/12.2.1/thumb/v7-m/nofp\libc_nano.a(libc_a-fwalk.o)
                              c:/siliconlabs/simplicitystudio/v5_2/developer/toolchains/gnu_arm/12.2.rel1_2023.7/bin/../lib/gcc/arm-none-eabi/12.2.1/thumb/v7-m/nofp\libc_nano.a(libc_a-findfp.o) (_fwalk_sglue)
c:/siliconlabs/simplicitystudio/v5_2/developer/toolchains/gnu_arm/12.2.rel1_2023.7/bin/../lib/gcc/arm-none-eabi/12.2.1/thumb/v7-m/nofp\libc_nano.a(libc_a-stdio.o)
                              c:/siliconlabs/simplicitystudio/v5_2/developer/toolchains/gnu_arm/12.2.rel1_2023.7/bin/../lib/gcc/arm-none-eabi/12.2.1/thumb/v7-m/nofp\libc_nano.a(libc_a-findfp.o) (__sread)
c:/siliconlabs/simplicitystudio/v5_2/developer/toolchains/gnu_arm/12.2.rel1_2023.7/bin/../lib/gcc/arm-none-eabi/12.2.1/thumb/v7-m/nofp\libc_nano.a(libc_a-memset.o)
                              c:/siliconlabs/simplicitystudio/v5_2/developer/toolchains/gnu_arm/12.2.rel1_2023.7/bin/../lib/gcc/arm-none-eabi/12.2.1/thumb/v7-m/nofp/crt0.o (memset)
c:/siliconlabs/simplicitystudio/v5_2/developer/toolchains/gnu_arm/12.2.rel1_2023.7/bin/../lib/gcc/arm-none-eabi/12.2.1/thumb/v7-m/nofp\libc_nano.a(libc_a-closer.o)
                              c:/siliconlabs/simplicitystudio/v5_2/developer/toolchains/gnu_arm/12.2.rel1_2023.7/bin/../lib/gcc/arm-none-eabi/12.2.1/thumb/v7-m/nofp\libc_nano.a(libc_a-stdio.o) (_close_r)
c:/siliconlabs/simplicitystudio/v5_2/developer/toolchains/gnu_arm/12.2.rel1_2023.7/bin/../lib/gcc/arm-none-eabi/12.2.1/thumb/v7-m/nofp\libc_nano.a(libc_a-reent.o)
                              c:/siliconlabs/simplicitystudio/v5_2/developer/toolchains/gnu_arm/12.2.rel1_2023.7/bin/../lib/gcc/arm-none-eabi/12.2.1/thumb/v7-m/nofp\libc_nano.a(libc_a-closer.o) (errno)
c:/siliconlabs/simplicitystudio/v5_2/developer/toolchains/gnu_arm/12.2.rel1_2023.7/bin/../lib/gcc/arm-none-eabi/12.2.1/thumb/v7-m/nofp\libc_nano.a(libc_a-impure.o)
                              c:/siliconlabs/simplicitystudio/v5_2/developer/toolchains/gnu_arm/12.2.rel1_2023.7/bin/../lib/gcc/arm-none-eabi/12.2.1/thumb/v7-m/nofp\libc_nano.a(libc_a-reent.o) (_impure_ptr)
c:/siliconlabs/simplicitystudio/v5_2/developer/toolchains/gnu_arm/12.2.rel1_2023.7/bin/../lib/gcc/arm-none-eabi/12.2.1/thumb/v7-m/nofp\libc_nano.a(libc_a-lseekr.o)
                              c:/siliconlabs/simplicitystudio/v5_2/developer/toolchains/gnu_arm/12.2.rel1_2023.7/bin/../lib/gcc/arm-none-eabi/12.2.1/thumb/v7-m/nofp\libc_nano.a(libc_a-stdio.o) (_lseek_r)
c:/siliconlabs/simplicitystudio/v5_2/developer/toolchains/gnu_arm/12.2.rel1_2023.7/bin/../lib/gcc/arm-none-eabi/12.2.1/thumb/v7-m/nofp\libc_nano.a(libc_a-readr.o)
                              c:/siliconlabs/simplicitystudio/v5_2/developer/toolchains/gnu_arm/12.2.rel1_2023.7/bin/../lib/gcc/arm-none-eabi/12.2.1/thumb/v7-m/nofp\libc_nano.a(libc_a-stdio.o) (_read_r)
c:/siliconlabs/simplicitystudio/v5_2/developer/toolchains/gnu_arm/12.2.rel1_2023.7/bin/../lib/gcc/arm-none-eabi/12.2.1/thumb/v7-m/nofp\libc_nano.a(libc_a-writer.o)
                              c:/siliconlabs/simplicitystudio/v5_2/developer/toolchains/gnu_arm/12.2.rel1_2023.7/bin/../lib/gcc/arm-none-eabi/12.2.1/thumb/v7-m/nofp\libc_nano.a(libc_a-stdio.o) (_write_r)
c:/siliconlabs/simplicitystudio/v5_2/developer/toolchains/gnu_arm/12.2.rel1_2023.7/bin/../lib/gcc/arm-none-eabi/12.2.1/thumb/v7-m/nofp\libc_nano.a(libc_a-init.o)
                              c:/siliconlabs/simplicitystudio/v5_2/developer/toolchains/gnu_arm/12.2.rel1_2023.7/bin/../lib/gcc/arm-none-eabi/12.2.1/thumb/v7-m/nofp/crt0.o (__libc_init_array)
c:/siliconlabs/simplicitystudio/v5_2/developer/toolchains/gnu_arm/12.2.rel1_2023.7/bin/../lib/gcc/arm-none-eabi/12.2.1/thumb/v7-m/nofp\libc_nano.a(libc_a-lock.o)
                              c:/siliconlabs/simplicitystudio/v5_2/developer/toolchains/gnu_arm/12.2.rel1_2023.7/bin/../lib/gcc/arm-none-eabi/12.2.1/thumb/v7-m/nofp\libc_nano.a(libc_a-findfp.o) (__retarget_lock_init_recursive)
c:/siliconlabs/simplicitystudio/v5_2/developer/toolchains/gnu_arm/12.2.rel1_2023.7/bin/../lib/gcc/arm-none-eabi/12.2.1/thumb/v7-m/nofp\libc_nano.a(libc_a-freer.o)
                              c:/siliconlabs/simplicitystudio/v5_2/developer/toolchains/gnu_arm/12.2.rel1_2023.7/bin/../lib/gcc/arm-none-eabi/12.2.1/thumb/v7-m/nofp\libc_nano.a(libc_a-reent.o) (_free_r)
c:/siliconlabs/simplicitystudio/v5_2/developer/toolchains/gnu_arm/12.2.rel1_2023.7/bin/../lib/gcc/arm-none-eabi/12.2.1/thumb/v7-m/nofp\libc_nano.a(libc_a-mallocr.o)
                              c:/siliconlabs/simplicitystudio/v5_2/developer/toolchains/gnu_arm/12.2.rel1_2023.7/bin/../lib/gcc/arm-none-eabi/12.2.1/thumb/v7-m/nofp\libc_nano.a(libc_a-findfp.o) (_malloc_r)
c:/siliconlabs/simplicitystudio/v5_2/developer/toolchains/gnu_arm/12.2.rel1_2023.7/bin/../lib/gcc/arm-none-eabi/12.2.1/thumb/v7-m/nofp\libc_nano.a(libc_a-mlock.o)
                              c:/siliconlabs/simplicitystudio/v5_2/developer/toolchains/gnu_arm/12.2.rel1_2023.7/bin/../lib/gcc/arm-none-eabi/12.2.1/thumb/v7-m/nofp\libc_nano.a(libc_a-freer.o) (__malloc_lock)
c:/siliconlabs/simplicitystudio/v5_2/developer/toolchains/gnu_arm/12.2.rel1_2023.7/bin/../lib/gcc/arm-none-eabi/12.2.1/thumb/v7-m/nofp\libc_nano.a(libc_a-fflush.o)
                              c:/siliconlabs/simplicitystudio/v5_2/developer/toolchains/gnu_arm/12.2.rel1_2023.7/bin/../lib/gcc/arm-none-eabi/12.2.1/thumb/v7-m/nofp\libc_nano.a(libc_a-findfp.o) (_fflush_r)
c:/siliconlabs/simplicitystudio/v5_2/developer/toolchains/gnu_arm/12.2.rel1_2023.7/bin/../lib/gcc/arm-none-eabi/12.2.1/thumb/v7-m/nofp\libc_nano.a(libc_a-sbrkr.o)
                              c:/siliconlabs/simplicitystudio/v5_2/developer/toolchains/gnu_arm/12.2.rel1_2023.7/bin/../lib/gcc/arm-none-eabi/12.2.1/thumb/v7-m/nofp\libc_nano.a(libc_a-mallocr.o) (_sbrk_r)
c:/siliconlabs/simplicitystudio/v5_2/developer/toolchains/gnu_arm/12.2.rel1_2023.7/bin/../lib/gcc/arm-none-eabi/12.2.1/thumb/v7-m/nofp\libnosys.a(sbrk.o)
                              c:/siliconlabs/simplicitystudio/v5_2/developer/toolchains/gnu_arm/12.2.rel1_2023.7/bin/../lib/gcc/arm-none-eabi/12.2.1/thumb/v7-m/nofp\libc_nano.a(libc_a-sbrkr.o) (_sbrk)
c:/siliconlabs/simplicitystudio/v5_2/developer/toolchains/gnu_arm/12.2.rel1_2023.7/bin/../lib/gcc/arm-none-eabi/12.2.1/thumb/v7-m/nofp\libnosys.a(_exit.o)
                              c:/siliconlabs/simplicitystudio/v5_2/developer/toolchains/gnu_arm/12.2.rel1_2023.7/bin/../lib/gcc/arm-none-eabi/12.2.1/thumb/v7-m/nofp\libc_nano.a(libc_a-exit.o) (_exit)

Discarded input sections

 .text          0x00000000        0x0 c:/siliconlabs/simplicitystudio/v5_2/developer/toolchains/gnu_arm/12.2.rel1_2023.7/bin/../lib/gcc/arm-none-eabi/12.2.1/thumb/v7-m/nofp/crti.o
 .data          0x00000000        0x0 c:/siliconlabs/simplicitystudio/v5_2/developer/toolchains/gnu_arm/12.2.rel1_2023.7/bin/../lib/gcc/arm-none-eabi/12.2.1/thumb/v7-m/nofp/crti.o
 .bss           0x00000000        0x0 c:/siliconlabs/simplicitystudio/v5_2/developer/toolchains/gnu_arm/12.2.rel1_2023.7/bin/../lib/gcc/arm-none-eabi/12.2.1/thumb/v7-m/nofp/crti.o
 .text          0x00000000        0x0 c:/siliconlabs/simplicitystudio/v5_2/developer/toolchains/gnu_arm/12.2.rel1_2023.7/bin/../lib/gcc/arm-none-eabi/12.2.1/thumb/v7-m/nofp/crtbegin.o
 .data          0x00000000        0x0 c:/siliconlabs/simplicitystudio/v5_2/developer/toolchains/gnu_arm/12.2.rel1_2023.7/bin/../lib/gcc/arm-none-eabi/12.2.1/thumb/v7-m/nofp/crtbegin.o
 .bss           0x00000000        0x0 c:/siliconlabs/simplicitystudio/v5_2/developer/toolchains/gnu_arm/12.2.rel1_2023.7/bin/../lib/gcc/arm-none-eabi/12.2.1/thumb/v7-m/nofp/crtbegin.o
 .rodata.all_implied_fbits
                0x00000000       0x24 c:/siliconlabs/simplicitystudio/v5_2/developer/toolchains/gnu_arm/12.2.rel1_2023.7/bin/../lib/gcc/arm-none-eabi/12.2.1/thumb/v7-m/nofp/crtbegin.o
 .data.__dso_handle
                0x00000000        0x4 c:/siliconlabs/simplicitystudio/v5_2/developer/toolchains/gnu_arm/12.2.rel1_2023.7/bin/../lib/gcc/arm-none-eabi/12.2.1/thumb/v7-m/nofp/crtbegin.o
 .data          0x00000000        0x0 c:/siliconlabs/simplicitystudio/v5_2/developer/toolchains/gnu_arm/12.2.rel1_2023.7/bin/../lib/gcc/arm-none-eabi/12.2.1/thumb/v7-m/nofp/crt0.o
 .bss           0x00000000        0x0 c:/siliconlabs/simplicitystudio/v5_2/developer/toolchains/gnu_arm/12.2.rel1_2023.7/bin/../lib/gcc/arm-none-eabi/12.2.1/thumb/v7-m/nofp/crt0.o
 .ARM.extab     0x00000000        0x0 c:/siliconlabs/simplicitystudio/v5_2/developer/toolchains/gnu_arm/12.2.rel1_2023.7/bin/../lib/gcc/arm-none-eabi/12.2.1/thumb/v7-m/nofp/crt0.o
 .data          0x00000000        0x0 ./CMSIS/EFM32GG/startup_efm32gg.o
 .bss           0x00000000        0x0 ./CMSIS/EFM32GG/startup_efm32gg.o
 .text          0x00000000        0x0 ./CMSIS/EFM32GG/system_efm32gg.o
 .data          0x00000000        0x0 ./CMSIS/EFM32GG/system_efm32gg.o
 .bss           0x00000000        0x0 ./CMSIS/EFM32GG/system_efm32gg.o
 .text.SystemMaxCoreClockGet
                0x00000000       0x14 ./CMSIS/EFM32GG/system_efm32gg.o
 .text.SystemHFXOClockGet
                0x00000000       0x14 ./CMSIS/EFM32GG/system_efm32gg.o
 .text.SystemHFXOClockSet
                0x00000000       0x30 ./CMSIS/EFM32GG/system_efm32gg.o
 .text.SystemLFXOClockSet
                0x00000000       0x30 ./CMSIS/EFM32GG/system_efm32gg.o
 .text          0x00000000        0x0 ./em_gpio.o
 .data          0x00000000        0x0 ./em_gpio.o
 .bss           0x00000000        0x0 ./em_gpio.o
 .text.GPIO_EM4SetPinRetention
                0x00000000       0x24 ./em_gpio.o
 .text.GPIO_DbgLocationSet
                0x00000000       0x2c ./em_gpio.o
 .text.GPIO_DriveModeSet
                0x00000000       0x70 ./em_gpio.o
 .text.GPIO_PinModeGet
                0x00000000       0x8c ./em_gpio.o
 .text.GPIO_EM4EnablePinWakeup
                0x00000000       0x5c ./em_gpio.o
 .text          0x00000000        0x0 ./emlib/em_cmu.o
 .data          0x00000000        0x0 ./emlib/em_cmu.o
 .bss           0x00000000        0x0 ./emlib/em_cmu.o
 .text.BUS_RegMaskedWrite
                0x00000000       0x28 ./emlib/em_cmu.o
 .data.lfxo_precision
                0x00000000        0x2 ./emlib/em_cmu.o
 .text.flashWaitStateControl
                0x00000000       0x98 ./emlib/em_cmu.o
 .text.flashWaitStateMax
                0x00000000       0x44 ./emlib/em_cmu.o
 .text.CMU_UpdateWaitStates
                0x00000000       0x40 ./emlib/em_cmu.o
 .text.hfperClkSafePrescaler
                0x00000000        0xc ./emlib/em_cmu.o
 .text.hfperClkOptimizedPrescaler
                0x00000000        0xc ./emlib/em_cmu.o
 .text.CMU_AUXHFRCOBandGet
                0x00000000       0x1c ./emlib/em_cmu.o
 .text.CMU_AUXHFRCOBandSet
                0x00000000       0xac ./emlib/em_cmu.o
 .text.CMU_Calibrate
                0x00000000       0x88 ./emlib/em_cmu.o
 .text.CMU_CalibrateConfig
                0x00000000       0xd8 ./emlib/em_cmu.o
 .text.CMU_CalibrateCountGet
                0x00000000       0x38 ./emlib/em_cmu.o
 .text.CMU_ClockDivSet
                0x00000000      0x26c ./emlib/em_cmu.o
 .text.CMU_ClockSelectSet
                0x00000000      0x2a0 ./emlib/em_cmu.o
 .text.CMU_LF_ClockPrecisionGet
                0x00000000       0x38 ./emlib/em_cmu.o
 .text.CMU_FreezeEnable
                0x00000000       0x38 ./emlib/em_cmu.o
 .text.CMU_HFRCOBandGet
                0x00000000       0x1c ./emlib/em_cmu.o
 .text.CMU_HFRCOBandSet
                0x00000000       0xd4 ./emlib/em_cmu.o
 .text.CMU_HFRCOStartupDelayGet
                0x00000000       0x1c ./emlib/em_cmu.o
 .text.CMU_HFRCOStartupDelaySet
                0x00000000       0x30 ./emlib/em_cmu.o
 .text.CMU_HFXOInit
                0x00000000       0x5c ./emlib/em_cmu.o
 .text.CMU_LCDClkFDIVGet
                0x00000000       0x18 ./emlib/em_cmu.o
 .text.CMU_LCDClkFDIVSet
                0x00000000       0x3c ./emlib/em_cmu.o
 .text.CMU_LFXOInit
                0x00000000       0x84 ./emlib/em_cmu.o
 .text.CMU_LFXOPrecisionSet
                0x00000000       0x20 ./emlib/em_cmu.o
 .text.CMU_OscillatorEnable
                0x00000000       0xbc ./emlib/em_cmu.o
 .text.CMU_OscillatorTuningGet
                0x00000000       0x54 ./emlib/em_cmu.o
 .text.CMU_OscillatorTuningSet
                0x00000000       0x7c ./emlib/em_cmu.o
 .text.CMU_PCNTClockExternalGet
                0x00000000       0x68 ./emlib/em_cmu.o
 .text.CMU_PCNTClockExternalSet
                0x00000000       0x38 ./emlib/em_cmu.o
 .text          0x00000000        0x0 ./emlib/em_core.o
 .data          0x00000000        0x0 ./emlib/em_core.o
 .bss           0x00000000        0x0 ./emlib/em_core.o
 .text.__NVIC_GetPriority
                0x00000000       0x4c ./emlib/em_core.o
 .text.CORE_CriticalDisableIrq
                0x00000000       0x10 ./emlib/em_core.o
 .text.CORE_CriticalEnableIrq
                0x00000000       0x10 ./emlib/em_core.o
 .text.CORE_EnterCritical
                0x00000000       0x20 ./emlib/em_core.o
 .text.CORE_ExitCritical
                0x00000000       0x1c ./emlib/em_core.o
 .text.CORE_YieldCritical
                0x00000000       0x2e ./emlib/em_core.o
 .text.CORE_AtomicDisableIrq
                0x00000000       0x10 ./emlib/em_core.o
 .text.CORE_AtomicEnableIrq
                0x00000000       0x10 ./emlib/em_core.o
 .text.CORE_EnterAtomic
                0x00000000       0x20 ./emlib/em_core.o
 .text.CORE_ExitAtomic
                0x00000000       0x1c ./emlib/em_core.o
 .text.CORE_YieldAtomic
                0x00000000       0x2e ./emlib/em_core.o
 .text.CORE_EnterNvicMask
                0x00000000       0x3c ./emlib/em_core.o
 .text.CORE_NvicDisableMask
                0x00000000       0x2c ./emlib/em_core.o
 .text.CORE_NvicEnableMask
                0x00000000       0x2c ./emlib/em_core.o
 .text.CORE_YieldNvicMask
                0x00000000       0x8c ./emlib/em_core.o
 .text.CORE_NvicMaskSetIRQ
                0x00000000       0x4a ./emlib/em_core.o
 .text.CORE_NvicMaskClearIRQ
                0x00000000       0x4c ./emlib/em_core.o
 .text.CORE_InIrqContext
                0x00000000       0x24 ./emlib/em_core.o
 .text.CORE_IrqIsBlocked
                0x00000000       0xa8 ./emlib/em_core.o
 .text.CORE_IrqIsDisabled
                0x00000000       0x26 ./emlib/em_core.o
 .text.CORE_GetNvicEnabledMask
                0x00000000       0x2c ./emlib/em_core.o
 .text.CORE_GetNvicMaskDisableState
                0x00000000       0x54 ./emlib/em_core.o
 .text.CORE_NvicIRQDisabled
                0x00000000       0x50 ./emlib/em_core.o
 .text.CORE_GetNvicRamTableHandler
                0x00000000       0x38 ./emlib/em_core.o
 .text.CORE_SetNvicRamTableHandler
                0x00000000       0x40 ./emlib/em_core.o
 .text.CORE_InitNvicVectorTable
                0x00000000       0xc4 ./emlib/em_core.o
 .debug_info    0x00000000      0xd72 ./emlib/em_core.o
 .debug_abbrev  0x00000000      0x276 ./emlib/em_core.o
 .debug_loc     0x00000000      0x88c ./emlib/em_core.o
 .debug_aranges
                0x00000000       0xe8 ./emlib/em_core.o
 .debug_ranges  0x00000000       0xd8 ./emlib/em_core.o
 .debug_line    0x00000000      0x859 ./emlib/em_core.o
 .debug_str     0x00000000      0x88f ./emlib/em_core.o
 .comment       0x00000000       0x46 ./emlib/em_core.o
 .debug_frame   0x00000000      0x3dc ./emlib/em_core.o
 .ARM.attributes
                0x00000000       0x2d ./emlib/em_core.o
 .text          0x00000000        0x0 ./emlib/em_msc.o
 .data          0x00000000        0x0 ./emlib/em_msc.o
 .bss           0x00000000        0x0 ./emlib/em_msc.o
 .ram           0x00000000       0x8c ./emlib/em_msc.o
 .text.MSC_ExecConfigSet
                0x00000000       0xdc ./emlib/em_msc.o
 .text.MSC_WriteWordFast
                0x00000000       0x20 ./emlib/em_msc.o
 .text          0x00000000        0x0 ./emlib/em_system.o
 .data          0x00000000        0x0 ./emlib/em_system.o
 .bss           0x00000000        0x0 ./emlib/em_system.o
 .text.SYSTEM_GetCalibrationValue
                0x00000000       0x58 ./emlib/em_system.o
 .text.SYSTEM_GetSecurityCapability
                0x00000000        0xe ./emlib/em_system.o
 .text          0x00000000        0x0 ./src/main.o
 .data          0x00000000        0x0 ./src/main.o
 .bss           0x00000000        0x0 ./src/main.o
 .text          0x00000000        0x0 ./src/syscalls.o
 .data          0x00000000        0x0 ./src/syscalls.o
 .bss           0x00000000        0x0 ./src/syscalls.o
 .text._write   0x00000000       0x18 ./src/syscalls.o
 .text._read    0x00000000       0x18 ./src/syscalls.o
 .text._close   0x00000000       0x16 ./src/syscalls.o
 .text._lseek   0x00000000       0x1a ./src/syscalls.o
 .debug_info    0x00000000      0x18f ./src/syscalls.o
 .debug_abbrev  0x00000000       0x91 ./src/syscalls.o
 .debug_loc     0x00000000      0x170 ./src/syscalls.o
 .debug_aranges
                0x00000000       0x38 ./src/syscalls.o
 .debug_ranges  0x00000000       0x28 ./src/syscalls.o
 .debug_line    0x00000000       0x8c ./src/syscalls.o
 .debug_str     0x00000000      0x1d7 ./src/syscalls.o
 .comment       0x00000000       0x46 ./src/syscalls.o
 .debug_frame   0x00000000       0xb0 ./src/syscalls.o
 .ARM.attributes
                0x00000000       0x2d ./src/syscalls.o
 .text          0x00000000        0x0 c:/siliconlabs/simplicitystudio/v5_2/developer/toolchains/gnu_arm/12.2.rel1_2023.7/bin/../lib/gcc/arm-none-eabi/12.2.1/thumb/v7-m/nofp\libc_nano.a(libc_a-exit.o)
 .data          0x00000000        0x0 c:/siliconlabs/simplicitystudio/v5_2/developer/toolchains/gnu_arm/12.2.rel1_2023.7/bin/../lib/gcc/arm-none-eabi/12.2.1/thumb/v7-m/nofp\libc_nano.a(libc_a-exit.o)
 .bss           0x00000000        0x0 c:/siliconlabs/simplicitystudio/v5_2/developer/toolchains/gnu_arm/12.2.rel1_2023.7/bin/../lib/gcc/arm-none-eabi/12.2.1/thumb/v7-m/nofp\libc_nano.a(libc_a-exit.o)
 .text          0x00000000        0x0 c:/siliconlabs/simplicitystudio/v5_2/developer/toolchains/gnu_arm/12.2.rel1_2023.7/bin/../lib/gcc/arm-none-eabi/12.2.1/thumb/v7-m/nofp\libc_nano.a(libc_a-findfp.o)
 .data          0x00000000        0x0 c:/siliconlabs/simplicitystudio/v5_2/developer/toolchains/gnu_arm/12.2.rel1_2023.7/bin/../lib/gcc/arm-none-eabi/12.2.1/thumb/v7-m/nofp\libc_nano.a(libc_a-findfp.o)
 .bss           0x00000000        0x0 c:/siliconlabs/simplicitystudio/v5_2/developer/toolchains/gnu_arm/12.2.rel1_2023.7/bin/../lib/gcc/arm-none-eabi/12.2.1/thumb/v7-m/nofp\libc_nano.a(libc_a-findfp.o)
 .text.std      0x00000000       0x6c c:/siliconlabs/simplicitystudio/v5_2/developer/toolchains/gnu_arm/12.2.rel1_2023.7/bin/../lib/gcc/arm-none-eabi/12.2.1/thumb/v7-m/nofp\libc_nano.a(libc_a-findfp.o)
 .text.stdio_exit_handler
                0x00000000       0x18 c:/siliconlabs/simplicitystudio/v5_2/developer/toolchains/gnu_arm/12.2.rel1_2023.7/bin/../lib/gcc/arm-none-eabi/12.2.1/thumb/v7-m/nofp\libc_nano.a(libc_a-findfp.o)
 .text.cleanup_stdio
                0x00000000       0x40 c:/siliconlabs/simplicitystudio/v5_2/developer/toolchains/gnu_arm/12.2.rel1_2023.7/bin/../lib/gcc/arm-none-eabi/12.2.1/thumb/v7-m/nofp\libc_nano.a(libc_a-findfp.o)
 .text.__fp_lock
                0x00000000       0x18 c:/siliconlabs/simplicitystudio/v5_2/developer/toolchains/gnu_arm/12.2.rel1_2023.7/bin/../lib/gcc/arm-none-eabi/12.2.1/thumb/v7-m/nofp\libc_nano.a(libc_a-findfp.o)
 .text.__fp_unlock
                0x00000000       0x18 c:/siliconlabs/simplicitystudio/v5_2/developer/toolchains/gnu_arm/12.2.rel1_2023.7/bin/../lib/gcc/arm-none-eabi/12.2.1/thumb/v7-m/nofp\libc_nano.a(libc_a-findfp.o)
 .text.global_stdio_init.part.0
                0x00000000       0x3c c:/siliconlabs/simplicitystudio/v5_2/developer/toolchains/gnu_arm/12.2.rel1_2023.7/bin/../lib/gcc/arm-none-eabi/12.2.1/thumb/v7-m/nofp\libc_nano.a(libc_a-findfp.o)
 .text.__sfp_lock_acquire
                0x00000000        0xc c:/siliconlabs/simplicitystudio/v5_2/developer/toolchains/gnu_arm/12.2.rel1_2023.7/bin/../lib/gcc/arm-none-eabi/12.2.1/thumb/v7-m/nofp\libc_nano.a(libc_a-findfp.o)
 .text.__sfp_lock_release
                0x00000000        0xc c:/siliconlabs/simplicitystudio/v5_2/developer/toolchains/gnu_arm/12.2.rel1_2023.7/bin/../lib/gcc/arm-none-eabi/12.2.1/thumb/v7-m/nofp\libc_nano.a(libc_a-findfp.o)
 .text.__sfp    0x00000000       0xa4 c:/siliconlabs/simplicitystudio/v5_2/developer/toolchains/gnu_arm/12.2.rel1_2023.7/bin/../lib/gcc/arm-none-eabi/12.2.1/thumb/v7-m/nofp\libc_nano.a(libc_a-findfp.o)
 .text.__sinit  0x00000000       0x30 c:/siliconlabs/simplicitystudio/v5_2/developer/toolchains/gnu_arm/12.2.rel1_2023.7/bin/../lib/gcc/arm-none-eabi/12.2.1/thumb/v7-m/nofp\libc_nano.a(libc_a-findfp.o)
 .text.__fp_lock_all
                0x00000000       0x1c c:/siliconlabs/simplicitystudio/v5_2/developer/toolchains/gnu_arm/12.2.rel1_2023.7/bin/../lib/gcc/arm-none-eabi/12.2.1/thumb/v7-m/nofp\libc_nano.a(libc_a-findfp.o)
 .text.__fp_unlock_all
                0x00000000       0x1c c:/siliconlabs/simplicitystudio/v5_2/developer/toolchains/gnu_arm/12.2.rel1_2023.7/bin/../lib/gcc/arm-none-eabi/12.2.1/thumb/v7-m/nofp\libc_nano.a(libc_a-findfp.o)
 .data.__sglue  0x00000000        0xc c:/siliconlabs/simplicitystudio/v5_2/developer/toolchains/gnu_arm/12.2.rel1_2023.7/bin/../lib/gcc/arm-none-eabi/12.2.1/thumb/v7-m/nofp\libc_nano.a(libc_a-findfp.o)
 .bss.__sf      0x00000000      0x138 c:/siliconlabs/simplicitystudio/v5_2/developer/toolchains/gnu_arm/12.2.rel1_2023.7/bin/../lib/gcc/arm-none-eabi/12.2.1/thumb/v7-m/nofp\libc_nano.a(libc_a-findfp.o)
 .text          0x00000000        0x0 c:/siliconlabs/simplicitystudio/v5_2/developer/toolchains/gnu_arm/12.2.rel1_2023.7/bin/../lib/gcc/arm-none-eabi/12.2.1/thumb/v7-m/nofp\libc_nano.a(libc_a-fwalk.o)
 .data          0x00000000        0x0 c:/siliconlabs/simplicitystudio/v5_2/developer/toolchains/gnu_arm/12.2.rel1_2023.7/bin/../lib/gcc/arm-none-eabi/12.2.1/thumb/v7-m/nofp\libc_nano.a(libc_a-fwalk.o)
 .bss           0x00000000        0x0 c:/siliconlabs/simplicitystudio/v5_2/developer/toolchains/gnu_arm/12.2.rel1_2023.7/bin/../lib/gcc/arm-none-eabi/12.2.1/thumb/v7-m/nofp\libc_nano.a(libc_a-fwalk.o)
 .text._fwalk_sglue
                0x00000000       0x3c c:/siliconlabs/simplicitystudio/v5_2/developer/toolchains/gnu_arm/12.2.rel1_2023.7/bin/../lib/gcc/arm-none-eabi/12.2.1/thumb/v7-m/nofp\libc_nano.a(libc_a-fwalk.o)
 .debug_frame   0x00000000       0x34 c:/siliconlabs/simplicitystudio/v5_2/developer/toolchains/gnu_arm/12.2.rel1_2023.7/bin/../lib/gcc/arm-none-eabi/12.2.1/thumb/v7-m/nofp\libc_nano.a(libc_a-fwalk.o)
 .ARM.attributes
                0x00000000       0x2d c:/siliconlabs/simplicitystudio/v5_2/developer/toolchains/gnu_arm/12.2.rel1_2023.7/bin/../lib/gcc/arm-none-eabi/12.2.1/thumb/v7-m/nofp\libc_nano.a(libc_a-fwalk.o)
 .text          0x00000000        0x0 c:/siliconlabs/simplicitystudio/v5_2/developer/toolchains/gnu_arm/12.2.rel1_2023.7/bin/../lib/gcc/arm-none-eabi/12.2.1/thumb/v7-m/nofp\libc_nano.a(libc_a-stdio.o)
 .data          0x00000000        0x0 c:/siliconlabs/simplicitystudio/v5_2/developer/toolchains/gnu_arm/12.2.rel1_2023.7/bin/../lib/gcc/arm-none-eabi/12.2.1/thumb/v7-m/nofp\libc_nano.a(libc_a-stdio.o)
 .bss           0x00000000        0x0 c:/siliconlabs/simplicitystudio/v5_2/developer/toolchains/gnu_arm/12.2.rel1_2023.7/bin/../lib/gcc/arm-none-eabi/12.2.1/thumb/v7-m/nofp\libc_nano.a(libc_a-stdio.o)
 .text.__sread  0x00000000       0x22 c:/siliconlabs/simplicitystudio/v5_2/developer/toolchains/gnu_arm/12.2.rel1_2023.7/bin/../lib/gcc/arm-none-eabi/12.2.1/thumb/v7-m/nofp\libc_nano.a(libc_a-stdio.o)
 .text.__seofread
                0x00000000        0x4 c:/siliconlabs/simplicitystudio/v5_2/developer/toolchains/gnu_arm/12.2.rel1_2023.7/bin/../lib/gcc/arm-none-eabi/12.2.1/thumb/v7-m/nofp\libc_nano.a(libc_a-stdio.o)
 .text.__swrite
                0x00000000       0x38 c:/siliconlabs/simplicitystudio/v5_2/developer/toolchains/gnu_arm/12.2.rel1_2023.7/bin/../lib/gcc/arm-none-eabi/12.2.1/thumb/v7-m/nofp\libc_nano.a(libc_a-stdio.o)
 .text.__sseek  0x00000000       0x24 c:/siliconlabs/simplicitystudio/v5_2/developer/toolchains/gnu_arm/12.2.rel1_2023.7/bin/../lib/gcc/arm-none-eabi/12.2.1/thumb/v7-m/nofp\libc_nano.a(libc_a-stdio.o)
 .text.__sclose
                0x00000000        0x8 c:/siliconlabs/simplicitystudio/v5_2/developer/toolchains/gnu_arm/12.2.rel1_2023.7/bin/../lib/gcc/arm-none-eabi/12.2.1/thumb/v7-m/nofp\libc_nano.a(libc_a-stdio.o)
 .debug_frame   0x00000000       0x88 c:/siliconlabs/simplicitystudio/v5_2/developer/toolchains/gnu_arm/12.2.rel1_2023.7/bin/../lib/gcc/arm-none-eabi/12.2.1/thumb/v7-m/nofp\libc_nano.a(libc_a-stdio.o)
 .ARM.attributes
                0x00000000       0x2d c:/siliconlabs/simplicitystudio/v5_2/developer/toolchains/gnu_arm/12.2.rel1_2023.7/bin/../lib/gcc/arm-none-eabi/12.2.1/thumb/v7-m/nofp\libc_nano.a(libc_a-stdio.o)
 .text          0x00000000        0x0 c:/siliconlabs/simplicitystudio/v5_2/developer/toolchains/gnu_arm/12.2.rel1_2023.7/bin/../lib/gcc/arm-none-eabi/12.2.1/thumb/v7-m/nofp\libc_nano.a(libc_a-memset.o)
 .data          0x00000000        0x0 c:/siliconlabs/simplicitystudio/v5_2/developer/toolchains/gnu_arm/12.2.rel1_2023.7/bin/../lib/gcc/arm-none-eabi/12.2.1/thumb/v7-m/nofp\libc_nano.a(libc_a-memset.o)
 .bss           0x00000000        0x0 c:/siliconlabs/simplicitystudio/v5_2/developer/toolchains/gnu_arm/12.2.rel1_2023.7/bin/../lib/gcc/arm-none-eabi/12.2.1/thumb/v7-m/nofp\libc_nano.a(libc_a-memset.o)
 .text          0x00000000        0x0 c:/siliconlabs/simplicitystudio/v5_2/developer/toolchains/gnu_arm/12.2.rel1_2023.7/bin/../lib/gcc/arm-none-eabi/12.2.1/thumb/v7-m/nofp\libc_nano.a(libc_a-closer.o)
 .data          0x00000000        0x0 c:/siliconlabs/simplicitystudio/v5_2/developer/toolchains/gnu_arm/12.2.rel1_2023.7/bin/../lib/gcc/arm-none-eabi/12.2.1/thumb/v7-m/nofp\libc_nano.a(libc_a-closer.o)
 .bss           0x00000000        0x0 c:/siliconlabs/simplicitystudio/v5_2/developer/toolchains/gnu_arm/12.2.rel1_2023.7/bin/../lib/gcc/arm-none-eabi/12.2.1/thumb/v7-m/nofp\libc_nano.a(libc_a-closer.o)
 .text._close_r
                0x00000000       0x20 c:/siliconlabs/simplicitystudio/v5_2/developer/toolchains/gnu_arm/12.2.rel1_2023.7/bin/../lib/gcc/arm-none-eabi/12.2.1/thumb/v7-m/nofp\libc_nano.a(libc_a-closer.o)
 .debug_frame   0x00000000       0x2c c:/siliconlabs/simplicitystudio/v5_2/developer/toolchains/gnu_arm/12.2.rel1_2023.7/bin/../lib/gcc/arm-none-eabi/12.2.1/thumb/v7-m/nofp\libc_nano.a(libc_a-closer.o)
 .ARM.attributes
                0x00000000       0x2d c:/siliconlabs/simplicitystudio/v5_2/developer/toolchains/gnu_arm/12.2.rel1_2023.7/bin/../lib/gcc/arm-none-eabi/12.2.1/thumb/v7-m/nofp\libc_nano.a(libc_a-closer.o)
 .text          0x00000000        0x0 c:/siliconlabs/simplicitystudio/v5_2/developer/toolchains/gnu_arm/12.2.rel1_2023.7/bin/../lib/gcc/arm-none-eabi/12.2.1/thumb/v7-m/nofp\libc_nano.a(libc_a-reent.o)
 .data          0x00000000        0x0 c:/siliconlabs/simplicitystudio/v5_2/developer/toolchains/gnu_arm/12.2.rel1_2023.7/bin/../lib/gcc/arm-none-eabi/12.2.1/thumb/v7-m/nofp\libc_nano.a(libc_a-reent.o)
 .bss           0x00000000        0x0 c:/siliconlabs/simplicitystudio/v5_2/developer/toolchains/gnu_arm/12.2.rel1_2023.7/bin/../lib/gcc/arm-none-eabi/12.2.1/thumb/v7-m/nofp\libc_nano.a(libc_a-reent.o)
 .text._reclaim_reent
                0x00000000       0xac c:/siliconlabs/simplicitystudio/v5_2/developer/toolchains/gnu_arm/12.2.rel1_2023.7/bin/../lib/gcc/arm-none-eabi/12.2.1/thumb/v7-m/nofp\libc_nano.a(libc_a-reent.o)
 .bss.errno     0x00000000        0x4 c:/siliconlabs/simplicitystudio/v5_2/developer/toolchains/gnu_arm/12.2.rel1_2023.7/bin/../lib/gcc/arm-none-eabi/12.2.1/thumb/v7-m/nofp\libc_nano.a(libc_a-reent.o)
 .debug_frame   0x00000000       0x38 c:/siliconlabs/simplicitystudio/v5_2/developer/toolchains/gnu_arm/12.2.rel1_2023.7/bin/../lib/gcc/arm-none-eabi/12.2.1/thumb/v7-m/nofp\libc_nano.a(libc_a-reent.o)
 .ARM.attributes
                0x00000000       0x2d c:/siliconlabs/simplicitystudio/v5_2/developer/toolchains/gnu_arm/12.2.rel1_2023.7/bin/../lib/gcc/arm-none-eabi/12.2.1/thumb/v7-m/nofp\libc_nano.a(libc_a-reent.o)
 .text          0x00000000        0x0 c:/siliconlabs/simplicitystudio/v5_2/developer/toolchains/gnu_arm/12.2.rel1_2023.7/bin/../lib/gcc/arm-none-eabi/12.2.1/thumb/v7-m/nofp\libc_nano.a(libc_a-impure.o)
 .data          0x00000000        0x0 c:/siliconlabs/simplicitystudio/v5_2/developer/toolchains/gnu_arm/12.2.rel1_2023.7/bin/../lib/gcc/arm-none-eabi/12.2.1/thumb/v7-m/nofp\libc_nano.a(libc_a-impure.o)
 .bss           0x00000000        0x0 c:/siliconlabs/simplicitystudio/v5_2/developer/toolchains/gnu_arm/12.2.rel1_2023.7/bin/../lib/gcc/arm-none-eabi/12.2.1/thumb/v7-m/nofp\libc_nano.a(libc_a-impure.o)
 .data._impure_ptr
                0x00000000        0x4 c:/siliconlabs/simplicitystudio/v5_2/developer/toolchains/gnu_arm/12.2.rel1_2023.7/bin/../lib/gcc/arm-none-eabi/12.2.1/thumb/v7-m/nofp\libc_nano.a(libc_a-impure.o)
 .data._impure_data
                0x00000000       0x4c c:/siliconlabs/simplicitystudio/v5_2/developer/toolchains/gnu_arm/12.2.rel1_2023.7/bin/../lib/gcc/arm-none-eabi/12.2.1/thumb/v7-m/nofp\libc_nano.a(libc_a-impure.o)
 .ARM.attributes
                0x00000000       0x2d c:/siliconlabs/simplicitystudio/v5_2/developer/toolchains/gnu_arm/12.2.rel1_2023.7/bin/../lib/gcc/arm-none-eabi/12.2.1/thumb/v7-m/nofp\libc_nano.a(libc_a-impure.o)
 .text          0x00000000        0x0 c:/siliconlabs/simplicitystudio/v5_2/developer/toolchains/gnu_arm/12.2.rel1_2023.7/bin/../lib/gcc/arm-none-eabi/12.2.1/thumb/v7-m/nofp\libc_nano.a(libc_a-lseekr.o)
 .data          0x00000000        0x0 c:/siliconlabs/simplicitystudio/v5_2/developer/toolchains/gnu_arm/12.2.rel1_2023.7/bin/../lib/gcc/arm-none-eabi/12.2.1/thumb/v7-m/nofp\libc_nano.a(libc_a-lseekr.o)
 .bss           0x00000000        0x0 c:/siliconlabs/simplicitystudio/v5_2/developer/toolchains/gnu_arm/12.2.rel1_2023.7/bin/../lib/gcc/arm-none-eabi/12.2.1/thumb/v7-m/nofp\libc_nano.a(libc_a-lseekr.o)
 .text._lseek_r
                0x00000000       0x24 c:/siliconlabs/simplicitystudio/v5_2/developer/toolchains/gnu_arm/12.2.rel1_2023.7/bin/../lib/gcc/arm-none-eabi/12.2.1/thumb/v7-m/nofp\libc_nano.a(libc_a-lseekr.o)
 .debug_frame   0x00000000       0x2c c:/siliconlabs/simplicitystudio/v5_2/developer/toolchains/gnu_arm/12.2.rel1_2023.7/bin/../lib/gcc/arm-none-eabi/12.2.1/thumb/v7-m/nofp\libc_nano.a(libc_a-lseekr.o)
 .ARM.attributes
                0x00000000       0x2d c:/siliconlabs/simplicitystudio/v5_2/developer/toolchains/gnu_arm/12.2.rel1_2023.7/bin/../lib/gcc/arm-none-eabi/12.2.1/thumb/v7-m/nofp\libc_nano.a(libc_a-lseekr.o)
 .text          0x00000000        0x0 c:/siliconlabs/simplicitystudio/v5_2/developer/toolchains/gnu_arm/12.2.rel1_2023.7/bin/../lib/gcc/arm-none-eabi/12.2.1/thumb/v7-m/nofp\libc_nano.a(libc_a-readr.o)
 .data          0x00000000        0x0 c:/siliconlabs/simplicitystudio/v5_2/developer/toolchains/gnu_arm/12.2.rel1_2023.7/bin/../lib/gcc/arm-none-eabi/12.2.1/thumb/v7-m/nofp\libc_nano.a(libc_a-readr.o)
 .bss           0x00000000        0x0 c:/siliconlabs/simplicitystudio/v5_2/developer/toolchains/gnu_arm/12.2.rel1_2023.7/bin/../lib/gcc/arm-none-eabi/12.2.1/thumb/v7-m/nofp\libc_nano.a(libc_a-readr.o)
 .text._read_r  0x00000000       0x24 c:/siliconlabs/simplicitystudio/v5_2/developer/toolchains/gnu_arm/12.2.rel1_2023.7/bin/../lib/gcc/arm-none-eabi/12.2.1/thumb/v7-m/nofp\libc_nano.a(libc_a-readr.o)
 .debug_frame   0x00000000       0x2c c:/siliconlabs/simplicitystudio/v5_2/developer/toolchains/gnu_arm/12.2.rel1_2023.7/bin/../lib/gcc/arm-none-eabi/12.2.1/thumb/v7-m/nofp\libc_nano.a(libc_a-readr.o)
 .ARM.attributes
                0x00000000       0x2d c:/siliconlabs/simplicitystudio/v5_2/developer/toolchains/gnu_arm/12.2.rel1_2023.7/bin/../lib/gcc/arm-none-eabi/12.2.1/thumb/v7-m/nofp\libc_nano.a(libc_a-readr.o)
 .text          0x00000000        0x0 c:/siliconlabs/simplicitystudio/v5_2/developer/toolchains/gnu_arm/12.2.rel1_2023.7/bin/../lib/gcc/arm-none-eabi/12.2.1/thumb/v7-m/nofp\libc_nano.a(libc_a-writer.o)
 .data          0x00000000        0x0 c:/siliconlabs/simplicitystudio/v5_2/developer/toolchains/gnu_arm/12.2.rel1_2023.7/bin/../lib/gcc/arm-none-eabi/12.2.1/thumb/v7-m/nofp\libc_nano.a(libc_a-writer.o)
 .bss           0x00000000        0x0 c:/siliconlabs/simplicitystudio/v5_2/developer/toolchains/gnu_arm/12.2.rel1_2023.7/bin/../lib/gcc/arm-none-eabi/12.2.1/thumb/v7-m/nofp\libc_nano.a(libc_a-writer.o)
 .text._write_r
                0x00000000       0x24 c:/siliconlabs/simplicitystudio/v5_2/developer/toolchains/gnu_arm/12.2.rel1_2023.7/bin/../lib/gcc/arm-none-eabi/12.2.1/thumb/v7-m/nofp\libc_nano.a(libc_a-writer.o)
 .debug_frame   0x00000000       0x2c c:/siliconlabs/simplicitystudio/v5_2/developer/toolchains/gnu_arm/12.2.rel1_2023.7/bin/../lib/gcc/arm-none-eabi/12.2.1/thumb/v7-m/nofp\libc_nano.a(libc_a-writer.o)
 .ARM.attributes
                0x00000000       0x2d c:/siliconlabs/simplicitystudio/v5_2/developer/toolchains/gnu_arm/12.2.rel1_2023.7/bin/../lib/gcc/arm-none-eabi/12.2.1/thumb/v7-m/nofp\libc_nano.a(libc_a-writer.o)
 .text          0x00000000        0x0 c:/siliconlabs/simplicitystudio/v5_2/developer/toolchains/gnu_arm/12.2.rel1_2023.7/bin/../lib/gcc/arm-none-eabi/12.2.1/thumb/v7-m/nofp\libc_nano.a(libc_a-init.o)
 .data          0x00000000        0x0 c:/siliconlabs/simplicitystudio/v5_2/developer/toolchains/gnu_arm/12.2.rel1_2023.7/bin/../lib/gcc/arm-none-eabi/12.2.1/thumb/v7-m/nofp\libc_nano.a(libc_a-init.o)
 .bss           0x00000000        0x0 c:/siliconlabs/simplicitystudio/v5_2/developer/toolchains/gnu_arm/12.2.rel1_2023.7/bin/../lib/gcc/arm-none-eabi/12.2.1/thumb/v7-m/nofp\libc_nano.a(libc_a-init.o)
 .text          0x00000000        0x0 c:/siliconlabs/simplicitystudio/v5_2/developer/toolchains/gnu_arm/12.2.rel1_2023.7/bin/../lib/gcc/arm-none-eabi/12.2.1/thumb/v7-m/nofp\libc_nano.a(libc_a-lock.o)
 .data          0x00000000        0x0 c:/siliconlabs/simplicitystudio/v5_2/developer/toolchains/gnu_arm/12.2.rel1_2023.7/bin/../lib/gcc/arm-none-eabi/12.2.1/thumb/v7-m/nofp\libc_nano.a(libc_a-lock.o)
 .bss           0x00000000        0x0 c:/siliconlabs/simplicitystudio/v5_2/developer/toolchains/gnu_arm/12.2.rel1_2023.7/bin/../lib/gcc/arm-none-eabi/12.2.1/thumb/v7-m/nofp\libc_nano.a(libc_a-lock.o)
 .text.__retarget_lock_init
                0x00000000        0x2 c:/siliconlabs/simplicitystudio/v5_2/developer/toolchains/gnu_arm/12.2.rel1_2023.7/bin/../lib/gcc/arm-none-eabi/12.2.1/thumb/v7-m/nofp\libc_nano.a(libc_a-lock.o)
 .text.__retarget_lock_init_recursive
                0x00000000        0x2 c:/siliconlabs/simplicitystudio/v5_2/developer/toolchains/gnu_arm/12.2.rel1_2023.7/bin/../lib/gcc/arm-none-eabi/12.2.1/thumb/v7-m/nofp\libc_nano.a(libc_a-lock.o)
 .text.__retarget_lock_close
                0x00000000        0x2 c:/siliconlabs/simplicitystudio/v5_2/developer/toolchains/gnu_arm/12.2.rel1_2023.7/bin/../lib/gcc/arm-none-eabi/12.2.1/thumb/v7-m/nofp\libc_nano.a(libc_a-lock.o)
 .text.__retarget_lock_close_recursive
                0x00000000        0x2 c:/siliconlabs/simplicitystudio/v5_2/developer/toolchains/gnu_arm/12.2.rel1_2023.7/bin/../lib/gcc/arm-none-eabi/12.2.1/thumb/v7-m/nofp\libc_nano.a(libc_a-lock.o)
 .text.__retarget_lock_acquire
                0x00000000        0x2 c:/siliconlabs/simplicitystudio/v5_2/developer/toolchains/gnu_arm/12.2.rel1_2023.7/bin/../lib/gcc/arm-none-eabi/12.2.1/thumb/v7-m/nofp\libc_nano.a(libc_a-lock.o)
 .text.__retarget_lock_acquire_recursive
                0x00000000        0x2 c:/siliconlabs/simplicitystudio/v5_2/developer/toolchains/gnu_arm/12.2.rel1_2023.7/bin/../lib/gcc/arm-none-eabi/12.2.1/thumb/v7-m/nofp\libc_nano.a(libc_a-lock.o)
 .text.__retarget_lock_try_acquire
                0x00000000        0x4 c:/siliconlabs/simplicitystudio/v5_2/developer/toolchains/gnu_arm/12.2.rel1_2023.7/bin/../lib/gcc/arm-none-eabi/12.2.1/thumb/v7-m/nofp\libc_nano.a(libc_a-lock.o)
 .text.__retarget_lock_try_acquire_recursive
                0x00000000        0x4 c:/siliconlabs/simplicitystudio/v5_2/developer/toolchains/gnu_arm/12.2.rel1_2023.7/bin/../lib/gcc/arm-none-eabi/12.2.1/thumb/v7-m/nofp\libc_nano.a(libc_a-lock.o)
 .text.__retarget_lock_release
                0x00000000        0x2 c:/siliconlabs/simplicitystudio/v5_2/developer/toolchains/gnu_arm/12.2.rel1_2023.7/bin/../lib/gcc/arm-none-eabi/12.2.1/thumb/v7-m/nofp\libc_nano.a(libc_a-lock.o)
 .text.__retarget_lock_release_recursive
                0x00000000        0x2 c:/siliconlabs/simplicitystudio/v5_2/developer/toolchains/gnu_arm/12.2.rel1_2023.7/bin/../lib/gcc/arm-none-eabi/12.2.1/thumb/v7-m/nofp\libc_nano.a(libc_a-lock.o)
 .bss.__lock___arc4random_mutex
                0x00000000        0x1 c:/siliconlabs/simplicitystudio/v5_2/developer/toolchains/gnu_arm/12.2.rel1_2023.7/bin/../lib/gcc/arm-none-eabi/12.2.1/thumb/v7-m/nofp\libc_nano.a(libc_a-lock.o)
 .bss.__lock___dd_hash_mutex
                0x00000000        0x1 c:/siliconlabs/simplicitystudio/v5_2/developer/toolchains/gnu_arm/12.2.rel1_2023.7/bin/../lib/gcc/arm-none-eabi/12.2.1/thumb/v7-m/nofp\libc_nano.a(libc_a-lock.o)
 .bss.__lock___tz_mutex
                0x00000000        0x1 c:/siliconlabs/simplicitystudio/v5_2/developer/toolchains/gnu_arm/12.2.rel1_2023.7/bin/../lib/gcc/arm-none-eabi/12.2.1/thumb/v7-m/nofp\libc_nano.a(libc_a-lock.o)
 .bss.__lock___env_recursive_mutex
                0x00000000        0x1 c:/siliconlabs/simplicitystudio/v5_2/developer/toolchains/gnu_arm/12.2.rel1_2023.7/bin/../lib/gcc/arm-none-eabi/12.2.1/thumb/v7-m/nofp\libc_nano.a(libc_a-lock.o)
 .bss.__lock___malloc_recursive_mutex
                0x00000000        0x1 c:/siliconlabs/simplicitystudio/v5_2/developer/toolchains/gnu_arm/12.2.rel1_2023.7/bin/../lib/gcc/arm-none-eabi/12.2.1/thumb/v7-m/nofp\libc_nano.a(libc_a-lock.o)
 .bss.__lock___at_quick_exit_mutex
                0x00000000        0x1 c:/siliconlabs/simplicitystudio/v5_2/developer/toolchains/gnu_arm/12.2.rel1_2023.7/bin/../lib/gcc/arm-none-eabi/12.2.1/thumb/v7-m/nofp\libc_nano.a(libc_a-lock.o)
 .bss.__lock___atexit_recursive_mutex
                0x00000000        0x1 c:/siliconlabs/simplicitystudio/v5_2/developer/toolchains/gnu_arm/12.2.rel1_2023.7/bin/../lib/gcc/arm-none-eabi/12.2.1/thumb/v7-m/nofp\libc_nano.a(libc_a-lock.o)
 .bss.__lock___sfp_recursive_mutex
                0x00000000        0x1 c:/siliconlabs/simplicitystudio/v5_2/developer/toolchains/gnu_arm/12.2.rel1_2023.7/bin/../lib/gcc/arm-none-eabi/12.2.1/thumb/v7-m/nofp\libc_nano.a(libc_a-lock.o)
 .debug_frame   0x00000000       0xb0 c:/siliconlabs/simplicitystudio/v5_2/developer/toolchains/gnu_arm/12.2.rel1_2023.7/bin/../lib/gcc/arm-none-eabi/12.2.1/thumb/v7-m/nofp\libc_nano.a(libc_a-lock.o)
 .ARM.attributes
                0x00000000       0x2d c:/siliconlabs/simplicitystudio/v5_2/developer/toolchains/gnu_arm/12.2.rel1_2023.7/bin/../lib/gcc/arm-none-eabi/12.2.1/thumb/v7-m/nofp\libc_nano.a(libc_a-lock.o)
 .text          0x00000000        0x0 c:/siliconlabs/simplicitystudio/v5_2/developer/toolchains/gnu_arm/12.2.rel1_2023.7/bin/../lib/gcc/arm-none-eabi/12.2.1/thumb/v7-m/nofp\libc_nano.a(libc_a-freer.o)
 .data          0x00000000        0x0 c:/siliconlabs/simplicitystudio/v5_2/developer/toolchains/gnu_arm/12.2.rel1_2023.7/bin/../lib/gcc/arm-none-eabi/12.2.1/thumb/v7-m/nofp\libc_nano.a(libc_a-freer.o)
 .bss           0x00000000        0x0 c:/siliconlabs/simplicitystudio/v5_2/developer/toolchains/gnu_arm/12.2.rel1_2023.7/bin/../lib/gcc/arm-none-eabi/12.2.1/thumb/v7-m/nofp\libc_nano.a(libc_a-freer.o)
 .text._free_r  0x00000000       0x90 c:/siliconlabs/simplicitystudio/v5_2/developer/toolchains/gnu_arm/12.2.rel1_2023.7/bin/../lib/gcc/arm-none-eabi/12.2.1/thumb/v7-m/nofp\libc_nano.a(libc_a-freer.o)
 .debug_frame   0x00000000       0x38 c:/siliconlabs/simplicitystudio/v5_2/developer/toolchains/gnu_arm/12.2.rel1_2023.7/bin/../lib/gcc/arm-none-eabi/12.2.1/thumb/v7-m/nofp\libc_nano.a(libc_a-freer.o)
 .ARM.attributes
                0x00000000       0x2d c:/siliconlabs/simplicitystudio/v5_2/developer/toolchains/gnu_arm/12.2.rel1_2023.7/bin/../lib/gcc/arm-none-eabi/12.2.1/thumb/v7-m/nofp\libc_nano.a(libc_a-freer.o)
 .text          0x00000000        0x0 c:/siliconlabs/simplicitystudio/v5_2/developer/toolchains/gnu_arm/12.2.rel1_2023.7/bin/../lib/gcc/arm-none-eabi/12.2.1/thumb/v7-m/nofp\libc_nano.a(libc_a-mallocr.o)
 .data          0x00000000        0x0 c:/siliconlabs/simplicitystudio/v5_2/developer/toolchains/gnu_arm/12.2.rel1_2023.7/bin/../lib/gcc/arm-none-eabi/12.2.1/thumb/v7-m/nofp\libc_nano.a(libc_a-mallocr.o)
 .bss           0x00000000        0x0 c:/siliconlabs/simplicitystudio/v5_2/developer/toolchains/gnu_arm/12.2.rel1_2023.7/bin/../lib/gcc/arm-none-eabi/12.2.1/thumb/v7-m/nofp\libc_nano.a(libc_a-mallocr.o)
 .text.sbrk_aligned
                0x00000000       0x44 c:/siliconlabs/simplicitystudio/v5_2/developer/toolchains/gnu_arm/12.2.rel1_2023.7/bin/../lib/gcc/arm-none-eabi/12.2.1/thumb/v7-m/nofp\libc_nano.a(libc_a-mallocr.o)
 .text._malloc_r
                0x00000000       0xf0 c:/siliconlabs/simplicitystudio/v5_2/developer/toolchains/gnu_arm/12.2.rel1_2023.7/bin/../lib/gcc/arm-none-eabi/12.2.1/thumb/v7-m/nofp\libc_nano.a(libc_a-mallocr.o)
 .bss.__malloc_sbrk_start
                0x00000000        0x4 c:/siliconlabs/simplicitystudio/v5_2/developer/toolchains/gnu_arm/12.2.rel1_2023.7/bin/../lib/gcc/arm-none-eabi/12.2.1/thumb/v7-m/nofp\libc_nano.a(libc_a-mallocr.o)
 .bss.__malloc_free_list
                0x00000000        0x4 c:/siliconlabs/simplicitystudio/v5_2/developer/toolchains/gnu_arm/12.2.rel1_2023.7/bin/../lib/gcc/arm-none-eabi/12.2.1/thumb/v7-m/nofp\libc_nano.a(libc_a-mallocr.o)
 .debug_frame   0x00000000       0x4c c:/siliconlabs/simplicitystudio/v5_2/developer/toolchains/gnu_arm/12.2.rel1_2023.7/bin/../lib/gcc/arm-none-eabi/12.2.1/thumb/v7-m/nofp\libc_nano.a(libc_a-mallocr.o)
 .ARM.attributes
                0x00000000       0x2d c:/siliconlabs/simplicitystudio/v5_2/developer/toolchains/gnu_arm/12.2.rel1_2023.7/bin/../lib/gcc/arm-none-eabi/12.2.1/thumb/v7-m/nofp\libc_nano.a(libc_a-mallocr.o)
 .text          0x00000000        0x0 c:/siliconlabs/simplicitystudio/v5_2/developer/toolchains/gnu_arm/12.2.rel1_2023.7/bin/../lib/gcc/arm-none-eabi/12.2.1/thumb/v7-m/nofp\libc_nano.a(libc_a-mlock.o)
 .data          0x00000000        0x0 c:/siliconlabs/simplicitystudio/v5_2/developer/toolchains/gnu_arm/12.2.rel1_2023.7/bin/../lib/gcc/arm-none-eabi/12.2.1/thumb/v7-m/nofp\libc_nano.a(libc_a-mlock.o)
 .bss           0x00000000        0x0 c:/siliconlabs/simplicitystudio/v5_2/developer/toolchains/gnu_arm/12.2.rel1_2023.7/bin/../lib/gcc/arm-none-eabi/12.2.1/thumb/v7-m/nofp\libc_nano.a(libc_a-mlock.o)
 .text.__malloc_lock
                0x00000000        0xc c:/siliconlabs/simplicitystudio/v5_2/developer/toolchains/gnu_arm/12.2.rel1_2023.7/bin/../lib/gcc/arm-none-eabi/12.2.1/thumb/v7-m/nofp\libc_nano.a(libc_a-mlock.o)
 .text.__malloc_unlock
                0x00000000        0xc c:/siliconlabs/simplicitystudio/v5_2/developer/toolchains/gnu_arm/12.2.rel1_2023.7/bin/../lib/gcc/arm-none-eabi/12.2.1/thumb/v7-m/nofp\libc_nano.a(libc_a-mlock.o)
 .debug_frame   0x00000000       0x30 c:/siliconlabs/simplicitystudio/v5_2/developer/toolchains/gnu_arm/12.2.rel1_2023.7/bin/../lib/gcc/arm-none-eabi/12.2.1/thumb/v7-m/nofp\libc_nano.a(libc_a-mlock.o)
 .ARM.attributes
                0x00000000       0x2d c:/siliconlabs/simplicitystudio/v5_2/developer/toolchains/gnu_arm/12.2.rel1_2023.7/bin/../lib/gcc/arm-none-eabi/12.2.1/thumb/v7-m/nofp\libc_nano.a(libc_a-mlock.o)
 .text          0x00000000        0x0 c:/siliconlabs/simplicitystudio/v5_2/developer/toolchains/gnu_arm/12.2.rel1_2023.7/bin/../lib/gcc/arm-none-eabi/12.2.1/thumb/v7-m/nofp\libc_nano.a(libc_a-fflush.o)
 .data          0x00000000        0x0 c:/siliconlabs/simplicitystudio/v5_2/developer/toolchains/gnu_arm/12.2.rel1_2023.7/bin/../lib/gcc/arm-none-eabi/12.2.1/thumb/v7-m/nofp\libc_nano.a(libc_a-fflush.o)
 .bss           0x00000000        0x0 c:/siliconlabs/simplicitystudio/v5_2/developer/toolchains/gnu_arm/12.2.rel1_2023.7/bin/../lib/gcc/arm-none-eabi/12.2.1/thumb/v7-m/nofp\libc_nano.a(libc_a-fflush.o)
 .text.__sflush_r
                0x00000000      0x100 c:/siliconlabs/simplicitystudio/v5_2/developer/toolchains/gnu_arm/12.2.rel1_2023.7/bin/../lib/gcc/arm-none-eabi/12.2.1/thumb/v7-m/nofp\libc_nano.a(libc_a-fflush.o)
 .text._fflush_r
                0x00000000       0x50 c:/siliconlabs/simplicitystudio/v5_2/developer/toolchains/gnu_arm/12.2.rel1_2023.7/bin/../lib/gcc/arm-none-eabi/12.2.1/thumb/v7-m/nofp\libc_nano.a(libc_a-fflush.o)
 .text.fflush   0x00000000       0x28 c:/siliconlabs/simplicitystudio/v5_2/developer/toolchains/gnu_arm/12.2.rel1_2023.7/bin/../lib/gcc/arm-none-eabi/12.2.1/thumb/v7-m/nofp\libc_nano.a(libc_a-fflush.o)
 .debug_frame   0x00000000       0x5c c:/siliconlabs/simplicitystudio/v5_2/developer/toolchains/gnu_arm/12.2.rel1_2023.7/bin/../lib/gcc/arm-none-eabi/12.2.1/thumb/v7-m/nofp\libc_nano.a(libc_a-fflush.o)
 .ARM.attributes
                0x00000000       0x2d c:/siliconlabs/simplicitystudio/v5_2/developer/toolchains/gnu_arm/12.2.rel1_2023.7/bin/../lib/gcc/arm-none-eabi/12.2.1/thumb/v7-m/nofp\libc_nano.a(libc_a-fflush.o)
 .text          0x00000000        0x0 c:/siliconlabs/simplicitystudio/v5_2/developer/toolchains/gnu_arm/12.2.rel1_2023.7/bin/../lib/gcc/arm-none-eabi/12.2.1/thumb/v7-m/nofp\libc_nano.a(libc_a-sbrkr.o)
 .data          0x00000000        0x0 c:/siliconlabs/simplicitystudio/v5_2/developer/toolchains/gnu_arm/12.2.rel1_2023.7/bin/../lib/gcc/arm-none-eabi/12.2.1/thumb/v7-m/nofp\libc_nano.a(libc_a-sbrkr.o)
 .bss           0x00000000        0x0 c:/siliconlabs/simplicitystudio/v5_2/developer/toolchains/gnu_arm/12.2.rel1_2023.7/bin/../lib/gcc/arm-none-eabi/12.2.1/thumb/v7-m/nofp\libc_nano.a(libc_a-sbrkr.o)
 .text._sbrk_r  0x00000000       0x20 c:/siliconlabs/simplicitystudio/v5_2/developer/toolchains/gnu_arm/12.2.rel1_2023.7/bin/../lib/gcc/arm-none-eabi/12.2.1/thumb/v7-m/nofp\libc_nano.a(libc_a-sbrkr.o)
 .debug_frame   0x00000000       0x2c c:/siliconlabs/simplicitystudio/v5_2/developer/toolchains/gnu_arm/12.2.rel1_2023.7/bin/../lib/gcc/arm-none-eabi/12.2.1/thumb/v7-m/nofp\libc_nano.a(libc_a-sbrkr.o)
 .ARM.attributes
                0x00000000       0x2d c:/siliconlabs/simplicitystudio/v5_2/developer/toolchains/gnu_arm/12.2.rel1_2023.7/bin/../lib/gcc/arm-none-eabi/12.2.1/thumb/v7-m/nofp\libc_nano.a(libc_a-sbrkr.o)
 .text          0x00000000        0x0 c:/siliconlabs/simplicitystudio/v5_2/developer/toolchains/gnu_arm/12.2.rel1_2023.7/bin/../lib/gcc/arm-none-eabi/12.2.1/thumb/v7-m/nofp\libnosys.a(sbrk.o)
 .data          0x00000000        0x0 c:/siliconlabs/simplicitystudio/v5_2/developer/toolchains/gnu_arm/12.2.rel1_2023.7/bin/../lib/gcc/arm-none-eabi/12.2.1/thumb/v7-m/nofp\libnosys.a(sbrk.o)
 .bss           0x00000000        0x0 c:/siliconlabs/simplicitystudio/v5_2/developer/toolchains/gnu_arm/12.2.rel1_2023.7/bin/../lib/gcc/arm-none-eabi/12.2.1/thumb/v7-m/nofp\libnosys.a(sbrk.o)
 .text._sbrk    0x00000000       0x1c c:/siliconlabs/simplicitystudio/v5_2/developer/toolchains/gnu_arm/12.2.rel1_2023.7/bin/../lib/gcc/arm-none-eabi/12.2.1/thumb/v7-m/nofp\libnosys.a(sbrk.o)
 .bss.heap_end.0
                0x00000000        0x4 c:/siliconlabs/simplicitystudio/v5_2/developer/toolchains/gnu_arm/12.2.rel1_2023.7/bin/../lib/gcc/arm-none-eabi/12.2.1/thumb/v7-m/nofp\libnosys.a(sbrk.o)
 .debug_frame   0x00000000       0x20 c:/siliconlabs/simplicitystudio/v5_2/developer/toolchains/gnu_arm/12.2.rel1_2023.7/bin/../lib/gcc/arm-none-eabi/12.2.1/thumb/v7-m/nofp\libnosys.a(sbrk.o)
 .ARM.attributes
                0x00000000       0x2d c:/siliconlabs/simplicitystudio/v5_2/developer/toolchains/gnu_arm/12.2.rel1_2023.7/bin/../lib/gcc/arm-none-eabi/12.2.1/thumb/v7-m/nofp\libnosys.a(sbrk.o)
 .text          0x00000000        0x0 c:/siliconlabs/simplicitystudio/v5_2/developer/toolchains/gnu_arm/12.2.rel1_2023.7/bin/../lib/gcc/arm-none-eabi/12.2.1/thumb/v7-m/nofp\libnosys.a(_exit.o)
 .data          0x00000000        0x0 c:/siliconlabs/simplicitystudio/v5_2/developer/toolchains/gnu_arm/12.2.rel1_2023.7/bin/../lib/gcc/arm-none-eabi/12.2.1/thumb/v7-m/nofp\libnosys.a(_exit.o)
 .bss           0x00000000        0x0 c:/siliconlabs/simplicitystudio/v5_2/developer/toolchains/gnu_arm/12.2.rel1_2023.7/bin/../lib/gcc/arm-none-eabi/12.2.1/thumb/v7-m/nofp\libnosys.a(_exit.o)
 .text          0x00000000        0x0 c:/siliconlabs/simplicitystudio/v5_2/developer/toolchains/gnu_arm/12.2.rel1_2023.7/bin/../lib/gcc/arm-none-eabi/12.2.1/thumb/v7-m/nofp/crtend.o
 .data          0x00000000        0x0 c:/siliconlabs/simplicitystudio/v5_2/developer/toolchains/gnu_arm/12.2.rel1_2023.7/bin/../lib/gcc/arm-none-eabi/12.2.1/thumb/v7-m/nofp/crtend.o
 .bss           0x00000000        0x0 c:/siliconlabs/simplicitystudio/v5_2/developer/toolchains/gnu_arm/12.2.rel1_2023.7/bin/../lib/gcc/arm-none-eabi/12.2.1/thumb/v7-m/nofp/crtend.o
 .rodata.all_implied_fbits
                0x00000000       0x24 c:/siliconlabs/simplicitystudio/v5_2/developer/toolchains/gnu_arm/12.2.rel1_2023.7/bin/../lib/gcc/arm-none-eabi/12.2.1/thumb/v7-m/nofp/crtend.o
 .text          0x00000000        0x0 c:/siliconlabs/simplicitystudio/v5_2/developer/toolchains/gnu_arm/12.2.rel1_2023.7/bin/../lib/gcc/arm-none-eabi/12.2.1/thumb/v7-m/nofp/crtn.o
 .data          0x00000000        0x0 c:/siliconlabs/simplicitystudio/v5_2/developer/toolchains/gnu_arm/12.2.rel1_2023.7/bin/../lib/gcc/arm-none-eabi/12.2.1/thumb/v7-m/nofp/crtn.o
 .bss           0x00000000        0x0 c:/siliconlabs/simplicitystudio/v5_2/developer/toolchains/gnu_arm/12.2.rel1_2023.7/bin/../lib/gcc/arm-none-eabi/12.2.1/thumb/v7-m/nofp/crtn.o

Memory Configuration

Name             Origin             Length             Attributes
FLASH            0x00000000         0x00100000         xr
RAM              0x20000000         0x00020000         xrw
*default*        0x00000000         0xffffffff

Linker script and memory map

LOAD c:/siliconlabs/simplicitystudio/v5_2/developer/toolchains/gnu_arm/12.2.rel1_2023.7/bin/../lib/gcc/arm-none-eabi/12.2.1/thumb/v7-m/nofp/crti.o
LOAD c:/siliconlabs/simplicitystudio/v5_2/developer/toolchains/gnu_arm/12.2.rel1_2023.7/bin/../lib/gcc/arm-none-eabi/12.2.1/thumb/v7-m/nofp/crtbegin.o
LOAD c:/siliconlabs/simplicitystudio/v5_2/developer/toolchains/gnu_arm/12.2.rel1_2023.7/bin/../lib/gcc/arm-none-eabi/12.2.1/thumb/v7-m/nofp/crt0.o
LOAD ./CMSIS/EFM32GG/startup_efm32gg.o
LOAD ./CMSIS/EFM32GG/system_efm32gg.o
LOAD ./em_gpio.o
LOAD ./emlib/em_cmu.o
LOAD ./emlib/em_core.o
LOAD ./emlib/em_msc.o
LOAD ./emlib/em_system.o
LOAD ./src/main.o
LOAD ./src/syscalls.o
START GROUP
LOAD c:/siliconlabs/simplicitystudio/v5_2/developer/toolchains/gnu_arm/12.2.rel1_2023.7/bin/../lib/gcc/arm-none-eabi/12.2.1/thumb/v7-m/nofp\libgcc.a
LOAD c:/siliconlabs/simplicitystudio/v5_2/developer/toolchains/gnu_arm/12.2.rel1_2023.7/bin/../lib/gcc/arm-none-eabi/12.2.1/thumb/v7-m/nofp\libc_nano.a
LOAD c:/siliconlabs/simplicitystudio/v5_2/developer/toolchains/gnu_arm/12.2.rel1_2023.7/bin/../lib/gcc/arm-none-eabi/12.2.1/thumb/v7-m/nofp\libnosys.a
END GROUP
START GROUP
LOAD c:/siliconlabs/simplicitystudio/v5_2/developer/toolchains/gnu_arm/12.2.rel1_2023.7/bin/../lib/gcc/arm-none-eabi/12.2.1/thumb/v7-m/nofp\libgcc.a
LOAD c:/siliconlabs/simplicitystudio/v5_2/developer/toolchains/gnu_arm/12.2.rel1_2023.7/bin/../lib/gcc/arm-none-eabi/12.2.1/thumb/v7-m/nofp\libg_nano.a
LOAD c:/siliconlabs/simplicitystudio/v5_2/developer/toolchains/gnu_arm/12.2.rel1_2023.7/bin/../lib/gcc/arm-none-eabi/12.2.1/thumb/v7-m/nofp\libc_nano.a
END GROUP
START GROUP
LOAD c:/siliconlabs/simplicitystudio/v5_2/developer/toolchains/gnu_arm/12.2.rel1_2023.7/bin/../lib/gcc/arm-none-eabi/12.2.1/thumb/v7-m/nofp\libgcc.a
LOAD c:/siliconlabs/simplicitystudio/v5_2/developer/toolchains/gnu_arm/12.2.rel1_2023.7/bin/../lib/gcc/arm-none-eabi/12.2.1/thumb/v7-m/nofp\libc_nano.a
END GROUP
LOAD c:/siliconlabs/simplicitystudio/v5_2/developer/toolchains/gnu_arm/12.2.rel1_2023.7/bin/../lib/gcc/arm-none-eabi/12.2.1/thumb/v7-m/nofp/crtend.o
LOAD c:/siliconlabs/simplicitystudio/v5_2/developer/toolchains/gnu_arm/12.2.rel1_2023.7/bin/../lib/gcc/arm-none-eabi/12.2.1/thumb/v7-m/nofp/crtn.o

.text           0x00000000     0x192c
 *(.vectors)
 .vectors       0x00000000       0xdc ./CMSIS/EFM32GG/startup_efm32gg.o
                0x00000000                __Vectors
                0x000000dc                __Vectors_End = .
                0x000000dc                __Vectors_Size = (__Vectors_End - __Vectors)
                0x20000040                __end__ = .
 *(.text*)
 .text.deregister_tm_clones
                0x000000dc       0x1c c:/siliconlabs/simplicitystudio/v5_2/developer/toolchains/gnu_arm/12.2.rel1_2023.7/bin/../lib/gcc/arm-none-eabi/12.2.1/thumb/v7-m/nofp/crtbegin.o
 .text.register_tm_clones
                0x000000f8       0x24 c:/siliconlabs/simplicitystudio/v5_2/developer/toolchains/gnu_arm/12.2.rel1_2023.7/bin/../lib/gcc/arm-none-eabi/12.2.1/thumb/v7-m/nofp/crtbegin.o
 .text.__do_global_dtors_aux
                0x0000011c       0x28 c:/siliconlabs/simplicitystudio/v5_2/developer/toolchains/gnu_arm/12.2.rel1_2023.7/bin/../lib/gcc/arm-none-eabi/12.2.1/thumb/v7-m/nofp/crtbegin.o
 .text.frame_dummy
                0x00000144       0x24 c:/siliconlabs/simplicitystudio/v5_2/developer/toolchains/gnu_arm/12.2.rel1_2023.7/bin/../lib/gcc/arm-none-eabi/12.2.1/thumb/v7-m/nofp/crtbegin.o
 .text          0x00000168       0x7c c:/siliconlabs/simplicitystudio/v5_2/developer/toolchains/gnu_arm/12.2.rel1_2023.7/bin/../lib/gcc/arm-none-eabi/12.2.1/thumb/v7-m/nofp/crt0.o
                0x00000168                _stack_init
                0x00000170                _start
                0x00000170                _mainCRTStartup
 .text          0x000001e4       0x30 ./CMSIS/EFM32GG/startup_efm32gg.o
                0x000001e4                Reset_Handler
                0x00000210                DebugMon_Handler
                0x00000210                USART0_TX_IRQHandler
                0x00000210                I2C0_IRQHandler
                0x00000210                HardFault_Handler
                0x00000210                LEUART1_IRQHandler
                0x00000210                SysTick_Handler
                0x00000210                USART1_RX_IRQHandler
                0x00000210                PendSV_Handler
                0x00000210                NMI_Handler
                0x00000210                I2C1_IRQHandler
                0x00000210                TIMER3_IRQHandler
                0x00000210                USART1_TX_IRQHandler
                0x00000210                MSC_IRQHandler
                0x00000210                ADC0_IRQHandler
                0x00000210                UsageFault_Handler
                0x00000210                LEUART0_IRQHandler
                0x00000210                UART0_TX_IRQHandler
                0x00000210                UART1_TX_IRQHandler
                0x00000210                RTC_IRQHandler
                0x00000210                TIMER0_IRQHandler
                0x00000210                TIMER2_IRQHandler
                0x00000210                LCD_IRQHandler
                0x00000210                PCNT2_IRQHandler
                0x00000210                UART0_RX_IRQHandler
                0x00000210                LETIMER0_IRQHandler
                0x00000210                TIMER1_IRQHandler
                0x00000210                USART2_RX_IRQHandler
                0x00000210                Default_Handler
                0x00000210                EMU_IRQHandler
                0x00000210                PCNT0_IRQHandler
                0x00000210                sl_app_properties
                0x00000210                USB_IRQHandler
                0x00000210                BURTC_IRQHandler
                0x00000210                PCNT1_IRQHandler
                0x00000210                ACMP0_IRQHandler
                0x00000210                USART0_RX_IRQHandler
                0x00000210                MemManage_Handler
                0x00000210                SVC_Handler
                0x00000210                DAC0_IRQHandler
                0x00000210                UART1_RX_IRQHandler
                0x00000210                CMU_IRQHandler
                0x00000210                EBI_IRQHandler
                0x00000210                LESENSE_IRQHandler
                0x00000210                AES_IRQHandler
                0x00000210                VCMP_IRQHandler
                0x00000210                DMA_IRQHandler
                0x00000210                BusFault_Handler
                0x00000210                USART2_TX_IRQHandler
 .text.GetProdRev
                0x00000214       0x18 ./CMSIS/EFM32GG/system_efm32gg.o
 .text.SystemCoreClockGet
                0x0000022c       0x34 ./CMSIS/EFM32GG/system_efm32gg.o
                0x0000022c                SystemCoreClockGet
 .text.SystemHFClockGet
                0x00000260      0x118 ./CMSIS/EFM32GG/system_efm32gg.o
                0x00000260                SystemHFClockGet
 .text.SystemInit
                0x00000378       0x1c ./CMSIS/EFM32GG/system_efm32gg.o
                0x00000378                SystemInit
 .text.SystemLFRCOClockGet
                0x00000394       0x10 ./CMSIS/EFM32GG/system_efm32gg.o
                0x00000394                SystemLFRCOClockGet
 .text.SystemULFRCOClockGet
                0x000003a4       0x10 ./CMSIS/EFM32GG/system_efm32gg.o
                0x000003a4                SystemULFRCOClockGet
 .text.SystemLFXOClockGet
                0x000003b4       0x14 ./CMSIS/EFM32GG/system_efm32gg.o
                0x000003b4                SystemLFXOClockGet
 .text.BUS_RegBitWrite
                0x000003c8       0x30 ./em_gpio.o
 .text.BUS_RegMaskedWrite
                0x000003f8       0x28 ./em_gpio.o
 .text.GPIO_IntClear
                0x00000420       0x20 ./em_gpio.o
 .text.GPIO_PinOutClear
                0x00000440       0x58 ./em_gpio.o
 .text.GPIO_PinOutSet
                0x00000498       0x58 ./em_gpio.o
 .text.GPIO_ExtIntConfig
                0x000004f0       0xd4 ./em_gpio.o
                0x000004f0                GPIO_ExtIntConfig
 .text.GPIO_PinModeSet
                0x000005c4      0x110 ./em_gpio.o
                0x000005c4                GPIO_PinModeSet
 .text.BUS_RegBitWrite
                0x000006d4       0x30 ./emlib/em_cmu.o
 .text.BUS_RegBitRead
                0x00000704       0x2c ./emlib/em_cmu.o
 .text.SL_Log2ToDiv
                0x00000730       0x1a ./emlib/em_cmu.o
 .text.CMU_DivToLog2
                0x0000074a       0x2e ./emlib/em_cmu.o
 .text.SYSTEM_GetProdRev
                0x00000778       0x18 ./emlib/em_cmu.o
 .text.SYSTEM_GetFamily
                0x00000790       0x18 ./emlib/em_cmu.o
 .text.maxFreqHfle
                0x000007a8       0x78 ./emlib/em_cmu.o
 .text.setHfLeConfig
                0x00000820       0x64 ./emlib/em_cmu.o
 .text.getHfLeConfig
                0x00000884       0x20 ./emlib/em_cmu.o
 .text.auxClkGet
                0x000008a4       0xc4 ./emlib/em_cmu.o
 .text.dbgClkGet
                0x00000968       0x40 ./emlib/em_cmu.o
 .text.lfClkGet
                0x000009a8       0xec ./emlib/em_cmu.o
 .text.syncReg  0x00000a94       0x34 ./emlib/em_cmu.o
 .text.usbCClkGet
                0x00000ac8       0x50 ./emlib/em_cmu.o
 .text.CMU_ClockDivGet
                0x00000b18      0x1b4 ./emlib/em_cmu.o
                0x00000b18                CMU_ClockDivGet
 .text.CMU_ClockEnable
                0x00000ccc       0xc8 ./emlib/em_cmu.o
                0x00000ccc                CMU_ClockEnable
 .text.CMU_ClockFreqGet
                0x00000d94      0x254 ./emlib/em_cmu.o
                0x00000d94                CMU_ClockFreqGet
 .text.CMU_ClockSelectGet
                0x00000fe8      0x174 ./emlib/em_cmu.o
                0x00000fe8                CMU_ClockSelectGet
 .text.MSC_Init
                0x0000115c       0xbc ./emlib/em_msc.o
                0x0000115c                MSC_Init
 .text.MSC_Deinit
                0x00001218       0x24 ./emlib/em_msc.o
                0x00001218                MSC_Deinit
 .text.MSC_LoadVerifyAddress
                0x0000123c       0x64 ./emlib/em_msc.o
                0x0000123c                MSC_LoadVerifyAddress
 .text.MSC_LoadWriteData
                0x000012a0      0x190 ./emlib/em_msc.o
                0x000012a0                MSC_LoadWriteData
 .text.MSC_WriteWordI
                0x00001430      0x10c ./emlib/em_msc.o
                0x00001430                MSC_WriteWordI
 .text.MSC_ErasePage
                0x0000153c      0x100 ./emlib/em_msc.o
                0x0000153c                MSC_ErasePage
 .text.MSC_WriteWord
                0x0000163c       0x20 ./emlib/em_msc.o
                0x0000163c                MSC_WriteWord
 .text.SYSTEM_ChipRevisionGet
                0x0000165c       0x78 ./emlib/em_system.o
                0x0000165c                SYSTEM_ChipRevisionGet
 .text.__NVIC_EnableIRQ
                0x000016d4       0x38 ./src/main.o
 .text.SYSTEM_GetProdRev
                0x0000170c       0x18 ./src/main.o
 .text.GPIO_IntClear
                0x00001724       0x20 ./src/main.o
 .text.GPIO_IntGet
                0x00001744       0x18 ./src/main.o
 .text.CHIP_Init
                0x0000175c       0x48 ./src/main.o
 .text.gpioConfig
                0x000017a4       0x64 ./src/main.o
                0x000017a4                gpioConfig
 .text.GPIO_EVEN_IRQHandler
                0x00001808       0x28 ./src/main.o
                0x00001808                GPIO_EVEN_IRQHandler
 .text.GPIO_ODD_IRQHandler
                0x00001830       0x3c ./src/main.o
                0x00001830                GPIO_ODD_IRQHandler
 .text.main     0x0000186c       0x24 ./src/main.o
                0x0000186c                main
 .text.exit     0x00001890       0x24 c:/siliconlabs/simplicitystudio/v5_2/developer/toolchains/gnu_arm/12.2.rel1_2023.7/bin/../lib/gcc/arm-none-eabi/12.2.1/thumb/v7-m/nofp\libc_nano.a(libc_a-exit.o)
                0x00001890                exit
 .text.memset   0x000018b4       0x10 c:/siliconlabs/simplicitystudio/v5_2/developer/toolchains/gnu_arm/12.2.rel1_2023.7/bin/../lib/gcc/arm-none-eabi/12.2.1/thumb/v7-m/nofp\libc_nano.a(libc_a-memset.o)
                0x000018b4                memset
 .text.__libc_init_array
                0x000018c4       0x48 c:/siliconlabs/simplicitystudio/v5_2/developer/toolchains/gnu_arm/12.2.rel1_2023.7/bin/../lib/gcc/arm-none-eabi/12.2.1/thumb/v7-m/nofp\libc_nano.a(libc_a-init.o)
                0x000018c4                __libc_init_array
 .text._exit    0x0000190c        0x4 c:/siliconlabs/simplicitystudio/v5_2/developer/toolchains/gnu_arm/12.2.rel1_2023.7/bin/../lib/gcc/arm-none-eabi/12.2.1/thumb/v7-m/nofp\libnosys.a(_exit.o)
                0x0000190c                _exit
 *(.init)
 .init          0x00001910        0x4 c:/siliconlabs/simplicitystudio/v5_2/developer/toolchains/gnu_arm/12.2.rel1_2023.7/bin/../lib/gcc/arm-none-eabi/12.2.1/thumb/v7-m/nofp/crti.o
                0x00001910                _init
 .init          0x00001914        0x8 c:/siliconlabs/simplicitystudio/v5_2/developer/toolchains/gnu_arm/12.2.rel1_2023.7/bin/../lib/gcc/arm-none-eabi/12.2.1/thumb/v7-m/nofp/crtn.o
 *(.fini)
 .fini          0x0000191c        0x4 c:/siliconlabs/simplicitystudio/v5_2/developer/toolchains/gnu_arm/12.2.rel1_2023.7/bin/../lib/gcc/arm-none-eabi/12.2.1/thumb/v7-m/nofp/crti.o
                0x0000191c                _fini
 .fini          0x00001920        0x8 c:/siliconlabs/simplicitystudio/v5_2/developer/toolchains/gnu_arm/12.2.rel1_2023.7/bin/../lib/gcc/arm-none-eabi/12.2.1/thumb/v7-m/nofp/crtn.o
 *crtbegin.o(.ctors)
 *crtbegin?.o(.ctors)
 *(EXCLUDE_FILE(*crtend.o *crtend?.o) .ctors)
 *(SORT_BY_NAME(.ctors.*))
 *(.ctors)
 *crtbegin.o(.dtors)
 *crtbegin?.o(.dtors)
 *(EXCLUDE_FILE(*crtend.o *crtend?.o) .dtors)
 *(SORT_BY_NAME(.dtors.*))
 *(.dtors)
 *(.rodata*)
 *(.eh_frame*)
 .eh_frame      0x00001928        0x0 c:/siliconlabs/simplicitystudio/v5_2/developer/toolchains/gnu_arm/12.2.rel1_2023.7/bin/../lib/gcc/arm-none-eabi/12.2.1/thumb/v7-m/nofp/crtbegin.o
 .eh_frame      0x00001928        0x4 c:/siliconlabs/simplicitystudio/v5_2/developer/toolchains/gnu_arm/12.2.rel1_2023.7/bin/../lib/gcc/arm-none-eabi/12.2.1/thumb/v7-m/nofp/crtend.o

.glue_7         0x0000192c        0x0
 .glue_7        0x0000192c        0x0 linker stubs

.glue_7t        0x0000192c        0x0
 .glue_7t       0x0000192c        0x0 linker stubs

.vfp11_veneer   0x0000192c        0x0
 .vfp11_veneer  0x0000192c        0x0 linker stubs

.v4_bx          0x0000192c        0x0
 .v4_bx         0x0000192c        0x0 linker stubs

.iplt           0x0000192c        0x0
 .iplt          0x0000192c        0x0 c:/siliconlabs/simplicitystudio/v5_2/developer/toolchains/gnu_arm/12.2.rel1_2023.7/bin/../lib/gcc/arm-none-eabi/12.2.1/thumb/v7-m/nofp/crtbegin.o

.ARM.extab
 *(.ARM.extab* .gnu.linkonce.armextab.*)
                0x0000192c                __exidx_start = .

.ARM.exidx      0x0000192c        0x8
 *(.ARM.exidx* .gnu.linkonce.armexidx.*)
 .ARM.exidx     0x0000192c        0x8 c:/siliconlabs/simplicitystudio/v5_2/developer/toolchains/gnu_arm/12.2.rel1_2023.7/bin/../lib/gcc/arm-none-eabi/12.2.1/thumb/v7-m/nofp/crt0.o
                                 0x10 (size before relaxing)
                0x00001934                __exidx_end = .
                0x00001934                __etext = .

.rel.dyn        0x00001934        0x0
 .rel.iplt      0x00001934        0x0 c:/siliconlabs/simplicitystudio/v5_2/developer/toolchains/gnu_arm/12.2.rel1_2023.7/bin/../lib/gcc/arm-none-eabi/12.2.1/thumb/v7-m/nofp/crtbegin.o

.data           0x20000000       0x14 load address 0x00001934
                0x20000000                __data_start__ = .
 *(vtable)
 *(.data*)
 .data.SystemHFXOClock
                0x20000000        0x4 ./CMSIS/EFM32GG/system_efm32gg.o
 .data.SystemLFXOClock
                0x20000004        0x4 ./CMSIS/EFM32GG/system_efm32gg.o
 .data.SystemCoreClock
                0x20000008        0x4 ./CMSIS/EFM32GG/system_efm32gg.o
                0x20000008                SystemCoreClock
                0x2000000c                . = ALIGN (0x4)
                [!provide]                PROVIDE (__ram_func_section_start = .)
 *(.ram)
                [!provide]                PROVIDE (__ram_func_section_end = .)
                0x2000000c                . = ALIGN (0x4)
                0x2000000c                PROVIDE (__preinit_array_start = .)
 *(.preinit_array)
                0x2000000c                PROVIDE (__preinit_array_end = .)
                0x2000000c                . = ALIGN (0x4)
                0x2000000c                PROVIDE (__init_array_start = .)
 *(SORT_BY_NAME(.init_array.*))
 *(.init_array)
 .init_array    0x2000000c        0x4 c:/siliconlabs/simplicitystudio/v5_2/developer/toolchains/gnu_arm/12.2.rel1_2023.7/bin/../lib/gcc/arm-none-eabi/12.2.1/thumb/v7-m/nofp/crtbegin.o
                0x20000010                PROVIDE (__init_array_end = .)
                0x20000010                . = ALIGN (0x4)
                [!provide]                PROVIDE (__fini_array_start = .)
 *(SORT_BY_NAME(.fini_array.*))
 *(.fini_array)
 .fini_array    0x20000010        0x4 c:/siliconlabs/simplicitystudio/v5_2/developer/toolchains/gnu_arm/12.2.rel1_2023.7/bin/../lib/gcc/arm-none-eabi/12.2.1/thumb/v7-m/nofp/crtbegin.o
                [!provide]                PROVIDE (__fini_array_end = .)
 *(.jcr*)
                0x20000014                . = ALIGN (0x4)
                0x20000014                __data_end__ = .

.tm_clone_table
                0x20000014        0x0 load address 0x00001948
 .tm_clone_table
                0x20000014        0x0 c:/siliconlabs/simplicitystudio/v5_2/developer/toolchains/gnu_arm/12.2.rel1_2023.7/bin/../lib/gcc/arm-none-eabi/12.2.1/thumb/v7-m/nofp/crtbegin.o
 .tm_clone_table
                0x20000014        0x0 c:/siliconlabs/simplicitystudio/v5_2/developer/toolchains/gnu_arm/12.2.rel1_2023.7/bin/../lib/gcc/arm-none-eabi/12.2.1/thumb/v7-m/nofp/crtend.o

.igot.plt       0x20000014        0x0 load address 0x00001948
 .igot.plt      0x20000014        0x0 c:/siliconlabs/simplicitystudio/v5_2/developer/toolchains/gnu_arm/12.2.rel1_2023.7/bin/../lib/gcc/arm-none-eabi/12.2.1/thumb/v7-m/nofp/crtbegin.o

.bss            0x20000014       0x28 load address 0x00001948
                0x20000014                . = ALIGN (0x4)
                0x20000014                __bss_start__ = .
 *(.bss*)
 .bss.completed.1
                0x20000014        0x1 c:/siliconlabs/simplicitystudio/v5_2/developer/toolchains/gnu_arm/12.2.rel1_2023.7/bin/../lib/gcc/arm-none-eabi/12.2.1/thumb/v7-m/nofp/crtbegin.o
 *fill*         0x20000015        0x3 
 .bss.object.0  0x20000018       0x18 c:/siliconlabs/simplicitystudio/v5_2/developer/toolchains/gnu_arm/12.2.rel1_2023.7/bin/../lib/gcc/arm-none-eabi/12.2.1/thumb/v7-m/nofp/crtbegin.o
 .bss.buttonCounter
                0x20000030        0x4 ./src/main.o
                0x20000030                buttonCounter
 .bss.savedValue
                0x20000034        0x4 ./src/main.o
                0x20000034                savedValue
 .bss.__stdio_exit_handler
                0x20000038        0x4 c:/siliconlabs/simplicitystudio/v5_2/developer/toolchains/gnu_arm/12.2.rel1_2023.7/bin/../lib/gcc/arm-none-eabi/12.2.1/thumb/v7-m/nofp\libc_nano.a(libc_a-findfp.o)
                0x20000038                __stdio_exit_handler
 *(COMMON)
                0x2000003c                . = ALIGN (0x4)
                0x2000003c                __bss_end__ = .

.heap           0x20000040      0xc00
                0x20000040                __HeapBase = .
                0x20000040                __end__ = .
                0x20000040                end = __end__
                0x20000040                _end = __end__
 *(.heap*)
 .heap          0x20000040      0xc00 ./CMSIS/EFM32GG/startup_efm32gg.o
                0x20000c40                __HeapLimit = .

.stack_dummy    0x20000040      0x400
 *(.stack*)
 .stack         0x20000040      0x400 ./CMSIS/EFM32GG/startup_efm32gg.o
                0x20020000                __StackTop = (ORIGIN (RAM) + LENGTH (RAM))
                0x2001fc00                __StackLimit = (__StackTop - SIZEOF (.stack_dummy))
                0x20020000                PROVIDE (__stack = __StackTop)
                0x00000001                ASSERT ((__StackLimit >= __HeapLimit), region RAM overflowed with stack)
                0x00000001                ASSERT ((LENGTH (FLASH) >= (__etext + SIZEOF (.data))), FLASH memory overflowed !)
OUTPUT(STK3700_EFM32GG_msc_rw.axf elf32-littlearm)
LOAD linker stubs

.ARM.attributes
                0x00000000       0x29
 .ARM.attributes
                0x00000000       0x1d c:/siliconlabs/simplicitystudio/v5_2/developer/toolchains/gnu_arm/12.2.rel1_2023.7/bin/../lib/gcc/arm-none-eabi/12.2.1/thumb/v7-m/nofp/crti.o
 .ARM.attributes
                0x0000001d       0x2d c:/siliconlabs/simplicitystudio/v5_2/developer/toolchains/gnu_arm/12.2.rel1_2023.7/bin/../lib/gcc/arm-none-eabi/12.2.1/thumb/v7-m/nofp/crtbegin.o
 .ARM.attributes
                0x0000004a       0x1b c:/siliconlabs/simplicitystudio/v5_2/developer/toolchains/gnu_arm/12.2.rel1_2023.7/bin/../lib/gcc/arm-none-eabi/12.2.1/thumb/v7-m/nofp/crt0.o
 .ARM.attributes
                0x00000065       0x1b ./CMSIS/EFM32GG/startup_efm32gg.o
 .ARM.attributes
                0x00000080       0x2d ./CMSIS/EFM32GG/system_efm32gg.o
 .ARM.attributes
                0x000000ad       0x2d ./em_gpio.o
 .ARM.attributes
                0x000000da       0x2d ./emlib/em_cmu.o
 .ARM.attributes
                0x00000107       0x2d ./emlib/em_msc.o
 .ARM.attributes
                0x00000134       0x2d ./emlib/em_system.o
 .ARM.attributes
                0x00000161       0x2d ./src/main.o
 .ARM.attributes
                0x0000018e       0x2d c:/siliconlabs/simplicitystudio/v5_2/developer/toolchains/gnu_arm/12.2.rel1_2023.7/bin/../lib/gcc/arm-none-eabi/12.2.1/thumb/v7-m/nofp\libc_nano.a(libc_a-exit.o)
 .ARM.attributes
                0x000001bb       0x2d c:/siliconlabs/simplicitystudio/v5_2/developer/toolchains/gnu_arm/12.2.rel1_2023.7/bin/../lib/gcc/arm-none-eabi/12.2.1/thumb/v7-m/nofp\libc_nano.a(libc_a-findfp.o)
 .ARM.attributes
                0x000001e8       0x2d c:/siliconlabs/simplicitystudio/v5_2/developer/toolchains/gnu_arm/12.2.rel1_2023.7/bin/../lib/gcc/arm-none-eabi/12.2.1/thumb/v7-m/nofp\libc_nano.a(libc_a-memset.o)
 .ARM.attributes
                0x00000215       0x2d c:/siliconlabs/simplicitystudio/v5_2/developer/toolchains/gnu_arm/12.2.rel1_2023.7/bin/../lib/gcc/arm-none-eabi/12.2.1/thumb/v7-m/nofp\libc_nano.a(libc_a-init.o)
 .ARM.attributes
                0x00000242       0x2d c:/siliconlabs/simplicitystudio/v5_2/developer/toolchains/gnu_arm/12.2.rel1_2023.7/bin/../lib/gcc/arm-none-eabi/12.2.1/thumb/v7-m/nofp\libnosys.a(_exit.o)
 .ARM.attributes
                0x0000026f       0x2d c:/siliconlabs/simplicitystudio/v5_2/developer/toolchains/gnu_arm/12.2.rel1_2023.7/bin/../lib/gcc/arm-none-eabi/12.2.1/thumb/v7-m/nofp/crtend.o
 .ARM.attributes
                0x0000029c       0x1d c:/siliconlabs/simplicitystudio/v5_2/developer/toolchains/gnu_arm/12.2.rel1_2023.7/bin/../lib/gcc/arm-none-eabi/12.2.1/thumb/v7-m/nofp/crtn.o

.comment        0x00000000       0x45
 .comment       0x00000000       0x45 ./CMSIS/EFM32GG/system_efm32gg.o
                                 0x46 (size before relaxing)
 .comment       0x00000045       0x46 ./em_gpio.o
 .comment       0x00000045       0x46 ./emlib/em_cmu.o
 .comment       0x00000045       0x46 ./emlib/em_msc.o
 .comment       0x00000045       0x46 ./emlib/em_system.o
 .comment       0x00000045       0x46 ./src/main.o

.debug_line_str
                0x00000000       0xdf
 .debug_line_str
                0x00000000       0xdf c:/siliconlabs/simplicitystudio/v5_2/developer/toolchains/gnu_arm/12.2.rel1_2023.7/bin/../lib/gcc/arm-none-eabi/12.2.1/thumb/v7-m/nofp/crt0.o

.debug_line     0x00000000     0x2db9
 .debug_line    0x00000000       0xd5 ./CMSIS/EFM32GG/startup_efm32gg.o
 .debug_line    0x000000d5      0x470 ./CMSIS/EFM32GG/system_efm32gg.o
 .debug_line    0x00000545      0x601 ./em_gpio.o
 .debug_line    0x00000b46     0x1341 ./emlib/em_cmu.o
 .debug_line    0x00001e87      0x7ad ./emlib/em_msc.o
 .debug_line    0x00002634      0x331 ./emlib/em_system.o
 .debug_line    0x00002965      0x454 ./src/main.o

.debug_info     0x00000000     0x407d
 .debug_info    0x00000000      0x2e3 ./CMSIS/EFM32GG/startup_efm32gg.o
 .debug_info    0x000002e3      0x7e4 ./CMSIS/EFM32GG/system_efm32gg.o
 .debug_info    0x00000ac7      0x6b6 ./em_gpio.o
 .debug_info    0x0000117d     0x17a8 ./emlib/em_cmu.o
 .debug_info    0x00002925      0x78e ./emlib/em_msc.o
 .debug_info    0x000030b3      0x2c1 ./emlib/em_system.o
 .debug_info    0x00003374      0xd09 ./src/main.o

.debug_abbrev   0x00000000      0xcd2
 .debug_abbrev  0x00000000       0x21 ./CMSIS/EFM32GG/startup_efm32gg.o
 .debug_abbrev  0x00000021      0x201 ./CMSIS/EFM32GG/system_efm32gg.o
 .debug_abbrev  0x00000222      0x1f3 ./em_gpio.o
 .debug_abbrev  0x00000415      0x306 ./emlib/em_cmu.o
 .debug_abbrev  0x0000071b      0x1e7 ./emlib/em_msc.o
 .debug_abbrev  0x00000902      0x146 ./emlib/em_system.o
 .debug_abbrev  0x00000a48      0x28a ./src/main.o

.debug_aranges  0x00000000      0x390
 .debug_aranges
                0x00000000       0x20 ./CMSIS/EFM32GG/startup_efm32gg.o
 .debug_aranges
                0x00000020       0x70 ./CMSIS/EFM32GG/system_efm32gg.o
 .debug_aranges
                0x00000090       0x78 ./em_gpio.o
 .debug_aranges
                0x00000108      0x190 ./emlib/em_cmu.o
 .debug_aranges
                0x00000298       0x68 ./emlib/em_msc.o
 .debug_aranges
                0x00000300       0x30 ./emlib/em_system.o
 .debug_aranges
                0x00000330       0x60 ./src/main.o

.debug_str      0x00000000     0x219e
 .debug_str     0x00000000      0x439 ./CMSIS/EFM32GG/startup_efm32gg.o
                                0x45a (size before relaxing)
 .debug_str     0x00000439      0x496 ./CMSIS/EFM32GG/system_efm32gg.o
                                0x56a (size before relaxing)
 .debug_str     0x000008cf      0x466 ./em_gpio.o
                                0x639 (size before relaxing)
 .debug_str     0x00000d35      0xd67 ./emlib/em_cmu.o
                               0x11c0 (size before relaxing)
 .debug_str     0x00001a9c      0x23e ./emlib/em_msc.o
                                0x711 (size before relaxing)
 .debug_str     0x00001cda      0x1c0 ./emlib/em_system.o
                                0x3d2 (size before relaxing)
 .debug_str     0x00001e9a      0x304 ./src/main.o
                                0xc51 (size before relaxing)

.debug_loc      0x00000000     0x1d20
 .debug_loc     0x00000000      0x31c ./CMSIS/EFM32GG/system_efm32gg.o
 .debug_loc     0x0000031c      0x420 ./em_gpio.o
 .debug_loc     0x0000073c      0xef8 ./emlib/em_cmu.o
 .debug_loc     0x00001634      0x350 ./emlib/em_msc.o
 .debug_loc     0x00001984       0xfc ./emlib/em_system.o
 .debug_loc     0x00001a80      0x2a0 ./src/main.o

.debug_ranges   0x00000000      0x310
 .debug_ranges  0x00000000       0x60 ./CMSIS/EFM32GG/system_efm32gg.o
 .debug_ranges  0x00000060       0x68 ./em_gpio.o
 .debug_ranges  0x000000c8      0x180 ./emlib/em_cmu.o
 .debug_ranges  0x00000248       0x58 ./emlib/em_msc.o
 .debug_ranges  0x000002a0       0x20 ./emlib/em_system.o
 .debug_ranges  0x000002c0       0x50 ./src/main.o

.debug_frame    0x00000000      0xf68
 .debug_frame   0x00000000      0x180 ./CMSIS/EFM32GG/system_efm32gg.o
 .debug_frame   0x00000180      0x1e0 ./em_gpio.o
 .debug_frame   0x00000360      0x6dc ./emlib/em_cmu.o
 .debug_frame   0x00000a3c      0x188 ./emlib/em_msc.o
 .debug_frame   0x00000bc4       0x80 ./emlib/em_system.o
 .debug_frame   0x00000c44      0x14c ./src/main.o
 .debug_frame   0x00000d90       0x28 c:/siliconlabs/simplicitystudio/v5_2/developer/toolchains/gnu_arm/12.2.rel1_2023.7/bin/../lib/gcc/arm-none-eabi/12.2.1/thumb/v7-m/nofp\libc_nano.a(libc_a-exit.o)
 .debug_frame   0x00000db8      0x144 c:/siliconlabs/simplicitystudio/v5_2/developer/toolchains/gnu_arm/12.2.rel1_2023.7/bin/../lib/gcc/arm-none-eabi/12.2.1/thumb/v7-m/nofp\libc_nano.a(libc_a-findfp.o)
 .debug_frame   0x00000efc       0x20 c:/siliconlabs/simplicitystudio/v5_2/developer/toolchains/gnu_arm/12.2.rel1_2023.7/bin/../lib/gcc/arm-none-eabi/12.2.1/thumb/v7-m/nofp\libc_nano.a(libc_a-memset.o)
 .debug_frame   0x00000f1c       0x2c c:/siliconlabs/simplicitystudio/v5_2/developer/toolchains/gnu_arm/12.2.rel1_2023.7/bin/../lib/gcc/arm-none-eabi/12.2.1/thumb/v7-m/nofp\libc_nano.a(libc_a-init.o)
 .debug_frame   0x00000f48       0x20 c:/siliconlabs/simplicitystudio/v5_2/developer/toolchains/gnu_arm/12.2.rel1_2023.7/bin/../lib/gcc/arm-none-eabi/12.2.1/thumb/v7-m/nofp\libnosys.a(_exit.o)
