Archive member included to satisfy reference by file (symbol)

c:/siliconlabs/simplicitystudio/v5_2/developer/toolchains/gnu_arm/12.2.rel1_2023.7/bin/../lib/gcc/arm-none-eabi/12.2.1/thumb/v6-m/nofp\libgcc.a(_udivsi3.o)
                              ./emlib/em_cmu.o (__aeabi_uidiv)
c:/siliconlabs/simplicitystudio/v5_2/developer/toolchains/gnu_arm/12.2.rel1_2023.7/bin/../lib/gcc/arm-none-eabi/12.2.1/thumb/v6-m/nofp\libgcc.a(_dvmd_tls.o)
                              c:/siliconlabs/simplicitystudio/v5_2/developer/toolchains/gnu_arm/12.2.rel1_2023.7/bin/../lib/gcc/arm-none-eabi/12.2.1/thumb/v6-m/nofp\libgcc.a(_udivsi3.o) (__aeabi_idiv0)
c:/siliconlabs/simplicitystudio/v5_2/developer/toolchains/gnu_arm/12.2.rel1_2023.7/bin/../lib/gcc/arm-none-eabi/12.2.1/thumb/v6-m/nofp\libgcc.a(_clzsi2.o)
                              ./emlib/em_cmu.o (__clzsi2)
c:/siliconlabs/simplicitystudio/v5_2/developer/toolchains/gnu_arm/12.2.rel1_2023.7/bin/../lib/gcc/arm-none-eabi/12.2.1/thumb/v6-m/nofp\libc_nano.a(libc_a-exit.o)
                              c:/siliconlabs/simplicitystudio/v5_2/developer/toolchains/gnu_arm/12.2.rel1_2023.7/bin/../lib/gcc/arm-none-eabi/12.2.1/thumb/v6-m/nofp/crt0.o (exit)
c:/siliconlabs/simplicitystudio/v5_2/developer/toolchains/gnu_arm/12.2.rel1_2023.7/bin/../lib/gcc/arm-none-eabi/12.2.1/thumb/v6-m/nofp\libc_nano.a(libc_a-findfp.o)
                              c:/siliconlabs/simplicitystudio/v5_2/developer/toolchains/gnu_arm/12.2.rel1_2023.7/bin/../lib/gcc/arm-none-eabi/12.2.1/thumb/v6-m/nofp\libc_nano.a(libc_a-exit.o) (__stdio_exit_handler)
c:/siliconlabs/simplicitystudio/v5_2/developer/toolchains/gnu_arm/12.2.rel1_2023.7/bin/../lib/gcc/arm-none-eabi/12.2.1/thumb/v6-m/nofp\libc_nano.a(libc_a-fwalk.o)
                              c:/siliconlabs/simplicitystudio/v5_2/developer/toolchains/gnu_arm/12.2.rel1_2023.7/bin/../lib/gcc/arm-none-eabi/12.2.1/thumb/v6-m/nofp\libc_nano.a(libc_a-findfp.o) (_fwalk_sglue)
c:/siliconlabs/simplicitystudio/v5_2/developer/toolchains/gnu_arm/12.2.rel1_2023.7/bin/../lib/gcc/arm-none-eabi/12.2.1/thumb/v6-m/nofp\libc_nano.a(libc_a-stdio.o)
                              c:/siliconlabs/simplicitystudio/v5_2/developer/toolchains/gnu_arm/12.2.rel1_2023.7/bin/../lib/gcc/arm-none-eabi/12.2.1/thumb/v6-m/nofp\libc_nano.a(libc_a-findfp.o) (__sread)
c:/siliconlabs/simplicitystudio/v5_2/developer/toolchains/gnu_arm/12.2.rel1_2023.7/bin/../lib/gcc/arm-none-eabi/12.2.1/thumb/v6-m/nofp\libc_nano.a(libc_a-memset.o)
                              c:/siliconlabs/simplicitystudio/v5_2/developer/toolchains/gnu_arm/12.2.rel1_2023.7/bin/../lib/gcc/arm-none-eabi/12.2.1/thumb/v6-m/nofp/crt0.o (memset)
c:/siliconlabs/simplicitystudio/v5_2/developer/toolchains/gnu_arm/12.2.rel1_2023.7/bin/../lib/gcc/arm-none-eabi/12.2.1/thumb/v6-m/nofp\libc_nano.a(libc_a-closer.o)
                              c:/siliconlabs/simplicitystudio/v5_2/developer/toolchains/gnu_arm/12.2.rel1_2023.7/bin/../lib/gcc/arm-none-eabi/12.2.1/thumb/v6-m/nofp\libc_nano.a(libc_a-stdio.o) (_close_r)
c:/siliconlabs/simplicitystudio/v5_2/developer/toolchains/gnu_arm/12.2.rel1_2023.7/bin/../lib/gcc/arm-none-eabi/12.2.1/thumb/v6-m/nofp\libc_nano.a(libc_a-reent.o)
                              c:/siliconlabs/simplicitystudio/v5_2/developer/toolchains/gnu_arm/12.2.rel1_2023.7/bin/../lib/gcc/arm-none-eabi/12.2.1/thumb/v6-m/nofp\libc_nano.a(libc_a-closer.o) (errno)
c:/siliconlabs/simplicitystudio/v5_2/developer/toolchains/gnu_arm/12.2.rel1_2023.7/bin/../lib/gcc/arm-none-eabi/12.2.1/thumb/v6-m/nofp\libc_nano.a(libc_a-impure.o)
                              c:/siliconlabs/simplicitystudio/v5_2/developer/toolchains/gnu_arm/12.2.rel1_2023.7/bin/../lib/gcc/arm-none-eabi/12.2.1/thumb/v6-m/nofp\libc_nano.a(libc_a-reent.o) (_impure_ptr)
c:/siliconlabs/simplicitystudio/v5_2/developer/toolchains/gnu_arm/12.2.rel1_2023.7/bin/../lib/gcc/arm-none-eabi/12.2.1/thumb/v6-m/nofp\libc_nano.a(libc_a-lseekr.o)
                              c:/siliconlabs/simplicitystudio/v5_2/developer/toolchains/gnu_arm/12.2.rel1_2023.7/bin/../lib/gcc/arm-none-eabi/12.2.1/thumb/v6-m/nofp\libc_nano.a(libc_a-stdio.o) (_lseek_r)
c:/siliconlabs/simplicitystudio/v5_2/developer/toolchains/gnu_arm/12.2.rel1_2023.7/bin/../lib/gcc/arm-none-eabi/12.2.1/thumb/v6-m/nofp\libc_nano.a(libc_a-readr.o)
                              c:/siliconlabs/simplicitystudio/v5_2/developer/toolchains/gnu_arm/12.2.rel1_2023.7/bin/../lib/gcc/arm-none-eabi/12.2.1/thumb/v6-m/nofp\libc_nano.a(libc_a-stdio.o) (_read_r)
c:/siliconlabs/simplicitystudio/v5_2/developer/toolchains/gnu_arm/12.2.rel1_2023.7/bin/../lib/gcc/arm-none-eabi/12.2.1/thumb/v6-m/nofp\libc_nano.a(libc_a-writer.o)
                              c:/siliconlabs/simplicitystudio/v5_2/developer/toolchains/gnu_arm/12.2.rel1_2023.7/bin/../lib/gcc/arm-none-eabi/12.2.1/thumb/v6-m/nofp\libc_nano.a(libc_a-stdio.o) (_write_r)
c:/siliconlabs/simplicitystudio/v5_2/developer/toolchains/gnu_arm/12.2.rel1_2023.7/bin/../lib/gcc/arm-none-eabi/12.2.1/thumb/v6-m/nofp\libc_nano.a(libc_a-init.o)
                              c:/siliconlabs/simplicitystudio/v5_2/developer/toolchains/gnu_arm/12.2.rel1_2023.7/bin/../lib/gcc/arm-none-eabi/12.2.1/thumb/v6-m/nofp/crt0.o (__libc_init_array)
c:/siliconlabs/simplicitystudio/v5_2/developer/toolchains/gnu_arm/12.2.rel1_2023.7/bin/../lib/gcc/arm-none-eabi/12.2.1/thumb/v6-m/nofp\libc_nano.a(libc_a-lock.o)
                              c:/siliconlabs/simplicitystudio/v5_2/developer/toolchains/gnu_arm/12.2.rel1_2023.7/bin/../lib/gcc/arm-none-eabi/12.2.1/thumb/v6-m/nofp\libc_nano.a(libc_a-findfp.o) (__retarget_lock_init_recursive)
c:/siliconlabs/simplicitystudio/v5_2/developer/toolchains/gnu_arm/12.2.rel1_2023.7/bin/../lib/gcc/arm-none-eabi/12.2.1/thumb/v6-m/nofp\libc_nano.a(libc_a-freer.o)
                              c:/siliconlabs/simplicitystudio/v5_2/developer/toolchains/gnu_arm/12.2.rel1_2023.7/bin/../lib/gcc/arm-none-eabi/12.2.1/thumb/v6-m/nofp\libc_nano.a(libc_a-reent.o) (_free_r)
c:/siliconlabs/simplicitystudio/v5_2/developer/toolchains/gnu_arm/12.2.rel1_2023.7/bin/../lib/gcc/arm-none-eabi/12.2.1/thumb/v6-m/nofp\libc_nano.a(libc_a-mallocr.o)
                              c:/siliconlabs/simplicitystudio/v5_2/developer/toolchains/gnu_arm/12.2.rel1_2023.7/bin/../lib/gcc/arm-none-eabi/12.2.1/thumb/v6-m/nofp\libc_nano.a(libc_a-findfp.o) (_malloc_r)
c:/siliconlabs/simplicitystudio/v5_2/developer/toolchains/gnu_arm/12.2.rel1_2023.7/bin/../lib/gcc/arm-none-eabi/12.2.1/thumb/v6-m/nofp\libc_nano.a(libc_a-mlock.o)
                              c:/siliconlabs/simplicitystudio/v5_2/developer/toolchains/gnu_arm/12.2.rel1_2023.7/bin/../lib/gcc/arm-none-eabi/12.2.1/thumb/v6-m/nofp\libc_nano.a(libc_a-freer.o) (__malloc_lock)
c:/siliconlabs/simplicitystudio/v5_2/developer/toolchains/gnu_arm/12.2.rel1_2023.7/bin/../lib/gcc/arm-none-eabi/12.2.1/thumb/v6-m/nofp\libc_nano.a(libc_a-fflush.o)
                              c:/siliconlabs/simplicitystudio/v5_2/developer/toolchains/gnu_arm/12.2.rel1_2023.7/bin/../lib/gcc/arm-none-eabi/12.2.1/thumb/v6-m/nofp\libc_nano.a(libc_a-findfp.o) (_fflush_r)
c:/siliconlabs/simplicitystudio/v5_2/developer/toolchains/gnu_arm/12.2.rel1_2023.7/bin/../lib/gcc/arm-none-eabi/12.2.1/thumb/v6-m/nofp\libc_nano.a(libc_a-sbrkr.o)
                              c:/siliconlabs/simplicitystudio/v5_2/developer/toolchains/gnu_arm/12.2.rel1_2023.7/bin/../lib/gcc/arm-none-eabi/12.2.1/thumb/v6-m/nofp\libc_nano.a(libc_a-mallocr.o) (_sbrk_r)
c:/siliconlabs/simplicitystudio/v5_2/developer/toolchains/gnu_arm/12.2.rel1_2023.7/bin/../lib/gcc/arm-none-eabi/12.2.1/thumb/v6-m/nofp\libnosys.a(sbrk.o)
                              c:/siliconlabs/simplicitystudio/v5_2/developer/toolchains/gnu_arm/12.2.rel1_2023.7/bin/../lib/gcc/arm-none-eabi/12.2.1/thumb/v6-m/nofp\libc_nano.a(libc_a-sbrkr.o) (_sbrk)
c:/siliconlabs/simplicitystudio/v5_2/developer/toolchains/gnu_arm/12.2.rel1_2023.7/bin/../lib/gcc/arm-none-eabi/12.2.1/thumb/v6-m/nofp\libnosys.a(_exit.o)
                              c:/siliconlabs/simplicitystudio/v5_2/developer/toolchains/gnu_arm/12.2.rel1_2023.7/bin/../lib/gcc/arm-none-eabi/12.2.1/thumb/v6-m/nofp\libc_nano.a(libc_a-exit.o) (_exit)

Discarded input sections

 .text          0x00000000        0x0 c:/siliconlabs/simplicitystudio/v5_2/developer/toolchains/gnu_arm/12.2.rel1_2023.7/bin/../lib/gcc/arm-none-eabi/12.2.1/thumb/v6-m/nofp/crti.o
 .data          0x00000000        0x0 c:/siliconlabs/simplicitystudio/v5_2/developer/toolchains/gnu_arm/12.2.rel1_2023.7/bin/../lib/gcc/arm-none-eabi/12.2.1/thumb/v6-m/nofp/crti.o
 .bss           0x00000000        0x0 c:/siliconlabs/simplicitystudio/v5_2/developer/toolchains/gnu_arm/12.2.rel1_2023.7/bin/../lib/gcc/arm-none-eabi/12.2.1/thumb/v6-m/nofp/crti.o
 .text          0x00000000        0x0 c:/siliconlabs/simplicitystudio/v5_2/developer/toolchains/gnu_arm/12.2.rel1_2023.7/bin/../lib/gcc/arm-none-eabi/12.2.1/thumb/v6-m/nofp/crtbegin.o
 .data          0x00000000        0x0 c:/siliconlabs/simplicitystudio/v5_2/developer/toolchains/gnu_arm/12.2.rel1_2023.7/bin/../lib/gcc/arm-none-eabi/12.2.1/thumb/v6-m/nofp/crtbegin.o
 .bss           0x00000000        0x0 c:/siliconlabs/simplicitystudio/v5_2/developer/toolchains/gnu_arm/12.2.rel1_2023.7/bin/../lib/gcc/arm-none-eabi/12.2.1/thumb/v6-m/nofp/crtbegin.o
 .rodata.all_implied_fbits
                0x00000000       0x24 c:/siliconlabs/simplicitystudio/v5_2/developer/toolchains/gnu_arm/12.2.rel1_2023.7/bin/../lib/gcc/arm-none-eabi/12.2.1/thumb/v6-m/nofp/crtbegin.o
 .data.__dso_handle
                0x00000000        0x4 c:/siliconlabs/simplicitystudio/v5_2/developer/toolchains/gnu_arm/12.2.rel1_2023.7/bin/../lib/gcc/arm-none-eabi/12.2.1/thumb/v6-m/nofp/crtbegin.o
 .data          0x00000000        0x0 c:/siliconlabs/simplicitystudio/v5_2/developer/toolchains/gnu_arm/12.2.rel1_2023.7/bin/../lib/gcc/arm-none-eabi/12.2.1/thumb/v6-m/nofp/crt0.o
 .bss           0x00000000        0x0 c:/siliconlabs/simplicitystudio/v5_2/developer/toolchains/gnu_arm/12.2.rel1_2023.7/bin/../lib/gcc/arm-none-eabi/12.2.1/thumb/v6-m/nofp/crt0.o
 .ARM.extab     0x00000000        0x0 c:/siliconlabs/simplicitystudio/v5_2/developer/toolchains/gnu_arm/12.2.rel1_2023.7/bin/../lib/gcc/arm-none-eabi/12.2.1/thumb/v6-m/nofp/crt0.o
 .data          0x00000000        0x0 ./CMSIS/EFM32ZG/startup_efm32zg.o
 .bss           0x00000000        0x0 ./CMSIS/EFM32ZG/startup_efm32zg.o
 .text          0x00000000        0x0 ./CMSIS/EFM32ZG/system_efm32zg.o
 .data          0x00000000        0x0 ./CMSIS/EFM32ZG/system_efm32zg.o
 .bss           0x00000000        0x0 ./CMSIS/EFM32ZG/system_efm32zg.o
 .text.SystemMaxCoreClockGet
                0x00000000       0x10 ./CMSIS/EFM32ZG/system_efm32zg.o
 .text.SystemHFXOClockGet
                0x00000000       0x14 ./CMSIS/EFM32ZG/system_efm32zg.o
 .text.SystemHFXOClockSet
                0x00000000       0x30 ./CMSIS/EFM32ZG/system_efm32zg.o
 .text.SystemLFXOClockSet
                0x00000000       0x30 ./CMSIS/EFM32ZG/system_efm32zg.o
 .text          0x00000000        0x0 ./emlib/em_cmu.o
 .data          0x00000000        0x0 ./emlib/em_cmu.o
 .bss           0x00000000        0x0 ./emlib/em_cmu.o
 .text.BUS_RegBitRead
                0x00000000       0x20 ./emlib/em_cmu.o
 .text.BUS_RegMaskedWrite
                0x00000000       0x26 ./emlib/em_cmu.o
 .text.CMU_DivToLog2
                0x00000000       0x26 ./emlib/em_cmu.o
 .data.lfxo_precision
                0x00000000        0x2 ./emlib/em_cmu.o
 .text.flashWaitStateControl
                0x00000000       0x54 ./emlib/em_cmu.o
 .text.flashWaitStateMax
                0x00000000       0x44 ./emlib/em_cmu.o
 .text.CMU_UpdateWaitStates
                0x00000000       0x48 ./emlib/em_cmu.o
 .text.hfperClkSafePrescaler
                0x00000000        0xa ./emlib/em_cmu.o
 .text.hfperClkOptimizedPrescaler
                0x00000000        0xa ./emlib/em_cmu.o
 .text.CMU_AUXHFRCOBandGet
                0x00000000       0x1c ./emlib/em_cmu.o
 .text.CMU_AUXHFRCOBandSet
                0x00000000       0x90 ./emlib/em_cmu.o
 .rodata.CMU_AUXHFRCOBandSet
                0x00000000       0x20 ./emlib/em_cmu.o
 .text.CMU_Calibrate
                0x00000000       0x80 ./emlib/em_cmu.o
 .rodata.CMU_Calibrate
                0x00000000       0x14 ./emlib/em_cmu.o
 .text.CMU_CalibrateConfig
                0x00000000       0xc8 ./emlib/em_cmu.o
 .rodata.CMU_CalibrateConfig
                0x00000000       0x28 ./emlib/em_cmu.o
 .text.CMU_CalibrateCountGet
                0x00000000       0x38 ./emlib/em_cmu.o
 .text.CMU_ClockDivSet
                0x00000000      0x128 ./emlib/em_cmu.o
 .rodata.CMU_ClockDivSet
                0x00000000       0x28 ./emlib/em_cmu.o
 .text.CMU_ClockSelectSet
                0x00000000      0x17c ./emlib/em_cmu.o
 .rodata.CMU_ClockSelectSet
                0x00000000       0x58 ./emlib/em_cmu.o
 .text.CMU_LF_ClockPrecisionGet
                0x00000000       0x4c ./emlib/em_cmu.o
 .text.CMU_FreezeEnable
                0x00000000       0x38 ./emlib/em_cmu.o
 .text.CMU_HFRCOBandGet
                0x00000000       0x1c ./emlib/em_cmu.o
 .text.CMU_HFRCOBandSet
                0x00000000       0xc8 ./emlib/em_cmu.o
 .rodata.CMU_HFRCOBandSet
                0x00000000       0x14 ./emlib/em_cmu.o
 .text.CMU_HFRCOStartupDelayGet
                0x00000000       0x18 ./emlib/em_cmu.o
 .text.CMU_HFRCOStartupDelaySet
                0x00000000       0x34 ./emlib/em_cmu.o
 .text.CMU_HFXOInit
                0x00000000       0x5c ./emlib/em_cmu.o
 .text.CMU_LCDClkFDIVGet
                0x00000000        0xc ./emlib/em_cmu.o
 .text.CMU_LCDClkFDIVSet
                0x00000000       0x10 ./emlib/em_cmu.o
 .text.CMU_LFXOInit
                0x00000000       0x68 ./emlib/em_cmu.o
 .text.CMU_LFXOPrecisionSet
                0x00000000       0x20 ./emlib/em_cmu.o
 .text.CMU_OscillatorEnable
                0x00000000       0xc0 ./emlib/em_cmu.o
 .rodata.CMU_OscillatorEnable
                0x00000000       0x14 ./emlib/em_cmu.o
 .text.CMU_OscillatorTuningGet
                0x00000000       0x58 ./emlib/em_cmu.o
 .text.CMU_OscillatorTuningSet
                0x00000000       0x84 ./emlib/em_cmu.o
 .text.CMU_PCNTClockExternalGet
                0x00000000       0x34 ./emlib/em_cmu.o
 .text.CMU_PCNTClockExternalSet
                0x00000000       0x3c ./emlib/em_cmu.o
 .text          0x00000000        0x0 ./emlib/em_core.o
 .data          0x00000000        0x0 ./emlib/em_core.o
 .bss           0x00000000        0x0 ./emlib/em_core.o
 .text.__NVIC_GetPriority
                0x00000000       0x7c ./emlib/em_core.o
 .text.CORE_CriticalDisableIrq
                0x00000000        0xe ./emlib/em_core.o
 .text.CORE_CriticalEnableIrq
                0x00000000        0xe ./emlib/em_core.o
 .text.CORE_EnterCritical
                0x00000000       0x1e ./emlib/em_core.o
 .text.CORE_ExitCritical
                0x00000000       0x1a ./emlib/em_core.o
 .text.CORE_YieldCritical
                0x00000000       0x2a ./emlib/em_core.o
 .text.CORE_AtomicDisableIrq
                0x00000000        0xe ./emlib/em_core.o
 .text.CORE_AtomicEnableIrq
                0x00000000        0xe ./emlib/em_core.o
 .text.CORE_EnterAtomic
                0x00000000       0x1e ./emlib/em_core.o
 .text.CORE_ExitAtomic
                0x00000000       0x1a ./emlib/em_core.o
 .text.CORE_YieldAtomic
                0x00000000       0x2a ./emlib/em_core.o
 .text.CORE_EnterNvicMask
                0x00000000       0x38 ./emlib/em_core.o
 .text.CORE_NvicDisableMask
                0x00000000       0x2c ./emlib/em_core.o
 .text.CORE_NvicEnableMask
                0x00000000       0x2c ./emlib/em_core.o
 .text.CORE_YieldNvicMask
                0x00000000       0x58 ./emlib/em_core.o
 .text.CORE_NvicMaskSetIRQ
                0x00000000       0x48 ./emlib/em_core.o
 .text.CORE_NvicMaskClearIRQ
                0x00000000       0x4a ./emlib/em_core.o
 .text.CORE_InIrqContext
                0x00000000       0x1c ./emlib/em_core.o
 .text.CORE_IrqIsBlocked
                0x00000000       0x84 ./emlib/em_core.o
 .text.CORE_IrqIsDisabled
                0x00000000       0x22 ./emlib/em_core.o
 .text.CORE_GetNvicEnabledMask
                0x00000000       0x2c ./emlib/em_core.o
 .text.CORE_GetNvicMaskDisableState
                0x00000000       0x38 ./emlib/em_core.o
 .text.CORE_NvicIRQDisabled
                0x00000000       0x48 ./emlib/em_core.o
 .text.CORE_GetNvicRamTableHandler
                0x00000000       0x30 ./emlib/em_core.o
 .text.CORE_SetNvicRamTableHandler
                0x00000000       0x34 ./emlib/em_core.o
 .text.CORE_InitNvicVectorTable
                0x00000000       0xc4 ./emlib/em_core.o
 .debug_info    0x00000000      0xb34 ./emlib/em_core.o
 .debug_abbrev  0x00000000      0x26d ./emlib/em_core.o
 .debug_loc     0x00000000      0x574 ./emlib/em_core.o
 .debug_aranges
                0x00000000       0xe8 ./emlib/em_core.o
 .debug_ranges  0x00000000       0xd8 ./emlib/em_core.o
 .debug_line    0x00000000      0x7bf ./emlib/em_core.o
 .debug_str     0x00000000      0x703 ./emlib/em_core.o
 .comment       0x00000000       0x46 ./emlib/em_core.o
 .debug_frame   0x00000000      0x33c ./emlib/em_core.o
 .ARM.attributes
                0x00000000       0x2c ./emlib/em_core.o
 .text          0x00000000        0x0 ./emlib/em_emu.o
 .data          0x00000000        0x0 ./emlib/em_emu.o
 .bss           0x00000000        0x0 ./emlib/em_emu.o
 .text.SystemCoreClockUpdate
                0x00000000        0xe ./emlib/em_emu.o
 .text.EMU_Unlock
                0x00000000       0x18 ./emlib/em_emu.o
 .text.CMU_Lock
                0x00000000       0x18 ./emlib/em_emu.o
 .text.CMU_Unlock
                0x00000000       0x1c ./emlib/em_emu.o
 .ram           0x00000000       0x10 ./emlib/em_emu.o
 .text.emState  0x00000000       0xd0 ./emlib/em_emu.o
 .text.getErrataFixEmuE107En
                0x00000000        0xc ./emlib/em_emu.o
 .text.EMU_EM23PresleepHook
                0x00000000        0xa ./emlib/em_emu.o
 .text.EMU_EM23PostsleepHook
                0x00000000        0xa ./emlib/em_emu.o
 .text.EMU_EnterEM2
                0x00000000       0xb8 ./emlib/em_emu.o
 .text.EMU_EnterEM3
                0x00000000       0xdc ./emlib/em_emu.o
 .text.EMU_Save
                0x00000000       0x10 ./emlib/em_emu.o
 .text.EMU_Restore
                0x00000000       0x10 ./emlib/em_emu.o
 .text.EMU_EnterEM4
                0x00000000       0x54 ./emlib/em_emu.o
 .text.EMU_MemPwrDown
                0x00000000       0x10 ./emlib/em_emu.o
 .text.EMU_RamPowerDown
                0x00000000       0x24 ./emlib/em_emu.o
 .text.EMU_RamPowerUp
                0x00000000        0xa ./emlib/em_emu.o
 .text.EMU_UpdateOscConfig
                0x00000000       0x10 ./emlib/em_emu.o
 .text.EMU_EM23Init
                0x00000000       0x34 ./emlib/em_emu.o
 .bss.cmuStatus.1
                0x00000000        0x4 ./emlib/em_emu.o
 .bss.hfClock.0
                0x00000000        0x1 ./emlib/em_emu.o
 .debug_info    0x00000000      0xa83 ./emlib/em_emu.o
 .debug_abbrev  0x00000000      0x283 ./emlib/em_emu.o
 .debug_loc     0x00000000      0x398 ./emlib/em_emu.o
 .debug_aranges
                0x00000000       0xb0 ./emlib/em_emu.o
 .debug_ranges  0x00000000       0xa0 ./emlib/em_emu.o
 .debug_line    0x00000000      0x682 ./emlib/em_emu.o
 .debug_str     0x00000000      0x824 ./emlib/em_emu.o
 .comment       0x00000000       0x46 ./emlib/em_emu.o
 .debug_frame   0x00000000      0x248 ./emlib/em_emu.o
 .ARM.attributes
                0x00000000       0x2c ./emlib/em_emu.o
 .text          0x00000000        0x0 ./emlib/em_gpio.o
 .data          0x00000000        0x0 ./emlib/em_gpio.o
 .bss           0x00000000        0x0 ./emlib/em_gpio.o
 .text.GPIO_EM4SetPinRetention
                0x00000000       0x28 ./emlib/em_gpio.o
 .text.GPIO_DbgLocationSet
                0x00000000       0x10 ./emlib/em_gpio.o
 .text.GPIO_DriveModeSet
                0x00000000       0x78 ./emlib/em_gpio.o
 .text.GPIO_PinModeGet
                0x00000000       0x90 ./emlib/em_gpio.o
 .text.GPIO_EM4EnablePinWakeup
                0x00000000       0x68 ./emlib/em_gpio.o
 .text          0x00000000        0x0 ./emlib/em_i2c.o
 .data          0x00000000        0x0 ./emlib/em_i2c.o
 .bss           0x00000000        0x0 ./emlib/em_i2c.o
 .bss.i2cTransfer
                0x00000000        0xc ./emlib/em_i2c.o
 .text.flushRx  0x00000000       0x24 ./emlib/em_i2c.o
 .text.I2C_BusFreqGet
                0x00000000       0x5c ./emlib/em_i2c.o
 .text.I2C_Reset
                0x00000000       0x4c ./emlib/em_i2c.o
 .text.I2C_Transfer
                0x00000000      0x454 ./emlib/em_i2c.o
 .rodata.I2C_Transfer
                0x00000000       0x24 ./emlib/em_i2c.o
 .text.I2C_TransferInit
                0x00000000       0xc0 ./emlib/em_i2c.o
 .text          0x00000000        0x0 ./emlib/em_system.o
 .data          0x00000000        0x0 ./emlib/em_system.o
 .bss           0x00000000        0x0 ./emlib/em_system.o
 .text.SYSTEM_ChipRevisionGet
                0x00000000       0x8c ./emlib/em_system.o
 .text.SYSTEM_GetCalibrationValue
                0x00000000       0x54 ./emlib/em_system.o
 .text.SYSTEM_GetSecurityCapability
                0x00000000        0xc ./emlib/em_system.o
 .debug_info    0x00000000      0x2d6 ./emlib/em_system.o
 .debug_abbrev  0x00000000      0x146 ./emlib/em_system.o
 .debug_loc     0x00000000       0x9c ./emlib/em_system.o
 .debug_aranges
                0x00000000       0x30 ./emlib/em_system.o
 .debug_ranges  0x00000000       0x20 ./emlib/em_system.o
 .debug_line    0x00000000      0x331 ./emlib/em_system.o
 .debug_str     0x00000000      0x3e8 ./emlib/em_system.o
 .comment       0x00000000       0x46 ./emlib/em_system.o
 .debug_frame   0x00000000       0x6c ./emlib/em_system.o
 .ARM.attributes
                0x00000000       0x2c ./emlib/em_system.o
 .text          0x00000000        0x0 ./src/main.o
 .data          0x00000000        0x0 ./src/main.o
 .bss           0x00000000        0x0 ./src/main.o
 .text          0x00000000        0x0 ./src/syscalls.o
 .data          0x00000000        0x0 ./src/syscalls.o
 .bss           0x00000000        0x0 ./src/syscalls.o
 .text._write   0x00000000       0x16 ./src/syscalls.o
 .text._read    0x00000000       0x16 ./src/syscalls.o
 .text._close   0x00000000       0x14 ./src/syscalls.o
 .text._lseek   0x00000000       0x18 ./src/syscalls.o
 .debug_info    0x00000000      0x18f ./src/syscalls.o
 .debug_abbrev  0x00000000       0x91 ./src/syscalls.o
 .debug_loc     0x00000000       0xe0 ./src/syscalls.o
 .debug_aranges
                0x00000000       0x38 ./src/syscalls.o
 .debug_ranges  0x00000000       0x28 ./src/syscalls.o
 .debug_line    0x00000000       0x8c ./src/syscalls.o
 .debug_str     0x00000000      0x1db ./src/syscalls.o
 .comment       0x00000000       0x46 ./src/syscalls.o
 .debug_frame   0x00000000       0x90 ./src/syscalls.o
 .ARM.attributes
                0x00000000       0x2c ./src/syscalls.o
 .data          0x00000000        0x0 c:/siliconlabs/simplicitystudio/v5_2/developer/toolchains/gnu_arm/12.2.rel1_2023.7/bin/../lib/gcc/arm-none-eabi/12.2.1/thumb/v6-m/nofp\libgcc.a(_udivsi3.o)
 .bss           0x00000000        0x0 c:/siliconlabs/simplicitystudio/v5_2/developer/toolchains/gnu_arm/12.2.rel1_2023.7/bin/../lib/gcc/arm-none-eabi/12.2.1/thumb/v6-m/nofp\libgcc.a(_udivsi3.o)
 .data          0x00000000        0x0 c:/siliconlabs/simplicitystudio/v5_2/developer/toolchains/gnu_arm/12.2.rel1_2023.7/bin/../lib/gcc/arm-none-eabi/12.2.1/thumb/v6-m/nofp\libgcc.a(_dvmd_tls.o)
 .bss           0x00000000        0x0 c:/siliconlabs/simplicitystudio/v5_2/developer/toolchains/gnu_arm/12.2.rel1_2023.7/bin/../lib/gcc/arm-none-eabi/12.2.1/thumb/v6-m/nofp\libgcc.a(_dvmd_tls.o)
 .text          0x00000000       0x3c c:/siliconlabs/simplicitystudio/v5_2/developer/toolchains/gnu_arm/12.2.rel1_2023.7/bin/../lib/gcc/arm-none-eabi/12.2.1/thumb/v6-m/nofp\libgcc.a(_clzsi2.o)
 .data          0x00000000        0x0 c:/siliconlabs/simplicitystudio/v5_2/developer/toolchains/gnu_arm/12.2.rel1_2023.7/bin/../lib/gcc/arm-none-eabi/12.2.1/thumb/v6-m/nofp\libgcc.a(_clzsi2.o)
 .bss           0x00000000        0x0 c:/siliconlabs/simplicitystudio/v5_2/developer/toolchains/gnu_arm/12.2.rel1_2023.7/bin/../lib/gcc/arm-none-eabi/12.2.1/thumb/v6-m/nofp\libgcc.a(_clzsi2.o)
 .debug_line_str
                0x00000000       0xc9 c:/siliconlabs/simplicitystudio/v5_2/developer/toolchains/gnu_arm/12.2.rel1_2023.7/bin/../lib/gcc/arm-none-eabi/12.2.1/thumb/v6-m/nofp\libgcc.a(_clzsi2.o)
 .ARM.attributes
                0x00000000       0x1e c:/siliconlabs/simplicitystudio/v5_2/developer/toolchains/gnu_arm/12.2.rel1_2023.7/bin/../lib/gcc/arm-none-eabi/12.2.1/thumb/v6-m/nofp\libgcc.a(_clzsi2.o)
 .text          0x00000000        0x0 c:/siliconlabs/simplicitystudio/v5_2/developer/toolchains/gnu_arm/12.2.rel1_2023.7/bin/../lib/gcc/arm-none-eabi/12.2.1/thumb/v6-m/nofp\libc_nano.a(libc_a-exit.o)
 .data          0x00000000        0x0 c:/siliconlabs/simplicitystudio/v5_2/developer/toolchains/gnu_arm/12.2.rel1_2023.7/bin/../lib/gcc/arm-none-eabi/12.2.1/thumb/v6-m/nofp\libc_nano.a(libc_a-exit.o)
 .bss           0x00000000        0x0 c:/siliconlabs/simplicitystudio/v5_2/developer/toolchains/gnu_arm/12.2.rel1_2023.7/bin/../lib/gcc/arm-none-eabi/12.2.1/thumb/v6-m/nofp\libc_nano.a(libc_a-exit.o)
 .text          0x00000000        0x0 c:/siliconlabs/simplicitystudio/v5_2/developer/toolchains/gnu_arm/12.2.rel1_2023.7/bin/../lib/gcc/arm-none-eabi/12.2.1/thumb/v6-m/nofp\libc_nano.a(libc_a-findfp.o)
 .data          0x00000000        0x0 c:/siliconlabs/simplicitystudio/v5_2/developer/toolchains/gnu_arm/12.2.rel1_2023.7/bin/../lib/gcc/arm-none-eabi/12.2.1/thumb/v6-m/nofp\libc_nano.a(libc_a-findfp.o)
 .bss           0x00000000        0x0 c:/siliconlabs/simplicitystudio/v5_2/developer/toolchains/gnu_arm/12.2.rel1_2023.7/bin/../lib/gcc/arm-none-eabi/12.2.1/thumb/v6-m/nofp\libc_nano.a(libc_a-findfp.o)
 .text.std      0x00000000       0x6c c:/siliconlabs/simplicitystudio/v5_2/developer/toolchains/gnu_arm/12.2.rel1_2023.7/bin/../lib/gcc/arm-none-eabi/12.2.1/thumb/v6-m/nofp\libc_nano.a(libc_a-findfp.o)
 .text.stdio_exit_handler
                0x00000000       0x1c c:/siliconlabs/simplicitystudio/v5_2/developer/toolchains/gnu_arm/12.2.rel1_2023.7/bin/../lib/gcc/arm-none-eabi/12.2.1/thumb/v6-m/nofp\libc_nano.a(libc_a-findfp.o)
 .text.cleanup_stdio
                0x00000000       0x3c c:/siliconlabs/simplicitystudio/v5_2/developer/toolchains/gnu_arm/12.2.rel1_2023.7/bin/../lib/gcc/arm-none-eabi/12.2.1/thumb/v6-m/nofp\libc_nano.a(libc_a-findfp.o)
 .text.__fp_lock
                0x00000000       0x18 c:/siliconlabs/simplicitystudio/v5_2/developer/toolchains/gnu_arm/12.2.rel1_2023.7/bin/../lib/gcc/arm-none-eabi/12.2.1/thumb/v6-m/nofp\libc_nano.a(libc_a-findfp.o)
 .text.__fp_unlock
                0x00000000       0x18 c:/siliconlabs/simplicitystudio/v5_2/developer/toolchains/gnu_arm/12.2.rel1_2023.7/bin/../lib/gcc/arm-none-eabi/12.2.1/thumb/v6-m/nofp\libc_nano.a(libc_a-findfp.o)
 .text.global_stdio_init.part.0
                0x00000000       0x3c c:/siliconlabs/simplicitystudio/v5_2/developer/toolchains/gnu_arm/12.2.rel1_2023.7/bin/../lib/gcc/arm-none-eabi/12.2.1/thumb/v6-m/nofp\libc_nano.a(libc_a-findfp.o)
 .text.__sfp_lock_acquire
                0x00000000       0x10 c:/siliconlabs/simplicitystudio/v5_2/developer/toolchains/gnu_arm/12.2.rel1_2023.7/bin/../lib/gcc/arm-none-eabi/12.2.1/thumb/v6-m/nofp\libc_nano.a(libc_a-findfp.o)
 .text.__sfp_lock_release
                0x00000000       0x10 c:/siliconlabs/simplicitystudio/v5_2/developer/toolchains/gnu_arm/12.2.rel1_2023.7/bin/../lib/gcc/arm-none-eabi/12.2.1/thumb/v6-m/nofp\libc_nano.a(libc_a-findfp.o)
 .text.__sfp    0x00000000       0xa8 c:/siliconlabs/simplicitystudio/v5_2/developer/toolchains/gnu_arm/12.2.rel1_2023.7/bin/../lib/gcc/arm-none-eabi/12.2.1/thumb/v6-m/nofp\libc_nano.a(libc_a-findfp.o)
 .text.__sinit  0x00000000       0x30 c:/siliconlabs/simplicitystudio/v5_2/developer/toolchains/gnu_arm/12.2.rel1_2023.7/bin/../lib/gcc/arm-none-eabi/12.2.1/thumb/v6-m/nofp\libc_nano.a(libc_a-findfp.o)
 .text.__fp_lock_all
                0x00000000       0x1c c:/siliconlabs/simplicitystudio/v5_2/developer/toolchains/gnu_arm/12.2.rel1_2023.7/bin/../lib/gcc/arm-none-eabi/12.2.1/thumb/v6-m/nofp\libc_nano.a(libc_a-findfp.o)
 .text.__fp_unlock_all
                0x00000000       0x1c c:/siliconlabs/simplicitystudio/v5_2/developer/toolchains/gnu_arm/12.2.rel1_2023.7/bin/../lib/gcc/arm-none-eabi/12.2.1/thumb/v6-m/nofp\libc_nano.a(libc_a-findfp.o)
 .data.__sglue  0x00000000        0xc c:/siliconlabs/simplicitystudio/v5_2/developer/toolchains/gnu_arm/12.2.rel1_2023.7/bin/../lib/gcc/arm-none-eabi/12.2.1/thumb/v6-m/nofp\libc_nano.a(libc_a-findfp.o)
 .bss.__sf      0x00000000      0x138 c:/siliconlabs/simplicitystudio/v5_2/developer/toolchains/gnu_arm/12.2.rel1_2023.7/bin/../lib/gcc/arm-none-eabi/12.2.1/thumb/v6-m/nofp\libc_nano.a(libc_a-findfp.o)
 .text          0x00000000        0x0 c:/siliconlabs/simplicitystudio/v5_2/developer/toolchains/gnu_arm/12.2.rel1_2023.7/bin/../lib/gcc/arm-none-eabi/12.2.1/thumb/v6-m/nofp\libc_nano.a(libc_a-fwalk.o)
 .data          0x00000000        0x0 c:/siliconlabs/simplicitystudio/v5_2/developer/toolchains/gnu_arm/12.2.rel1_2023.7/bin/../lib/gcc/arm-none-eabi/12.2.1/thumb/v6-m/nofp\libc_nano.a(libc_a-fwalk.o)
 .bss           0x00000000        0x0 c:/siliconlabs/simplicitystudio/v5_2/developer/toolchains/gnu_arm/12.2.rel1_2023.7/bin/../lib/gcc/arm-none-eabi/12.2.1/thumb/v6-m/nofp\libc_nano.a(libc_a-fwalk.o)
 .text._fwalk_sglue
                0x00000000       0x38 c:/siliconlabs/simplicitystudio/v5_2/developer/toolchains/gnu_arm/12.2.rel1_2023.7/bin/../lib/gcc/arm-none-eabi/12.2.1/thumb/v6-m/nofp\libc_nano.a(libc_a-fwalk.o)
 .debug_frame   0x00000000       0x34 c:/siliconlabs/simplicitystudio/v5_2/developer/toolchains/gnu_arm/12.2.rel1_2023.7/bin/../lib/gcc/arm-none-eabi/12.2.1/thumb/v6-m/nofp\libc_nano.a(libc_a-fwalk.o)
 .ARM.attributes
                0x00000000       0x2c c:/siliconlabs/simplicitystudio/v5_2/developer/toolchains/gnu_arm/12.2.rel1_2023.7/bin/../lib/gcc/arm-none-eabi/12.2.1/thumb/v6-m/nofp\libc_nano.a(libc_a-fwalk.o)
 .text          0x00000000        0x0 c:/siliconlabs/simplicitystudio/v5_2/developer/toolchains/gnu_arm/12.2.rel1_2023.7/bin/../lib/gcc/arm-none-eabi/12.2.1/thumb/v6-m/nofp\libc_nano.a(libc_a-stdio.o)
 .data          0x00000000        0x0 c:/siliconlabs/simplicitystudio/v5_2/developer/toolchains/gnu_arm/12.2.rel1_2023.7/bin/../lib/gcc/arm-none-eabi/12.2.1/thumb/v6-m/nofp\libc_nano.a(libc_a-stdio.o)
 .bss           0x00000000        0x0 c:/siliconlabs/simplicitystudio/v5_2/developer/toolchains/gnu_arm/12.2.rel1_2023.7/bin/../lib/gcc/arm-none-eabi/12.2.1/thumb/v6-m/nofp\libc_nano.a(libc_a-stdio.o)
 .text.__sread  0x00000000       0x28 c:/siliconlabs/simplicitystudio/v5_2/developer/toolchains/gnu_arm/12.2.rel1_2023.7/bin/../lib/gcc/arm-none-eabi/12.2.1/thumb/v6-m/nofp\libc_nano.a(libc_a-stdio.o)
 .text.__seofread
                0x00000000        0x4 c:/siliconlabs/simplicitystudio/v5_2/developer/toolchains/gnu_arm/12.2.rel1_2023.7/bin/../lib/gcc/arm-none-eabi/12.2.1/thumb/v6-m/nofp\libc_nano.a(libc_a-stdio.o)
 .text.__swrite
                0x00000000       0x38 c:/siliconlabs/simplicitystudio/v5_2/developer/toolchains/gnu_arm/12.2.rel1_2023.7/bin/../lib/gcc/arm-none-eabi/12.2.1/thumb/v6-m/nofp\libc_nano.a(libc_a-stdio.o)
 .text.__sseek  0x00000000       0x2c c:/siliconlabs/simplicitystudio/v5_2/developer/toolchains/gnu_arm/12.2.rel1_2023.7/bin/../lib/gcc/arm-none-eabi/12.2.1/thumb/v6-m/nofp\libc_nano.a(libc_a-stdio.o)
 .text.__sclose
                0x00000000        0xc c:/siliconlabs/simplicitystudio/v5_2/developer/toolchains/gnu_arm/12.2.rel1_2023.7/bin/../lib/gcc/arm-none-eabi/12.2.1/thumb/v6-m/nofp\libc_nano.a(libc_a-stdio.o)
 .debug_frame   0x00000000       0x90 c:/siliconlabs/simplicitystudio/v5_2/developer/toolchains/gnu_arm/12.2.rel1_2023.7/bin/../lib/gcc/arm-none-eabi/12.2.1/thumb/v6-m/nofp\libc_nano.a(libc_a-stdio.o)
 .ARM.attributes
                0x00000000       0x2c c:/siliconlabs/simplicitystudio/v5_2/developer/toolchains/gnu_arm/12.2.rel1_2023.7/bin/../lib/gcc/arm-none-eabi/12.2.1/thumb/v6-m/nofp\libc_nano.a(libc_a-stdio.o)
 .text          0x00000000        0x0 c:/siliconlabs/simplicitystudio/v5_2/developer/toolchains/gnu_arm/12.2.rel1_2023.7/bin/../lib/gcc/arm-none-eabi/12.2.1/thumb/v6-m/nofp\libc_nano.a(libc_a-memset.o)
 .data          0x00000000        0x0 c:/siliconlabs/simplicitystudio/v5_2/developer/toolchains/gnu_arm/12.2.rel1_2023.7/bin/../lib/gcc/arm-none-eabi/12.2.1/thumb/v6-m/nofp\libc_nano.a(libc_a-memset.o)
 .bss           0x00000000        0x0 c:/siliconlabs/simplicitystudio/v5_2/developer/toolchains/gnu_arm/12.2.rel1_2023.7/bin/../lib/gcc/arm-none-eabi/12.2.1/thumb/v6-m/nofp\libc_nano.a(libc_a-memset.o)
 .text          0x00000000        0x0 c:/siliconlabs/simplicitystudio/v5_2/developer/toolchains/gnu_arm/12.2.rel1_2023.7/bin/../lib/gcc/arm-none-eabi/12.2.1/thumb/v6-m/nofp\libc_nano.a(libc_a-closer.o)
 .data          0x00000000        0x0 c:/siliconlabs/simplicitystudio/v5_2/developer/toolchains/gnu_arm/12.2.rel1_2023.7/bin/../lib/gcc/arm-none-eabi/12.2.1/thumb/v6-m/nofp\libc_nano.a(libc_a-closer.o)
 .bss           0x00000000        0x0 c:/siliconlabs/simplicitystudio/v5_2/developer/toolchains/gnu_arm/12.2.rel1_2023.7/bin/../lib/gcc/arm-none-eabi/12.2.1/thumb/v6-m/nofp\libc_nano.a(libc_a-closer.o)
 .text._close_r
                0x00000000       0x24 c:/siliconlabs/simplicitystudio/v5_2/developer/toolchains/gnu_arm/12.2.rel1_2023.7/bin/../lib/gcc/arm-none-eabi/12.2.1/thumb/v6-m/nofp\libc_nano.a(libc_a-closer.o)
 .debug_frame   0x00000000       0x2c c:/siliconlabs/simplicitystudio/v5_2/developer/toolchains/gnu_arm/12.2.rel1_2023.7/bin/../lib/gcc/arm-none-eabi/12.2.1/thumb/v6-m/nofp\libc_nano.a(libc_a-closer.o)
 .ARM.attributes
                0x00000000       0x2c c:/siliconlabs/simplicitystudio/v5_2/developer/toolchains/gnu_arm/12.2.rel1_2023.7/bin/../lib/gcc/arm-none-eabi/12.2.1/thumb/v6-m/nofp\libc_nano.a(libc_a-closer.o)
 .text          0x00000000        0x0 c:/siliconlabs/simplicitystudio/v5_2/developer/toolchains/gnu_arm/12.2.rel1_2023.7/bin/../lib/gcc/arm-none-eabi/12.2.1/thumb/v6-m/nofp\libc_nano.a(libc_a-reent.o)
 .data          0x00000000        0x0 c:/siliconlabs/simplicitystudio/v5_2/developer/toolchains/gnu_arm/12.2.rel1_2023.7/bin/../lib/gcc/arm-none-eabi/12.2.1/thumb/v6-m/nofp\libc_nano.a(libc_a-reent.o)
 .bss           0x00000000        0x0 c:/siliconlabs/simplicitystudio/v5_2/developer/toolchains/gnu_arm/12.2.rel1_2023.7/bin/../lib/gcc/arm-none-eabi/12.2.1/thumb/v6-m/nofp\libc_nano.a(libc_a-reent.o)
 .text._reclaim_reent
                0x00000000       0xc0 c:/siliconlabs/simplicitystudio/v5_2/developer/toolchains/gnu_arm/12.2.rel1_2023.7/bin/../lib/gcc/arm-none-eabi/12.2.1/thumb/v6-m/nofp\libc_nano.a(libc_a-reent.o)
 .bss.errno     0x00000000        0x4 c:/siliconlabs/simplicitystudio/v5_2/developer/toolchains/gnu_arm/12.2.rel1_2023.7/bin/../lib/gcc/arm-none-eabi/12.2.1/thumb/v6-m/nofp\libc_nano.a(libc_a-reent.o)
 .debug_frame   0x00000000       0x2c c:/siliconlabs/simplicitystudio/v5_2/developer/toolchains/gnu_arm/12.2.rel1_2023.7/bin/../lib/gcc/arm-none-eabi/12.2.1/thumb/v6-m/nofp\libc_nano.a(libc_a-reent.o)
 .ARM.attributes
                0x00000000       0x2c c:/siliconlabs/simplicitystudio/v5_2/developer/toolchains/gnu_arm/12.2.rel1_2023.7/bin/../lib/gcc/arm-none-eabi/12.2.1/thumb/v6-m/nofp\libc_nano.a(libc_a-reent.o)
 .text          0x00000000        0x0 c:/siliconlabs/simplicitystudio/v5_2/developer/toolchains/gnu_arm/12.2.rel1_2023.7/bin/../lib/gcc/arm-none-eabi/12.2.1/thumb/v6-m/nofp\libc_nano.a(libc_a-impure.o)
 .data          0x00000000        0x0 c:/siliconlabs/simplicitystudio/v5_2/developer/toolchains/gnu_arm/12.2.rel1_2023.7/bin/../lib/gcc/arm-none-eabi/12.2.1/thumb/v6-m/nofp\libc_nano.a(libc_a-impure.o)
 .bss           0x00000000        0x0 c:/siliconlabs/simplicitystudio/v5_2/developer/toolchains/gnu_arm/12.2.rel1_2023.7/bin/../lib/gcc/arm-none-eabi/12.2.1/thumb/v6-m/nofp\libc_nano.a(libc_a-impure.o)
 .data._impure_ptr
                0x00000000        0x4 c:/siliconlabs/simplicitystudio/v5_2/developer/toolchains/gnu_arm/12.2.rel1_2023.7/bin/../lib/gcc/arm-none-eabi/12.2.1/thumb/v6-m/nofp\libc_nano.a(libc_a-impure.o)
 .data._impure_data
                0x00000000       0x4c c:/siliconlabs/simplicitystudio/v5_2/developer/toolchains/gnu_arm/12.2.rel1_2023.7/bin/../lib/gcc/arm-none-eabi/12.2.1/thumb/v6-m/nofp\libc_nano.a(libc_a-impure.o)
 .ARM.attributes
                0x00000000       0x2c c:/siliconlabs/simplicitystudio/v5_2/developer/toolchains/gnu_arm/12.2.rel1_2023.7/bin/../lib/gcc/arm-none-eabi/12.2.1/thumb/v6-m/nofp\libc_nano.a(libc_a-impure.o)
 .text          0x00000000        0x0 c:/siliconlabs/simplicitystudio/v5_2/developer/toolchains/gnu_arm/12.2.rel1_2023.7/bin/../lib/gcc/arm-none-eabi/12.2.1/thumb/v6-m/nofp\libc_nano.a(libc_a-lseekr.o)
 .data          0x00000000        0x0 c:/siliconlabs/simplicitystudio/v5_2/developer/toolchains/gnu_arm/12.2.rel1_2023.7/bin/../lib/gcc/arm-none-eabi/12.2.1/thumb/v6-m/nofp\libc_nano.a(libc_a-lseekr.o)
 .bss           0x00000000        0x0 c:/siliconlabs/simplicitystudio/v5_2/developer/toolchains/gnu_arm/12.2.rel1_2023.7/bin/../lib/gcc/arm-none-eabi/12.2.1/thumb/v6-m/nofp\libc_nano.a(libc_a-lseekr.o)
 .text._lseek_r
                0x00000000       0x28 c:/siliconlabs/simplicitystudio/v5_2/developer/toolchains/gnu_arm/12.2.rel1_2023.7/bin/../lib/gcc/arm-none-eabi/12.2.1/thumb/v6-m/nofp\libc_nano.a(libc_a-lseekr.o)
 .debug_frame   0x00000000       0x2c c:/siliconlabs/simplicitystudio/v5_2/developer/toolchains/gnu_arm/12.2.rel1_2023.7/bin/../lib/gcc/arm-none-eabi/12.2.1/thumb/v6-m/nofp\libc_nano.a(libc_a-lseekr.o)
 .ARM.attributes
                0x00000000       0x2c c:/siliconlabs/simplicitystudio/v5_2/developer/toolchains/gnu_arm/12.2.rel1_2023.7/bin/../lib/gcc/arm-none-eabi/12.2.1/thumb/v6-m/nofp\libc_nano.a(libc_a-lseekr.o)
 .text          0x00000000        0x0 c:/siliconlabs/simplicitystudio/v5_2/developer/toolchains/gnu_arm/12.2.rel1_2023.7/bin/../lib/gcc/arm-none-eabi/12.2.1/thumb/v6-m/nofp\libc_nano.a(libc_a-readr.o)
 .data          0x00000000        0x0 c:/siliconlabs/simplicitystudio/v5_2/developer/toolchains/gnu_arm/12.2.rel1_2023.7/bin/../lib/gcc/arm-none-eabi/12.2.1/thumb/v6-m/nofp\libc_nano.a(libc_a-readr.o)
 .bss           0x00000000        0x0 c:/siliconlabs/simplicitystudio/v5_2/developer/toolchains/gnu_arm/12.2.rel1_2023.7/bin/../lib/gcc/arm-none-eabi/12.2.1/thumb/v6-m/nofp\libc_nano.a(libc_a-readr.o)
 .text._read_r  0x00000000       0x28 c:/siliconlabs/simplicitystudio/v5_2/developer/toolchains/gnu_arm/12.2.rel1_2023.7/bin/../lib/gcc/arm-none-eabi/12.2.1/thumb/v6-m/nofp\libc_nano.a(libc_a-readr.o)
 .debug_frame   0x00000000       0x2c c:/siliconlabs/simplicitystudio/v5_2/developer/toolchains/gnu_arm/12.2.rel1_2023.7/bin/../lib/gcc/arm-none-eabi/12.2.1/thumb/v6-m/nofp\libc_nano.a(libc_a-readr.o)
 .ARM.attributes
                0x00000000       0x2c c:/siliconlabs/simplicitystudio/v5_2/developer/toolchains/gnu_arm/12.2.rel1_2023.7/bin/../lib/gcc/arm-none-eabi/12.2.1/thumb/v6-m/nofp\libc_nano.a(libc_a-readr.o)
 .text          0x00000000        0x0 c:/siliconlabs/simplicitystudio/v5_2/developer/toolchains/gnu_arm/12.2.rel1_2023.7/bin/../lib/gcc/arm-none-eabi/12.2.1/thumb/v6-m/nofp\libc_nano.a(libc_a-writer.o)
 .data          0x00000000        0x0 c:/siliconlabs/simplicitystudio/v5_2/developer/toolchains/gnu_arm/12.2.rel1_2023.7/bin/../lib/gcc/arm-none-eabi/12.2.1/thumb/v6-m/nofp\libc_nano.a(libc_a-writer.o)
 .bss           0x00000000        0x0 c:/siliconlabs/simplicitystudio/v5_2/developer/toolchains/gnu_arm/12.2.rel1_2023.7/bin/../lib/gcc/arm-none-eabi/12.2.1/thumb/v6-m/nofp\libc_nano.a(libc_a-writer.o)
 .text._write_r
                0x00000000       0x28 c:/siliconlabs/simplicitystudio/v5_2/developer/toolchains/gnu_arm/12.2.rel1_2023.7/bin/../lib/gcc/arm-none-eabi/12.2.1/thumb/v6-m/nofp\libc_nano.a(libc_a-writer.o)
 .debug_frame   0x00000000       0x2c c:/siliconlabs/simplicitystudio/v5_2/developer/toolchains/gnu_arm/12.2.rel1_2023.7/bin/../lib/gcc/arm-none-eabi/12.2.1/thumb/v6-m/nofp\libc_nano.a(libc_a-writer.o)
 .ARM.attributes
                0x00000000       0x2c c:/siliconlabs/simplicitystudio/v5_2/developer/toolchains/gnu_arm/12.2.rel1_2023.7/bin/../lib/gcc/arm-none-eabi/12.2.1/thumb/v6-m/nofp\libc_nano.a(libc_a-writer.o)
 .text          0x00000000        0x0 c:/siliconlabs/simplicitystudio/v5_2/developer/toolchains/gnu_arm/12.2.rel1_2023.7/bin/../lib/gcc/arm-none-eabi/12.2.1/thumb/v6-m/nofp\libc_nano.a(libc_a-init.o)
 .data          0x00000000        0x0 c:/siliconlabs/simplicitystudio/v5_2/developer/toolchains/gnu_arm/12.2.rel1_2023.7/bin/../lib/gcc/arm-none-eabi/12.2.1/thumb/v6-m/nofp\libc_nano.a(libc_a-init.o)
 .bss           0x00000000        0x0 c:/siliconlabs/simplicitystudio/v5_2/developer/toolchains/gnu_arm/12.2.rel1_2023.7/bin/../lib/gcc/arm-none-eabi/12.2.1/thumb/v6-m/nofp\libc_nano.a(libc_a-init.o)
 .text          0x00000000        0x0 c:/siliconlabs/simplicitystudio/v5_2/developer/toolchains/gnu_arm/12.2.rel1_2023.7/bin/../lib/gcc/arm-none-eabi/12.2.1/thumb/v6-m/nofp\libc_nano.a(libc_a-lock.o)
 .data          0x00000000        0x0 c:/siliconlabs/simplicitystudio/v5_2/developer/toolchains/gnu_arm/12.2.rel1_2023.7/bin/../lib/gcc/arm-none-eabi/12.2.1/thumb/v6-m/nofp\libc_nano.a(libc_a-lock.o)
 .bss           0x00000000        0x0 c:/siliconlabs/simplicitystudio/v5_2/developer/toolchains/gnu_arm/12.2.rel1_2023.7/bin/../lib/gcc/arm-none-eabi/12.2.1/thumb/v6-m/nofp\libc_nano.a(libc_a-lock.o)
 .text.__retarget_lock_init
                0x00000000        0x2 c:/siliconlabs/simplicitystudio/v5_2/developer/toolchains/gnu_arm/12.2.rel1_2023.7/bin/../lib/gcc/arm-none-eabi/12.2.1/thumb/v6-m/nofp\libc_nano.a(libc_a-lock.o)
 .text.__retarget_lock_init_recursive
                0x00000000        0x2 c:/siliconlabs/simplicitystudio/v5_2/developer/toolchains/gnu_arm/12.2.rel1_2023.7/bin/../lib/gcc/arm-none-eabi/12.2.1/thumb/v6-m/nofp\libc_nano.a(libc_a-lock.o)
 .text.__retarget_lock_close
                0x00000000        0x2 c:/siliconlabs/simplicitystudio/v5_2/developer/toolchains/gnu_arm/12.2.rel1_2023.7/bin/../lib/gcc/arm-none-eabi/12.2.1/thumb/v6-m/nofp\libc_nano.a(libc_a-lock.o)
 .text.__retarget_lock_close_recursive
                0x00000000        0x2 c:/siliconlabs/simplicitystudio/v5_2/developer/toolchains/gnu_arm/12.2.rel1_2023.7/bin/../lib/gcc/arm-none-eabi/12.2.1/thumb/v6-m/nofp\libc_nano.a(libc_a-lock.o)
 .text.__retarget_lock_acquire
                0x00000000        0x2 c:/siliconlabs/simplicitystudio/v5_2/developer/toolchains/gnu_arm/12.2.rel1_2023.7/bin/../lib/gcc/arm-none-eabi/12.2.1/thumb/v6-m/nofp\libc_nano.a(libc_a-lock.o)
 .text.__retarget_lock_acquire_recursive
                0x00000000        0x2 c:/siliconlabs/simplicitystudio/v5_2/developer/toolchains/gnu_arm/12.2.rel1_2023.7/bin/../lib/gcc/arm-none-eabi/12.2.1/thumb/v6-m/nofp\libc_nano.a(libc_a-lock.o)
 .text.__retarget_lock_try_acquire
                0x00000000        0x4 c:/siliconlabs/simplicitystudio/v5_2/developer/toolchains/gnu_arm/12.2.rel1_2023.7/bin/../lib/gcc/arm-none-eabi/12.2.1/thumb/v6-m/nofp\libc_nano.a(libc_a-lock.o)
 .text.__retarget_lock_try_acquire_recursive
                0x00000000        0x4 c:/siliconlabs/simplicitystudio/v5_2/developer/toolchains/gnu_arm/12.2.rel1_2023.7/bin/../lib/gcc/arm-none-eabi/12.2.1/thumb/v6-m/nofp\libc_nano.a(libc_a-lock.o)
 .text.__retarget_lock_release
                0x00000000        0x2 c:/siliconlabs/simplicitystudio/v5_2/developer/toolchains/gnu_arm/12.2.rel1_2023.7/bin/../lib/gcc/arm-none-eabi/12.2.1/thumb/v6-m/nofp\libc_nano.a(libc_a-lock.o)
 .text.__retarget_lock_release_recursive
                0x00000000        0x2 c:/siliconlabs/simplicitystudio/v5_2/developer/toolchains/gnu_arm/12.2.rel1_2023.7/bin/../lib/gcc/arm-none-eabi/12.2.1/thumb/v6-m/nofp\libc_nano.a(libc_a-lock.o)
 .bss.__lock___arc4random_mutex
                0x00000000        0x1 c:/siliconlabs/simplicitystudio/v5_2/developer/toolchains/gnu_arm/12.2.rel1_2023.7/bin/../lib/gcc/arm-none-eabi/12.2.1/thumb/v6-m/nofp\libc_nano.a(libc_a-lock.o)
 .bss.__lock___dd_hash_mutex
                0x00000000        0x1 c:/siliconlabs/simplicitystudio/v5_2/developer/toolchains/gnu_arm/12.2.rel1_2023.7/bin/../lib/gcc/arm-none-eabi/12.2.1/thumb/v6-m/nofp\libc_nano.a(libc_a-lock.o)
 .bss.__lock___tz_mutex
                0x00000000        0x1 c:/siliconlabs/simplicitystudio/v5_2/developer/toolchains/gnu_arm/12.2.rel1_2023.7/bin/../lib/gcc/arm-none-eabi/12.2.1/thumb/v6-m/nofp\libc_nano.a(libc_a-lock.o)
 .bss.__lock___env_recursive_mutex
                0x00000000        0x1 c:/siliconlabs/simplicitystudio/v5_2/developer/toolchains/gnu_arm/12.2.rel1_2023.7/bin/../lib/gcc/arm-none-eabi/12.2.1/thumb/v6-m/nofp\libc_nano.a(libc_a-lock.o)
 .bss.__lock___malloc_recursive_mutex
                0x00000000        0x1 c:/siliconlabs/simplicitystudio/v5_2/developer/toolchains/gnu_arm/12.2.rel1_2023.7/bin/../lib/gcc/arm-none-eabi/12.2.1/thumb/v6-m/nofp\libc_nano.a(libc_a-lock.o)
 .bss.__lock___at_quick_exit_mutex
                0x00000000        0x1 c:/siliconlabs/simplicitystudio/v5_2/developer/toolchains/gnu_arm/12.2.rel1_2023.7/bin/../lib/gcc/arm-none-eabi/12.2.1/thumb/v6-m/nofp\libc_nano.a(libc_a-lock.o)
 .bss.__lock___atexit_recursive_mutex
                0x00000000        0x1 c:/siliconlabs/simplicitystudio/v5_2/developer/toolchains/gnu_arm/12.2.rel1_2023.7/bin/../lib/gcc/arm-none-eabi/12.2.1/thumb/v6-m/nofp\libc_nano.a(libc_a-lock.o)
 .bss.__lock___sfp_recursive_mutex
                0x00000000        0x1 c:/siliconlabs/simplicitystudio/v5_2/developer/toolchains/gnu_arm/12.2.rel1_2023.7/bin/../lib/gcc/arm-none-eabi/12.2.1/thumb/v6-m/nofp\libc_nano.a(libc_a-lock.o)
 .debug_frame   0x00000000       0xb0 c:/siliconlabs/simplicitystudio/v5_2/developer/toolchains/gnu_arm/12.2.rel1_2023.7/bin/../lib/gcc/arm-none-eabi/12.2.1/thumb/v6-m/nofp\libc_nano.a(libc_a-lock.o)
 .ARM.attributes
                0x00000000       0x2c c:/siliconlabs/simplicitystudio/v5_2/developer/toolchains/gnu_arm/12.2.rel1_2023.7/bin/../lib/gcc/arm-none-eabi/12.2.1/thumb/v6-m/nofp\libc_nano.a(libc_a-lock.o)
 .text          0x00000000        0x0 c:/siliconlabs/simplicitystudio/v5_2/developer/toolchains/gnu_arm/12.2.rel1_2023.7/bin/../lib/gcc/arm-none-eabi/12.2.1/thumb/v6-m/nofp\libc_nano.a(libc_a-freer.o)
 .data          0x00000000        0x0 c:/siliconlabs/simplicitystudio/v5_2/developer/toolchains/gnu_arm/12.2.rel1_2023.7/bin/../lib/gcc/arm-none-eabi/12.2.1/thumb/v6-m/nofp\libc_nano.a(libc_a-freer.o)
 .bss           0x00000000        0x0 c:/siliconlabs/simplicitystudio/v5_2/developer/toolchains/gnu_arm/12.2.rel1_2023.7/bin/../lib/gcc/arm-none-eabi/12.2.1/thumb/v6-m/nofp\libc_nano.a(libc_a-freer.o)
 .text._free_r  0x00000000       0x94 c:/siliconlabs/simplicitystudio/v5_2/developer/toolchains/gnu_arm/12.2.rel1_2023.7/bin/../lib/gcc/arm-none-eabi/12.2.1/thumb/v6-m/nofp\libc_nano.a(libc_a-freer.o)
 .debug_frame   0x00000000       0x2c c:/siliconlabs/simplicitystudio/v5_2/developer/toolchains/gnu_arm/12.2.rel1_2023.7/bin/../lib/gcc/arm-none-eabi/12.2.1/thumb/v6-m/nofp\libc_nano.a(libc_a-freer.o)
 .ARM.attributes
                0x00000000       0x2c c:/siliconlabs/simplicitystudio/v5_2/developer/toolchains/gnu_arm/12.2.rel1_2023.7/bin/../lib/gcc/arm-none-eabi/12.2.1/thumb/v6-m/nofp\libc_nano.a(libc_a-freer.o)
 .text          0x00000000        0x0 c:/siliconlabs/simplicitystudio/v5_2/developer/toolchains/gnu_arm/12.2.rel1_2023.7/bin/../lib/gcc/arm-none-eabi/12.2.1/thumb/v6-m/nofp\libc_nano.a(libc_a-mallocr.o)
 .data          0x00000000        0x0 c:/siliconlabs/simplicitystudio/v5_2/developer/toolchains/gnu_arm/12.2.rel1_2023.7/bin/../lib/gcc/arm-none-eabi/12.2.1/thumb/v6-m/nofp\libc_nano.a(libc_a-mallocr.o)
 .bss           0x00000000        0x0 c:/siliconlabs/simplicitystudio/v5_2/developer/toolchains/gnu_arm/12.2.rel1_2023.7/bin/../lib/gcc/arm-none-eabi/12.2.1/thumb/v6-m/nofp\libc_nano.a(libc_a-mallocr.o)
 .text.sbrk_aligned
                0x00000000       0x44 c:/siliconlabs/simplicitystudio/v5_2/developer/toolchains/gnu_arm/12.2.rel1_2023.7/bin/../lib/gcc/arm-none-eabi/12.2.1/thumb/v6-m/nofp\libc_nano.a(libc_a-mallocr.o)
 .text._malloc_r
                0x00000000       0xf4 c:/siliconlabs/simplicitystudio/v5_2/developer/toolchains/gnu_arm/12.2.rel1_2023.7/bin/../lib/gcc/arm-none-eabi/12.2.1/thumb/v6-m/nofp\libc_nano.a(libc_a-mallocr.o)
 .bss.__malloc_sbrk_start
                0x00000000        0x4 c:/siliconlabs/simplicitystudio/v5_2/developer/toolchains/gnu_arm/12.2.rel1_2023.7/bin/../lib/gcc/arm-none-eabi/12.2.1/thumb/v6-m/nofp\libc_nano.a(libc_a-mallocr.o)
 .bss.__malloc_free_list
                0x00000000        0x4 c:/siliconlabs/simplicitystudio/v5_2/developer/toolchains/gnu_arm/12.2.rel1_2023.7/bin/../lib/gcc/arm-none-eabi/12.2.1/thumb/v6-m/nofp\libc_nano.a(libc_a-mallocr.o)
 .debug_frame   0x00000000       0x50 c:/siliconlabs/simplicitystudio/v5_2/developer/toolchains/gnu_arm/12.2.rel1_2023.7/bin/../lib/gcc/arm-none-eabi/12.2.1/thumb/v6-m/nofp\libc_nano.a(libc_a-mallocr.o)
 .ARM.attributes
                0x00000000       0x2c c:/siliconlabs/simplicitystudio/v5_2/developer/toolchains/gnu_arm/12.2.rel1_2023.7/bin/../lib/gcc/arm-none-eabi/12.2.1/thumb/v6-m/nofp\libc_nano.a(libc_a-mallocr.o)
 .text          0x00000000        0x0 c:/siliconlabs/simplicitystudio/v5_2/developer/toolchains/gnu_arm/12.2.rel1_2023.7/bin/../lib/gcc/arm-none-eabi/12.2.1/thumb/v6-m/nofp\libc_nano.a(libc_a-mlock.o)
 .data          0x00000000        0x0 c:/siliconlabs/simplicitystudio/v5_2/developer/toolchains/gnu_arm/12.2.rel1_2023.7/bin/../lib/gcc/arm-none-eabi/12.2.1/thumb/v6-m/nofp\libc_nano.a(libc_a-mlock.o)
 .bss           0x00000000        0x0 c:/siliconlabs/simplicitystudio/v5_2/developer/toolchains/gnu_arm/12.2.rel1_2023.7/bin/../lib/gcc/arm-none-eabi/12.2.1/thumb/v6-m/nofp\libc_nano.a(libc_a-mlock.o)
 .text.__malloc_lock
                0x00000000       0x10 c:/siliconlabs/simplicitystudio/v5_2/developer/toolchains/gnu_arm/12.2.rel1_2023.7/bin/../lib/gcc/arm-none-eabi/12.2.1/thumb/v6-m/nofp\libc_nano.a(libc_a-mlock.o)
 .text.__malloc_unlock
                0x00000000       0x10 c:/siliconlabs/simplicitystudio/v5_2/developer/toolchains/gnu_arm/12.2.rel1_2023.7/bin/../lib/gcc/arm-none-eabi/12.2.1/thumb/v6-m/nofp\libc_nano.a(libc_a-mlock.o)
 .debug_frame   0x00000000       0x40 c:/siliconlabs/simplicitystudio/v5_2/developer/toolchains/gnu_arm/12.2.rel1_2023.7/bin/../lib/gcc/arm-none-eabi/12.2.1/thumb/v6-m/nofp\libc_nano.a(libc_a-mlock.o)
 .ARM.attributes
                0x00000000       0x2c c:/siliconlabs/simplicitystudio/v5_2/developer/toolchains/gnu_arm/12.2.rel1_2023.7/bin/../lib/gcc/arm-none-eabi/12.2.1/thumb/v6-m/nofp\libc_nano.a(libc_a-mlock.o)
 .text          0x00000000        0x0 c:/siliconlabs/simplicitystudio/v5_2/developer/toolchains/gnu_arm/12.2.rel1_2023.7/bin/../lib/gcc/arm-none-eabi/12.2.1/thumb/v6-m/nofp\libc_nano.a(libc_a-fflush.o)
 .data          0x00000000        0x0 c:/siliconlabs/simplicitystudio/v5_2/developer/toolchains/gnu_arm/12.2.rel1_2023.7/bin/../lib/gcc/arm-none-eabi/12.2.1/thumb/v6-m/nofp\libc_nano.a(libc_a-fflush.o)
 .bss           0x00000000        0x0 c:/siliconlabs/simplicitystudio/v5_2/developer/toolchains/gnu_arm/12.2.rel1_2023.7/bin/../lib/gcc/arm-none-eabi/12.2.1/thumb/v6-m/nofp\libc_nano.a(libc_a-fflush.o)
 .text.__sflush_r
                0x00000000      0x11c c:/siliconlabs/simplicitystudio/v5_2/developer/toolchains/gnu_arm/12.2.rel1_2023.7/bin/../lib/gcc/arm-none-eabi/12.2.1/thumb/v6-m/nofp\libc_nano.a(libc_a-fflush.o)
 .text._fflush_r
                0x00000000       0x56 c:/siliconlabs/simplicitystudio/v5_2/developer/toolchains/gnu_arm/12.2.rel1_2023.7/bin/../lib/gcc/arm-none-eabi/12.2.1/thumb/v6-m/nofp\libc_nano.a(libc_a-fflush.o)
 .text.fflush   0x00000000       0x30 c:/siliconlabs/simplicitystudio/v5_2/developer/toolchains/gnu_arm/12.2.rel1_2023.7/bin/../lib/gcc/arm-none-eabi/12.2.1/thumb/v6-m/nofp\libc_nano.a(libc_a-fflush.o)
 .debug_frame   0x00000000       0x68 c:/siliconlabs/simplicitystudio/v5_2/developer/toolchains/gnu_arm/12.2.rel1_2023.7/bin/../lib/gcc/arm-none-eabi/12.2.1/thumb/v6-m/nofp\libc_nano.a(libc_a-fflush.o)
 .ARM.attributes
                0x00000000       0x2c c:/siliconlabs/simplicitystudio/v5_2/developer/toolchains/gnu_arm/12.2.rel1_2023.7/bin/../lib/gcc/arm-none-eabi/12.2.1/thumb/v6-m/nofp\libc_nano.a(libc_a-fflush.o)
 .text          0x00000000        0x0 c:/siliconlabs/simplicitystudio/v5_2/developer/toolchains/gnu_arm/12.2.rel1_2023.7/bin/../lib/gcc/arm-none-eabi/12.2.1/thumb/v6-m/nofp\libc_nano.a(libc_a-sbrkr.o)
 .data          0x00000000        0x0 c:/siliconlabs/simplicitystudio/v5_2/developer/toolchains/gnu_arm/12.2.rel1_2023.7/bin/../lib/gcc/arm-none-eabi/12.2.1/thumb/v6-m/nofp\libc_nano.a(libc_a-sbrkr.o)
 .bss           0x00000000        0x0 c:/siliconlabs/simplicitystudio/v5_2/developer/toolchains/gnu_arm/12.2.rel1_2023.7/bin/../lib/gcc/arm-none-eabi/12.2.1/thumb/v6-m/nofp\libc_nano.a(libc_a-sbrkr.o)
 .text._sbrk_r  0x00000000       0x24 c:/siliconlabs/simplicitystudio/v5_2/developer/toolchains/gnu_arm/12.2.rel1_2023.7/bin/../lib/gcc/arm-none-eabi/12.2.1/thumb/v6-m/nofp\libc_nano.a(libc_a-sbrkr.o)
 .debug_frame   0x00000000       0x2c c:/siliconlabs/simplicitystudio/v5_2/developer/toolchains/gnu_arm/12.2.rel1_2023.7/bin/../lib/gcc/arm-none-eabi/12.2.1/thumb/v6-m/nofp\libc_nano.a(libc_a-sbrkr.o)
 .ARM.attributes
                0x00000000       0x2c c:/siliconlabs/simplicitystudio/v5_2/developer/toolchains/gnu_arm/12.2.rel1_2023.7/bin/../lib/gcc/arm-none-eabi/12.2.1/thumb/v6-m/nofp\libc_nano.a(libc_a-sbrkr.o)
 .text          0x00000000        0x0 c:/siliconlabs/simplicitystudio/v5_2/developer/toolchains/gnu_arm/12.2.rel1_2023.7/bin/../lib/gcc/arm-none-eabi/12.2.1/thumb/v6-m/nofp\libnosys.a(sbrk.o)
 .data          0x00000000        0x0 c:/siliconlabs/simplicitystudio/v5_2/developer/toolchains/gnu_arm/12.2.rel1_2023.7/bin/../lib/gcc/arm-none-eabi/12.2.1/thumb/v6-m/nofp\libnosys.a(sbrk.o)
 .bss           0x00000000        0x0 c:/siliconlabs/simplicitystudio/v5_2/developer/toolchains/gnu_arm/12.2.rel1_2023.7/bin/../lib/gcc/arm-none-eabi/12.2.1/thumb/v6-m/nofp\libnosys.a(sbrk.o)
 .text._sbrk    0x00000000       0x1c c:/siliconlabs/simplicitystudio/v5_2/developer/toolchains/gnu_arm/12.2.rel1_2023.7/bin/../lib/gcc/arm-none-eabi/12.2.1/thumb/v6-m/nofp\libnosys.a(sbrk.o)
 .bss.heap_end.0
                0x00000000        0x4 c:/siliconlabs/simplicitystudio/v5_2/developer/toolchains/gnu_arm/12.2.rel1_2023.7/bin/../lib/gcc/arm-none-eabi/12.2.1/thumb/v6-m/nofp\libnosys.a(sbrk.o)
 .debug_frame   0x00000000       0x20 c:/siliconlabs/simplicitystudio/v5_2/developer/toolchains/gnu_arm/12.2.rel1_2023.7/bin/../lib/gcc/arm-none-eabi/12.2.1/thumb/v6-m/nofp\libnosys.a(sbrk.o)
 .ARM.attributes
                0x00000000       0x2c c:/siliconlabs/simplicitystudio/v5_2/developer/toolchains/gnu_arm/12.2.rel1_2023.7/bin/../lib/gcc/arm-none-eabi/12.2.1/thumb/v6-m/nofp\libnosys.a(sbrk.o)
 .text          0x00000000        0x0 c:/siliconlabs/simplicitystudio/v5_2/developer/toolchains/gnu_arm/12.2.rel1_2023.7/bin/../lib/gcc/arm-none-eabi/12.2.1/thumb/v6-m/nofp\libnosys.a(_exit.o)
 .data          0x00000000        0x0 c:/siliconlabs/simplicitystudio/v5_2/developer/toolchains/gnu_arm/12.2.rel1_2023.7/bin/../lib/gcc/arm-none-eabi/12.2.1/thumb/v6-m/nofp\libnosys.a(_exit.o)
 .bss           0x00000000        0x0 c:/siliconlabs/simplicitystudio/v5_2/developer/toolchains/gnu_arm/12.2.rel1_2023.7/bin/../lib/gcc/arm-none-eabi/12.2.1/thumb/v6-m/nofp\libnosys.a(_exit.o)
 .text          0x00000000        0x0 c:/siliconlabs/simplicitystudio/v5_2/developer/toolchains/gnu_arm/12.2.rel1_2023.7/bin/../lib/gcc/arm-none-eabi/12.2.1/thumb/v6-m/nofp/crtend.o
 .data          0x00000000        0x0 c:/siliconlabs/simplicitystudio/v5_2/developer/toolchains/gnu_arm/12.2.rel1_2023.7/bin/../lib/gcc/arm-none-eabi/12.2.1/thumb/v6-m/nofp/crtend.o
 .bss           0x00000000        0x0 c:/siliconlabs/simplicitystudio/v5_2/developer/toolchains/gnu_arm/12.2.rel1_2023.7/bin/../lib/gcc/arm-none-eabi/12.2.1/thumb/v6-m/nofp/crtend.o
 .rodata.all_implied_fbits
                0x00000000       0x24 c:/siliconlabs/simplicitystudio/v5_2/developer/toolchains/gnu_arm/12.2.rel1_2023.7/bin/../lib/gcc/arm-none-eabi/12.2.1/thumb/v6-m/nofp/crtend.o
 .text          0x00000000        0x0 c:/siliconlabs/simplicitystudio/v5_2/developer/toolchains/gnu_arm/12.2.rel1_2023.7/bin/../lib/gcc/arm-none-eabi/12.2.1/thumb/v6-m/nofp/crtn.o
 .data          0x00000000        0x0 c:/siliconlabs/simplicitystudio/v5_2/developer/toolchains/gnu_arm/12.2.rel1_2023.7/bin/../lib/gcc/arm-none-eabi/12.2.1/thumb/v6-m/nofp/crtn.o
 .bss           0x00000000        0x0 c:/siliconlabs/simplicitystudio/v5_2/developer/toolchains/gnu_arm/12.2.rel1_2023.7/bin/../lib/gcc/arm-none-eabi/12.2.1/thumb/v6-m/nofp/crtn.o

Memory Configuration

Name             Origin             Length             Attributes
FLASH            0x00000000         0x00008000         xr
RAM              0x20000000         0x00001000         xrw
*default*        0x00000000         0xffffffff

Linker script and memory map

LOAD c:/siliconlabs/simplicitystudio/v5_2/developer/toolchains/gnu_arm/12.2.rel1_2023.7/bin/../lib/gcc/arm-none-eabi/12.2.1/thumb/v6-m/nofp/crti.o
LOAD c:/siliconlabs/simplicitystudio/v5_2/developer/toolchains/gnu_arm/12.2.rel1_2023.7/bin/../lib/gcc/arm-none-eabi/12.2.1/thumb/v6-m/nofp/crtbegin.o
LOAD c:/siliconlabs/simplicitystudio/v5_2/developer/toolchains/gnu_arm/12.2.rel1_2023.7/bin/../lib/gcc/arm-none-eabi/12.2.1/thumb/v6-m/nofp/crt0.o
LOAD ./CMSIS/EFM32ZG/startup_efm32zg.o
LOAD ./CMSIS/EFM32ZG/system_efm32zg.o
LOAD ./emlib/em_cmu.o
LOAD ./emlib/em_core.o
LOAD ./emlib/em_emu.o
LOAD ./emlib/em_gpio.o
LOAD ./emlib/em_i2c.o
LOAD ./emlib/em_system.o
LOAD ./src/main.o
LOAD ./src/syscalls.o
START GROUP
LOAD c:/siliconlabs/simplicitystudio/v5_2/developer/toolchains/gnu_arm/12.2.rel1_2023.7/bin/../lib/gcc/arm-none-eabi/12.2.1/thumb/v6-m/nofp\libgcc.a
LOAD c:/siliconlabs/simplicitystudio/v5_2/developer/toolchains/gnu_arm/12.2.rel1_2023.7/bin/../lib/gcc/arm-none-eabi/12.2.1/thumb/v6-m/nofp\libc_nano.a
LOAD c:/siliconlabs/simplicitystudio/v5_2/developer/toolchains/gnu_arm/12.2.rel1_2023.7/bin/../lib/gcc/arm-none-eabi/12.2.1/thumb/v6-m/nofp\libnosys.a
END GROUP
START GROUP
LOAD c:/siliconlabs/simplicitystudio/v5_2/developer/toolchains/gnu_arm/12.2.rel1_2023.7/bin/../lib/gcc/arm-none-eabi/12.2.1/thumb/v6-m/nofp\libgcc.a
LOAD c:/siliconlabs/simplicitystudio/v5_2/developer/toolchains/gnu_arm/12.2.rel1_2023.7/bin/../lib/gcc/arm-none-eabi/12.2.1/thumb/v6-m/nofp\libg_nano.a
LOAD c:/siliconlabs/simplicitystudio/v5_2/developer/toolchains/gnu_arm/12.2.rel1_2023.7/bin/../lib/gcc/arm-none-eabi/12.2.1/thumb/v6-m/nofp\libc_nano.a
END GROUP
START GROUP
LOAD c:/siliconlabs/simplicitystudio/v5_2/developer/toolchains/gnu_arm/12.2.rel1_2023.7/bin/../lib/gcc/arm-none-eabi/12.2.1/thumb/v6-m/nofp\libgcc.a
LOAD c:/siliconlabs/simplicitystudio/v5_2/developer/toolchains/gnu_arm/12.2.rel1_2023.7/bin/../lib/gcc/arm-none-eabi/12.2.1/thumb/v6-m/nofp\libc_nano.a
END GROUP
LOAD c:/siliconlabs/simplicitystudio/v5_2/developer/toolchains/gnu_arm/12.2.rel1_2023.7/bin/../lib/gcc/arm-none-eabi/12.2.1/thumb/v6-m/nofp/crtend.o
LOAD c:/siliconlabs/simplicitystudio/v5_2/developer/toolchains/gnu_arm/12.2.rel1_2023.7/bin/../lib/gcc/arm-none-eabi/12.2.1/thumb/v6-m/nofp/crtn.o

.text           0x00000000     0x1514
 *(.vectors)
 .vectors       0x00000000       0x8c ./CMSIS/EFM32ZG/startup_efm32zg.o
                0x00000000                __Vectors
                0x0000008c                __Vectors_End = .
                0x0000008c                __Vectors_Size = (__Vectors_End - __Vectors)
                0x20000050                __end__ = .
 *(.text*)
 .text.deregister_tm_clones
                0x0000008c       0x20 c:/siliconlabs/simplicitystudio/v5_2/developer/toolchains/gnu_arm/12.2.rel1_2023.7/bin/../lib/gcc/arm-none-eabi/12.2.1/thumb/v6-m/nofp/crtbegin.o
 .text.register_tm_clones
                0x000000ac       0x28 c:/siliconlabs/simplicitystudio/v5_2/developer/toolchains/gnu_arm/12.2.rel1_2023.7/bin/../lib/gcc/arm-none-eabi/12.2.1/thumb/v6-m/nofp/crtbegin.o
 .text.__do_global_dtors_aux
                0x000000d4       0x2c c:/siliconlabs/simplicitystudio/v5_2/developer/toolchains/gnu_arm/12.2.rel1_2023.7/bin/../lib/gcc/arm-none-eabi/12.2.1/thumb/v6-m/nofp/crtbegin.o
 .text.frame_dummy
                0x00000100       0x24 c:/siliconlabs/simplicitystudio/v5_2/developer/toolchains/gnu_arm/12.2.rel1_2023.7/bin/../lib/gcc/arm-none-eabi/12.2.1/thumb/v6-m/nofp/crtbegin.o
 .text          0x00000124       0x80 c:/siliconlabs/simplicitystudio/v5_2/developer/toolchains/gnu_arm/12.2.rel1_2023.7/bin/../lib/gcc/arm-none-eabi/12.2.1/thumb/v6-m/nofp/crt0.o
                0x00000124                _stack_init
                0x00000130                _start
                0x00000130                _mainCRTStartup
 .text          0x000001a4       0x30 ./CMSIS/EFM32ZG/startup_efm32zg.o
                0x000001a4                Reset_Handler
                0x000001d0                SysTick_Handler
                0x000001d0                USART1_RX_IRQHandler
                0x000001d0                PendSV_Handler
                0x000001d0                NMI_Handler
                0x000001d0                USART1_TX_IRQHandler
                0x000001d0                MSC_IRQHandler
                0x000001d0                ADC0_IRQHandler
                0x000001d0                LEUART0_IRQHandler
                0x000001d0                GPIO_EVEN_IRQHandler
                0x000001d0                RTC_IRQHandler
                0x000001d0                TIMER0_IRQHandler
                0x000001d0                HardFault_Handler
                0x000001d0                TIMER1_IRQHandler
                0x000001d0                Default_Handler
                0x000001d0                PCNT0_IRQHandler
                0x000001d0                sl_app_properties
                0x000001d0                ACMP0_IRQHandler
                0x000001d0                SVC_Handler
                0x000001d0                CMU_IRQHandler
                0x000001d0                GPIO_ODD_IRQHandler
                0x000001d0                AES_IRQHandler
                0x000001d0                VCMP_IRQHandler
                0x000001d0                DMA_IRQHandler
 .text.SystemCoreClockGet
                0x000001d4       0x38 ./CMSIS/EFM32ZG/system_efm32zg.o
                0x000001d4                SystemCoreClockGet
 .text.SystemHFClockGet
                0x0000020c       0xe4 ./CMSIS/EFM32ZG/system_efm32zg.o
                0x0000020c                SystemHFClockGet
 .text.SystemInit
                0x000002f0       0x18 ./CMSIS/EFM32ZG/system_efm32zg.o
                0x000002f0                SystemInit
 .text.SystemLFRCOClockGet
                0x00000308        0xe ./CMSIS/EFM32ZG/system_efm32zg.o
                0x00000308                SystemLFRCOClockGet
 .text.SystemULFRCOClockGet
                0x00000316        0xe ./CMSIS/EFM32ZG/system_efm32zg.o
                0x00000316                SystemULFRCOClockGet
 .text.SystemLFXOClockGet
                0x00000324       0x14 ./CMSIS/EFM32ZG/system_efm32zg.o
                0x00000324                SystemLFXOClockGet
 .text.BUS_RegBitWrite
                0x00000338       0x3c ./emlib/em_cmu.o
 .text.SL_Log2ToDiv
                0x00000374       0x18 ./emlib/em_cmu.o
 .text.SYSTEM_GetProdRev
                0x0000038c       0x18 ./emlib/em_cmu.o
 .text.auxClkGet
                0x000003a4       0xbc ./emlib/em_cmu.o
 .text.dbgClkGet
                0x00000460       0x48 ./emlib/em_cmu.o
 .text.lfClkGet
                0x000004a8       0xe0 ./emlib/em_cmu.o
 .text.syncReg  0x00000588       0x2c ./emlib/em_cmu.o
 .text.CMU_ClockDivGet
                0x000005b4       0xe0 ./emlib/em_cmu.o
                0x000005b4                CMU_ClockDivGet
 .text.CMU_ClockEnable
                0x00000694       0xa0 ./emlib/em_cmu.o
                0x00000694                CMU_ClockEnable
 .text.CMU_ClockFreqGet
                0x00000734      0x184 ./emlib/em_cmu.o
                0x00000734                CMU_ClockFreqGet
 .text.CMU_ClockSelectGet
                0x000008b8      0x164 ./emlib/em_cmu.o
                0x000008b8                CMU_ClockSelectGet
 .text.BUS_RegBitWrite
                0x00000a1c       0x3c ./emlib/em_gpio.o
 .text.BUS_RegMaskedWrite
                0x00000a58       0x26 ./emlib/em_gpio.o
 *fill*         0x00000a7e        0x2 
 .text.GPIO_IntClear
                0x00000a80       0x20 ./emlib/em_gpio.o
 .text.GPIO_PinOutClear
                0x00000aa0       0x5c ./emlib/em_gpio.o
 .text.GPIO_PinOutSet
                0x00000afc       0x5c ./emlib/em_gpio.o
 .text.GPIO_ExtIntConfig
                0x00000b58       0xf8 ./emlib/em_gpio.o
                0x00000b58                GPIO_ExtIntConfig
 .text.GPIO_PinModeSet
                0x00000c50      0x154 ./emlib/em_gpio.o
                0x00000c50                GPIO_PinModeSet
 .text.I2C_IntClear
                0x00000da4       0x18 ./emlib/em_i2c.o
 .text.BUS_RegBitWrite
                0x00000dbc       0x3c ./emlib/em_i2c.o
 .text.BUS_RegMaskedWrite
                0x00000df8       0x26 ./emlib/em_i2c.o
 *fill*         0x00000e1e        0x2 
 .text.I2C_BusFreqSet
                0x00000e20      0x144 ./emlib/em_i2c.o
                0x00000e20                I2C_BusFreqSet
 .text.I2C_Enable
                0x00000f64       0x24 ./emlib/em_i2c.o
                0x00000f64                I2C_Enable
 .text.I2C_Init
                0x00000f88       0x5c ./emlib/em_i2c.o
                0x00000f88                I2C_Init
 .text.__NVIC_EnableIRQ
                0x00000fe4       0x34 ./src/main.o
 .text.GPIO_PinOutToggle
                0x00001018       0x5c ./src/main.o
 .text.CHIP_Init
                0x00001074       0x14 ./src/main.o
 .text.I2C_IntClear
                0x00001088       0x18 ./src/main.o
 .text.I2C_IntEnable
                0x000010a0       0x1e ./src/main.o
 *fill*         0x000010be        0x2 
 .text.i2cConfig
                0x000010c0       0xb0 ./src/main.o
                0x000010c0                i2cConfig
 .text.gpioConfig
                0x00001170       0x64 ./src/main.o
                0x00001170                gpioConfig
 .text.I2C0_IRQHandler
                0x000011d4      0x10c ./src/main.o
                0x000011d4                I2C0_IRQHandler
 .text.main     0x000012e0       0x14 ./src/main.o
                0x000012e0                main
 .text          0x000012f4      0x114 c:/siliconlabs/simplicitystudio/v5_2/developer/toolchains/gnu_arm/12.2.rel1_2023.7/bin/../lib/gcc/arm-none-eabi/12.2.1/thumb/v6-m/nofp\libgcc.a(_udivsi3.o)
                0x000012f4                __aeabi_uidiv
                0x000012f4                __udivsi3
                0x00001400                __aeabi_uidivmod
 .text          0x00001408        0x4 c:/siliconlabs/simplicitystudio/v5_2/developer/toolchains/gnu_arm/12.2.rel1_2023.7/bin/../lib/gcc/arm-none-eabi/12.2.1/thumb/v6-m/nofp\libgcc.a(_dvmd_tls.o)
                0x00001408                __aeabi_idiv0
                0x00001408                __aeabi_ldiv0
 .text.exit     0x0000140c       0x28 c:/siliconlabs/simplicitystudio/v5_2/developer/toolchains/gnu_arm/12.2.rel1_2023.7/bin/../lib/gcc/arm-none-eabi/12.2.1/thumb/v6-m/nofp\libc_nano.a(libc_a-exit.o)
                0x0000140c                exit
 .text.memset   0x00001434       0x10 c:/siliconlabs/simplicitystudio/v5_2/developer/toolchains/gnu_arm/12.2.rel1_2023.7/bin/../lib/gcc/arm-none-eabi/12.2.1/thumb/v6-m/nofp\libc_nano.a(libc_a-memset.o)
                0x00001434                memset
 .text.__libc_init_array
                0x00001444       0x48 c:/siliconlabs/simplicitystudio/v5_2/developer/toolchains/gnu_arm/12.2.rel1_2023.7/bin/../lib/gcc/arm-none-eabi/12.2.1/thumb/v6-m/nofp\libc_nano.a(libc_a-init.o)
                0x00001444                __libc_init_array
 .text._exit    0x0000148c        0x4 c:/siliconlabs/simplicitystudio/v5_2/developer/toolchains/gnu_arm/12.2.rel1_2023.7/bin/../lib/gcc/arm-none-eabi/12.2.1/thumb/v6-m/nofp\libnosys.a(_exit.o)
                0x0000148c                _exit
 *(.init)
 .init          0x00001490        0x4 c:/siliconlabs/simplicitystudio/v5_2/developer/toolchains/gnu_arm/12.2.rel1_2023.7/bin/../lib/gcc/arm-none-eabi/12.2.1/thumb/v6-m/nofp/crti.o
                0x00001490                _init
 .init          0x00001494        0x8 c:/siliconlabs/simplicitystudio/v5_2/developer/toolchains/gnu_arm/12.2.rel1_2023.7/bin/../lib/gcc/arm-none-eabi/12.2.1/thumb/v6-m/nofp/crtn.o
 *(.fini)
 .fini          0x0000149c        0x4 c:/siliconlabs/simplicitystudio/v5_2/developer/toolchains/gnu_arm/12.2.rel1_2023.7/bin/../lib/gcc/arm-none-eabi/12.2.1/thumb/v6-m/nofp/crti.o
                0x0000149c                _fini
 .fini          0x000014a0        0x8 c:/siliconlabs/simplicitystudio/v5_2/developer/toolchains/gnu_arm/12.2.rel1_2023.7/bin/../lib/gcc/arm-none-eabi/12.2.1/thumb/v6-m/nofp/crtn.o
 *crtbegin.o(.ctors)
 *crtbegin?.o(.ctors)
 *(EXCLUDE_FILE(*crtend.o *crtend?.o) .ctors)
 *(SORT_BY_NAME(.ctors.*))
 *(.ctors)
 *crtbegin.o(.dtors)
 *crtbegin?.o(.dtors)
 *(EXCLUDE_FILE(*crtend.o *crtend?.o) .dtors)
 *(SORT_BY_NAME(.dtors.*))
 *(.dtors)
 *(.rodata*)
 .rodata.CMU_ClockDivGet
                0x000014a8       0x28 ./emlib/em_cmu.o
 .rodata.CMU_ClockEnable
                0x000014d0       0x2c ./emlib/em_cmu.o
 .rodata.i2cNSum
                0x000014fc        0x4 ./emlib/em_i2c.o
 .rodata        0x00001500       0x10 ./src/main.o
 *(.eh_frame*)
 .eh_frame      0x00001510        0x0 c:/siliconlabs/simplicitystudio/v5_2/developer/toolchains/gnu_arm/12.2.rel1_2023.7/bin/../lib/gcc/arm-none-eabi/12.2.1/thumb/v6-m/nofp/crtbegin.o
 .eh_frame      0x00001510        0x4 c:/siliconlabs/simplicitystudio/v5_2/developer/toolchains/gnu_arm/12.2.rel1_2023.7/bin/../lib/gcc/arm-none-eabi/12.2.1/thumb/v6-m/nofp/crtend.o

.glue_7         0x00001514        0x0
 .glue_7        0x00001514        0x0 linker stubs

.glue_7t        0x00001514        0x0
 .glue_7t       0x00001514        0x0 linker stubs

.vfp11_veneer   0x00001514        0x0
 .vfp11_veneer  0x00001514        0x0 linker stubs

.v4_bx          0x00001514        0x0
 .v4_bx         0x00001514        0x0 linker stubs

.iplt           0x00001514        0x0
 .iplt          0x00001514        0x0 c:/siliconlabs/simplicitystudio/v5_2/developer/toolchains/gnu_arm/12.2.rel1_2023.7/bin/../lib/gcc/arm-none-eabi/12.2.1/thumb/v6-m/nofp/crtbegin.o

.ARM.extab
 *(.ARM.extab* .gnu.linkonce.armextab.*)
                0x00001514                __exidx_start = .

.ARM.exidx      0x00001514        0x8
 *(.ARM.exidx* .gnu.linkonce.armexidx.*)
 .ARM.exidx     0x00001514        0x8 c:/siliconlabs/simplicitystudio/v5_2/developer/toolchains/gnu_arm/12.2.rel1_2023.7/bin/../lib/gcc/arm-none-eabi/12.2.1/thumb/v6-m/nofp/crt0.o
                                 0x10 (size before relaxing)
                0x0000151c                __exidx_end = .
                0x0000151c                __etext = .

.rel.dyn        0x0000151c        0x0
 .rel.iplt      0x0000151c        0x0 c:/siliconlabs/simplicitystudio/v5_2/developer/toolchains/gnu_arm/12.2.rel1_2023.7/bin/../lib/gcc/arm-none-eabi/12.2.1/thumb/v6-m/nofp/crtbegin.o

.data           0x20000000       0x20 load address 0x0000151c
                0x20000000                __data_start__ = .
 *(vtable)
 *(.data*)
 .data.SystemHFXOClock
                0x20000000        0x4 ./CMSIS/EFM32ZG/system_efm32zg.o
 .data.SystemLFXOClock
                0x20000004        0x4 ./CMSIS/EFM32ZG/system_efm32zg.o
 .data.SystemCoreClock
                0x20000008        0x4 ./CMSIS/EFM32ZG/system_efm32zg.o
                0x20000008                SystemCoreClock
 .data.txBuffer
                0x2000000c        0xa ./src/main.o
                0x2000000c                txBuffer
                0x20000018                . = ALIGN (0x4)
 *fill*         0x20000016        0x2 
                [!provide]                PROVIDE (__ram_func_section_start = .)
 *(.ram)
                [!provide]                PROVIDE (__ram_func_section_end = .)
                0x20000018                . = ALIGN (0x4)
                0x20000018                PROVIDE (__preinit_array_start = .)
 *(.preinit_array)
                0x20000018                PROVIDE (__preinit_array_end = .)
                0x20000018                . = ALIGN (0x4)
                0x20000018                PROVIDE (__init_array_start = .)
 *(SORT_BY_NAME(.init_array.*))
 *(.init_array)
 .init_array    0x20000018        0x4 c:/siliconlabs/simplicitystudio/v5_2/developer/toolchains/gnu_arm/12.2.rel1_2023.7/bin/../lib/gcc/arm-none-eabi/12.2.1/thumb/v6-m/nofp/crtbegin.o
                0x2000001c                PROVIDE (__init_array_end = .)
                0x2000001c                . = ALIGN (0x4)
                [!provide]                PROVIDE (__fini_array_start = .)
 *(SORT_BY_NAME(.fini_array.*))
 *(.fini_array)
 .fini_array    0x2000001c        0x4 c:/siliconlabs/simplicitystudio/v5_2/developer/toolchains/gnu_arm/12.2.rel1_2023.7/bin/../lib/gcc/arm-none-eabi/12.2.1/thumb/v6-m/nofp/crtbegin.o
                [!provide]                PROVIDE (__fini_array_end = .)
 *(.jcr*)
                0x20000020                . = ALIGN (0x4)
                0x20000020                __data_end__ = .

.tm_clone_table
                0x20000020        0x0 load address 0x0000153c
 .tm_clone_table
                0x20000020        0x0 c:/siliconlabs/simplicitystudio/v5_2/developer/toolchains/gnu_arm/12.2.rel1_2023.7/bin/../lib/gcc/arm-none-eabi/12.2.1/thumb/v6-m/nofp/crtbegin.o
 .tm_clone_table
                0x20000020        0x0 c:/siliconlabs/simplicitystudio/v5_2/developer/toolchains/gnu_arm/12.2.rel1_2023.7/bin/../lib/gcc/arm-none-eabi/12.2.1/thumb/v6-m/nofp/crtend.o

.igot.plt       0x20000020        0x0 load address 0x0000153c
 .igot.plt      0x20000020        0x0 c:/siliconlabs/simplicitystudio/v5_2/developer/toolchains/gnu_arm/12.2.rel1_2023.7/bin/../lib/gcc/arm-none-eabi/12.2.1/thumb/v6-m/nofp/crtbegin.o

.bss            0x20000020       0x30 load address 0x0000153c
                0x20000020                . = ALIGN (0x4)
                0x20000020                __bss_start__ = .
 *(.bss*)
 .bss.completed.1
                0x20000020        0x1 c:/siliconlabs/simplicitystudio/v5_2/developer/toolchains/gnu_arm/12.2.rel1_2023.7/bin/../lib/gcc/arm-none-eabi/12.2.1/thumb/v6-m/nofp/crtbegin.o
 *fill*         0x20000021        0x3 
 .bss.object.0  0x20000024       0x18 c:/siliconlabs/simplicitystudio/v5_2/developer/toolchains/gnu_arm/12.2.rel1_2023.7/bin/../lib/gcc/arm-none-eabi/12.2.1/thumb/v6-m/nofp/crtbegin.o
 .bss.rxBuffer  0x2000003c        0xa ./src/main.o
                0x2000003c                rxBuffer
 .bss.rxBufferIndex
                0x20000046        0x1 ./src/main.o
                0x20000046                rxBufferIndex
 .bss.txBufferIndex
                0x20000047        0x1 ./src/main.o
                0x20000047                txBufferIndex
 .bss.firstByte
                0x20000048        0x1 ./src/main.o
                0x20000048                firstByte
 *fill*         0x20000049        0x3 
 .bss.__stdio_exit_handler
                0x2000004c        0x4 c:/siliconlabs/simplicitystudio/v5_2/developer/toolchains/gnu_arm/12.2.rel1_2023.7/bin/../lib/gcc/arm-none-eabi/12.2.1/thumb/v6-m/nofp\libc_nano.a(libc_a-findfp.o)
                0x2000004c                __stdio_exit_handler
 *(COMMON)
                0x20000050                . = ALIGN (0x4)
                0x20000050                __bss_end__ = .

.heap           0x20000050        0x0
                0x20000050                __HeapBase = .
                0x20000050                __end__ = .
                0x20000050                end = __end__
                0x20000050                _end = __end__
 *(.heap*)
 .heap          0x20000050        0x0 ./CMSIS/EFM32ZG/startup_efm32zg.o
                0x20000050                __HeapLimit = .

.stack_dummy    0x20000050      0x400
 *(.stack*)
 .stack         0x20000050      0x400 ./CMSIS/EFM32ZG/startup_efm32zg.o
                0x20001000                __StackTop = (ORIGIN (RAM) + LENGTH (RAM))
                0x20000c00                __StackLimit = (__StackTop - SIZEOF (.stack_dummy))
                0x20001000                PROVIDE (__stack = __StackTop)
                0x00000001                ASSERT ((__StackLimit >= __HeapLimit), region RAM overflowed with stack)
                0x00000001                ASSERT ((LENGTH (FLASH) >= (__etext + SIZEOF (.data))), FLASH memory overflowed !)
OUTPUT(EFM32_ZG_I2C_SLAVE_INTERRUPT.axf elf32-littlearm)
LOAD linker stubs

.ARM.attributes
                0x00000000       0x28
 .ARM.attributes
                0x00000000       0x1e c:/siliconlabs/simplicitystudio/v5_2/developer/toolchains/gnu_arm/12.2.rel1_2023.7/bin/../lib/gcc/arm-none-eabi/12.2.1/thumb/v6-m/nofp/crti.o
 .ARM.attributes
                0x0000001e       0x2c c:/siliconlabs/simplicitystudio/v5_2/developer/toolchains/gnu_arm/12.2.rel1_2023.7/bin/../lib/gcc/arm-none-eabi/12.2.1/thumb/v6-m/nofp/crtbegin.o
 .ARM.attributes
                0x0000004a       0x1b c:/siliconlabs/simplicitystudio/v5_2/developer/toolchains/gnu_arm/12.2.rel1_2023.7/bin/../lib/gcc/arm-none-eabi/12.2.1/thumb/v6-m/nofp/crt0.o
 .ARM.attributes
                0x00000065       0x1b ./CMSIS/EFM32ZG/startup_efm32zg.o
 .ARM.attributes
                0x00000080       0x2c ./CMSIS/EFM32ZG/system_efm32zg.o
 .ARM.attributes
                0x000000ac       0x2c ./emlib/em_cmu.o
 .ARM.attributes
                0x000000d8       0x2c ./emlib/em_gpio.o
 .ARM.attributes
                0x00000104       0x2c ./emlib/em_i2c.o
 .ARM.attributes
                0x00000130       0x2c ./src/main.o
 .ARM.attributes
                0x0000015c       0x1e c:/siliconlabs/simplicitystudio/v5_2/developer/toolchains/gnu_arm/12.2.rel1_2023.7/bin/../lib/gcc/arm-none-eabi/12.2.1/thumb/v6-m/nofp\libgcc.a(_udivsi3.o)
 .ARM.attributes
                0x0000017a       0x1e c:/siliconlabs/simplicitystudio/v5_2/developer/toolchains/gnu_arm/12.2.rel1_2023.7/bin/../lib/gcc/arm-none-eabi/12.2.1/thumb/v6-m/nofp\libgcc.a(_dvmd_tls.o)
 .ARM.attributes
                0x00000198       0x2c c:/siliconlabs/simplicitystudio/v5_2/developer/toolchains/gnu_arm/12.2.rel1_2023.7/bin/../lib/gcc/arm-none-eabi/12.2.1/thumb/v6-m/nofp\libc_nano.a(libc_a-exit.o)
 .ARM.attributes
                0x000001c4       0x2c c:/siliconlabs/simplicitystudio/v5_2/developer/toolchains/gnu_arm/12.2.rel1_2023.7/bin/../lib/gcc/arm-none-eabi/12.2.1/thumb/v6-m/nofp\libc_nano.a(libc_a-findfp.o)
 .ARM.attributes
                0x000001f0       0x2c c:/siliconlabs/simplicitystudio/v5_2/developer/toolchains/gnu_arm/12.2.rel1_2023.7/bin/../lib/gcc/arm-none-eabi/12.2.1/thumb/v6-m/nofp\libc_nano.a(libc_a-memset.o)
 .ARM.attributes
                0x0000021c       0x2c c:/siliconlabs/simplicitystudio/v5_2/developer/toolchains/gnu_arm/12.2.rel1_2023.7/bin/../lib/gcc/arm-none-eabi/12.2.1/thumb/v6-m/nofp\libc_nano.a(libc_a-init.o)
 .ARM.attributes
                0x00000248       0x2c c:/siliconlabs/simplicitystudio/v5_2/developer/toolchains/gnu_arm/12.2.rel1_2023.7/bin/../lib/gcc/arm-none-eabi/12.2.1/thumb/v6-m/nofp\libnosys.a(_exit.o)
 .ARM.attributes
                0x00000274       0x2c c:/siliconlabs/simplicitystudio/v5_2/developer/toolchains/gnu_arm/12.2.rel1_2023.7/bin/../lib/gcc/arm-none-eabi/12.2.1/thumb/v6-m/nofp/crtend.o
 .ARM.attributes
                0x000002a0       0x1e c:/siliconlabs/simplicitystudio/v5_2/developer/toolchains/gnu_arm/12.2.rel1_2023.7/bin/../lib/gcc/arm-none-eabi/12.2.1/thumb/v6-m/nofp/crtn.o

.comment        0x00000000       0x45
 .comment       0x00000000       0x45 ./CMSIS/EFM32ZG/system_efm32zg.o
                                 0x46 (size before relaxing)
 .comment       0x00000045       0x46 ./emlib/em_cmu.o
 .comment       0x00000045       0x46 ./emlib/em_gpio.o
 .comment       0x00000045       0x46 ./emlib/em_i2c.o
 .comment       0x00000045       0x46 ./src/main.o

.debug_line_str
                0x00000000      0x1a8
 .debug_line_str
                0x00000000       0xdf c:/siliconlabs/simplicitystudio/v5_2/developer/toolchains/gnu_arm/12.2.rel1_2023.7/bin/../lib/gcc/arm-none-eabi/12.2.1/thumb/v6-m/nofp/crt0.o
 .debug_line_str
                0x000000df       0xc9 c:/siliconlabs/simplicitystudio/v5_2/developer/toolchains/gnu_arm/12.2.rel1_2023.7/bin/../lib/gcc/arm-none-eabi/12.2.1/thumb/v6-m/nofp\libgcc.a(_udivsi3.o)
 .debug_line_str
                0x000001a8       0xc9 c:/siliconlabs/simplicitystudio/v5_2/developer/toolchains/gnu_arm/12.2.rel1_2023.7/bin/../lib/gcc/arm-none-eabi/12.2.1/thumb/v6-m/nofp\libgcc.a(_dvmd_tls.o)

.debug_line     0x00000000     0x263e
 .debug_line    0x00000000       0xd7 ./CMSIS/EFM32ZG/startup_efm32zg.o
 .debug_line    0x000000d7      0x418 ./CMSIS/EFM32ZG/system_efm32zg.o
 .debug_line    0x000004ef      0xeda ./emlib/em_cmu.o
 .debug_line    0x000013c9      0x5c7 ./emlib/em_gpio.o
 .debug_line    0x00001990      0x7da ./emlib/em_i2c.o
 .debug_line    0x0000216a      0x4d4 ./src/main.o

.debug_info     0x00000000     0x35a7
 .debug_info    0x00000000      0x177 ./CMSIS/EFM32ZG/startup_efm32zg.o
 .debug_info    0x00000177      0x57b ./CMSIS/EFM32ZG/system_efm32zg.o
 .debug_info    0x000006f2     0x1358 ./emlib/em_cmu.o
 .debug_info    0x00001a4a      0x6cb ./emlib/em_gpio.o
 .debug_info    0x00002115      0x8f8 ./emlib/em_i2c.o
 .debug_info    0x00002a0d      0xb9a ./src/main.o

.debug_abbrev   0x00000000      0xba7
 .debug_abbrev  0x00000000       0x21 ./CMSIS/EFM32ZG/startup_efm32zg.o
 .debug_abbrev  0x00000021      0x203 ./CMSIS/EFM32ZG/system_efm32zg.o
 .debug_abbrev  0x00000224      0x2f3 ./emlib/em_cmu.o
 .debug_abbrev  0x00000517      0x1e2 ./emlib/em_gpio.o
 .debug_abbrev  0x000006f9      0x276 ./emlib/em_i2c.o
 .debug_abbrev  0x0000096f      0x238 ./src/main.o

.debug_aranges  0x00000000      0x338
 .debug_aranges
                0x00000000       0x20 ./CMSIS/EFM32ZG/startup_efm32zg.o
 .debug_aranges
                0x00000020       0x68 ./CMSIS/EFM32ZG/system_efm32zg.o
 .debug_aranges
                0x00000088      0x168 ./emlib/em_cmu.o
 .debug_aranges
                0x000001f0       0x78 ./emlib/em_gpio.o
 .debug_aranges
                0x00000268       0x70 ./emlib/em_i2c.o
 .debug_aranges
                0x000002d8       0x60 ./src/main.o

.debug_str      0x00000000     0x1a04
 .debug_str     0x00000000      0x281 ./CMSIS/EFM32ZG/startup_efm32zg.o
 .debug_str     0x00000281      0x3ee ./CMSIS/EFM32ZG/system_efm32zg.o
                                0x49f (size before relaxing)
 .debug_str     0x0000066f      0x9cb ./emlib/em_cmu.o
                                0xd58 (size before relaxing)
 .debug_str     0x0000103a      0x422 ./emlib/em_gpio.o
                                0x645 (size before relaxing)
 .debug_str     0x0000145c      0x3c4 ./emlib/em_i2c.o
                                0x782 (size before relaxing)
 .debug_str     0x00001820      0x1e4 ./src/main.o
                                0x961 (size before relaxing)

.debug_loc      0x00000000     0x11a0
 .debug_loc     0x00000000      0x1e8 ./CMSIS/EFM32ZG/system_efm32zg.o
 .debug_loc     0x000001e8      0x8d0 ./emlib/em_cmu.o
 .debug_loc     0x00000ab8      0x2a0 ./emlib/em_gpio.o
 .debug_loc     0x00000d58      0x268 ./emlib/em_i2c.o
 .debug_loc     0x00000fc0      0x1e0 ./src/main.o

.debug_ranges   0x00000000      0x2e0
 .debug_ranges  0x00000000       0x58 ./CMSIS/EFM32ZG/system_efm32zg.o
 .debug_ranges  0x00000058      0x158 ./emlib/em_cmu.o
 .debug_ranges  0x000001b0       0x68 ./emlib/em_gpio.o
 .debug_ranges  0x00000218       0x78 ./emlib/em_i2c.o
 .debug_ranges  0x00000290       0x50 ./src/main.o

.debug_frame    0x00000000      0xc84
 .debug_frame   0x00000000      0x138 ./CMSIS/EFM32ZG/system_efm32zg.o
 .debug_frame   0x00000138      0x538 ./emlib/em_cmu.o
 .debug_frame   0x00000670      0x190 ./emlib/em_gpio.o
 .debug_frame   0x00000800      0x170 ./emlib/em_i2c.o
 .debug_frame   0x00000970      0x128 ./src/main.o
 .debug_frame   0x00000a98       0x20 c:/siliconlabs/simplicitystudio/v5_2/developer/toolchains/gnu_arm/12.2.rel1_2023.7/bin/../lib/gcc/arm-none-eabi/12.2.1/thumb/v6-m/nofp\libgcc.a(_udivsi3.o)
 .debug_frame   0x00000ab8       0x28 c:/siliconlabs/simplicitystudio/v5_2/developer/toolchains/gnu_arm/12.2.rel1_2023.7/bin/../lib/gcc/arm-none-eabi/12.2.1/thumb/v6-m/nofp\libc_nano.a(libc_a-exit.o)
 .debug_frame   0x00000ae0      0x138 c:/siliconlabs/simplicitystudio/v5_2/developer/toolchains/gnu_arm/12.2.rel1_2023.7/bin/../lib/gcc/arm-none-eabi/12.2.1/thumb/v6-m/nofp\libc_nano.a(libc_a-findfp.o)
 .debug_frame   0x00000c18       0x20 c:/siliconlabs/simplicitystudio/v5_2/developer/toolchains/gnu_arm/12.2.rel1_2023.7/bin/../lib/gcc/arm-none-eabi/12.2.1/thumb/v6-m/nofp\libc_nano.a(libc_a-memset.o)
 .debug_frame   0x00000c38       0x2c c:/siliconlabs/simplicitystudio/v5_2/developer/toolchains/gnu_arm/12.2.rel1_2023.7/bin/../lib/gcc/arm-none-eabi/12.2.1/thumb/v6-m/nofp\libc_nano.a(libc_a-init.o)
 .debug_frame   0x00000c64       0x20 c:/siliconlabs/simplicitystudio/v5_2/developer/toolchains/gnu_arm/12.2.rel1_2023.7/bin/../lib/gcc/arm-none-eabi/12.2.1/thumb/v6-m/nofp\libnosys.a(_exit.o)
